Archive member included to satisfy reference by file (symbol)

/usr/lib/gcc/arm-none-eabi/4.9.3/../../../arm-none-eabi/lib/libc.a(lib_a-atexit.o)
                              /usr/lib/gcc/arm-none-eabi/4.9.3/../../../arm-none-eabi/lib/rdimon-crt0.o (atexit)
/usr/lib/gcc/arm-none-eabi/4.9.3/../../../arm-none-eabi/lib/libc.a(lib_a-exit.o)
                              /usr/lib/gcc/arm-none-eabi/4.9.3/../../../arm-none-eabi/lib/rdimon-crt0.o (exit)
/usr/lib/gcc/arm-none-eabi/4.9.3/../../../arm-none-eabi/lib/libc.a(lib_a-fini.o)
                              /usr/lib/gcc/arm-none-eabi/4.9.3/../../../arm-none-eabi/lib/rdimon-crt0.o (__libc_fini_array)
/usr/lib/gcc/arm-none-eabi/4.9.3/../../../arm-none-eabi/lib/libc.a(lib_a-impure.o)
                              /usr/lib/gcc/arm-none-eabi/4.9.3/../../../arm-none-eabi/lib/libc.a(lib_a-exit.o) (_global_impure_ptr)
/usr/lib/gcc/arm-none-eabi/4.9.3/../../../arm-none-eabi/lib/libc.a(lib_a-init.o)
                              /usr/lib/gcc/arm-none-eabi/4.9.3/../../../arm-none-eabi/lib/rdimon-crt0.o (__libc_init_array)
/usr/lib/gcc/arm-none-eabi/4.9.3/../../../arm-none-eabi/lib/libc.a(lib_a-memset.o)
                              /usr/lib/gcc/arm-none-eabi/4.9.3/../../../arm-none-eabi/lib/rdimon-crt0.o (memset)
/usr/lib/gcc/arm-none-eabi/4.9.3/../../../arm-none-eabi/lib/libc.a(lib_a-__atexit.o)
                              /usr/lib/gcc/arm-none-eabi/4.9.3/../../../arm-none-eabi/lib/libc.a(lib_a-atexit.o) (__register_exitproc)
/usr/lib/gcc/arm-none-eabi/4.9.3/../../../arm-none-eabi/lib/libc.a(lib_a-__call_atexit.o)
                              /usr/lib/gcc/arm-none-eabi/4.9.3/../../../arm-none-eabi/lib/libc.a(lib_a-exit.o) (__call_exitprocs)
/usr/lib/gcc/arm-none-eabi/4.9.3/../../../arm-none-eabi/lib/librdimon.a(rdimon-syscalls.o)
                              /usr/lib/gcc/arm-none-eabi/4.9.3/../../../arm-none-eabi/lib/rdimon-crt0.o (initialise_monitor_handles)
/usr/lib/gcc/arm-none-eabi/4.9.3/../../../arm-none-eabi/lib/librdimon.a(rdimon-_exit.o)
                              /usr/lib/gcc/arm-none-eabi/4.9.3/../../../arm-none-eabi/lib/libc.a(lib_a-exit.o) (_exit)
/usr/lib/gcc/arm-none-eabi/4.9.3/../../../arm-none-eabi/lib/librdimon.a(rdimon-_kill.o)
                              /usr/lib/gcc/arm-none-eabi/4.9.3/../../../arm-none-eabi/lib/librdimon.a(rdimon-_exit.o) (_kill)
/usr/lib/gcc/arm-none-eabi/4.9.3/../../../arm-none-eabi/lib/libc.a(lib_a-errno.o)
                              /usr/lib/gcc/arm-none-eabi/4.9.3/../../../arm-none-eabi/lib/librdimon.a(rdimon-syscalls.o) (__errno)
/usr/lib/gcc/arm-none-eabi/4.9.3/../../../arm-none-eabi/lib/libc.a(lib_a-findfp.o)
                              /usr/lib/gcc/arm-none-eabi/4.9.3/../../../arm-none-eabi/lib/librdimon.a(rdimon-syscalls.o) (__sinit)
/usr/lib/gcc/arm-none-eabi/4.9.3/../../../arm-none-eabi/lib/libc.a(lib_a-fwalk.o)
                              /usr/lib/gcc/arm-none-eabi/4.9.3/../../../arm-none-eabi/lib/libc.a(lib_a-findfp.o) (_fwalk)
/usr/lib/gcc/arm-none-eabi/4.9.3/../../../arm-none-eabi/lib/libc.a(lib_a-mallocr.o)
                              /usr/lib/gcc/arm-none-eabi/4.9.3/../../../arm-none-eabi/lib/libc.a(lib_a-findfp.o) (_malloc_r)
/usr/lib/gcc/arm-none-eabi/4.9.3/../../../arm-none-eabi/lib/libc.a(lib_a-mlock.o)
                              /usr/lib/gcc/arm-none-eabi/4.9.3/../../../arm-none-eabi/lib/libc.a(lib_a-mallocr.o) (__malloc_lock)
/usr/lib/gcc/arm-none-eabi/4.9.3/../../../arm-none-eabi/lib/libc.a(lib_a-sbrkr.o)
                              /usr/lib/gcc/arm-none-eabi/4.9.3/../../../arm-none-eabi/lib/libc.a(lib_a-mallocr.o) (_sbrk_r)
/usr/lib/gcc/arm-none-eabi/4.9.3/../../../arm-none-eabi/lib/libc.a(lib_a-stdio.o)
                              /usr/lib/gcc/arm-none-eabi/4.9.3/../../../arm-none-eabi/lib/libc.a(lib_a-findfp.o) (__sread)
/usr/lib/gcc/arm-none-eabi/4.9.3/../../../arm-none-eabi/lib/libc.a(lib_a-strlen.o)
                              /usr/lib/gcc/arm-none-eabi/4.9.3/../../../arm-none-eabi/lib/librdimon.a(rdimon-syscalls.o) (strlen)
/usr/lib/gcc/arm-none-eabi/4.9.3/../../../arm-none-eabi/lib/libc.a(lib_a-writer.o)
                              /usr/lib/gcc/arm-none-eabi/4.9.3/../../../arm-none-eabi/lib/libc.a(lib_a-stdio.o) (_write_r)
/usr/lib/gcc/arm-none-eabi/4.9.3/../../../arm-none-eabi/lib/libc.a(lib_a-closer.o)
                              /usr/lib/gcc/arm-none-eabi/4.9.3/../../../arm-none-eabi/lib/libc.a(lib_a-stdio.o) (_close_r)
/usr/lib/gcc/arm-none-eabi/4.9.3/../../../arm-none-eabi/lib/libc.a(lib_a-fclose.o)
                              /usr/lib/gcc/arm-none-eabi/4.9.3/../../../arm-none-eabi/lib/libc.a(lib_a-findfp.o) (_fclose_r)
/usr/lib/gcc/arm-none-eabi/4.9.3/../../../arm-none-eabi/lib/libc.a(lib_a-fflush.o)
                              /usr/lib/gcc/arm-none-eabi/4.9.3/../../../arm-none-eabi/lib/libc.a(lib_a-fclose.o) (__sflush_r)
/usr/lib/gcc/arm-none-eabi/4.9.3/../../../arm-none-eabi/lib/libc.a(lib_a-freer.o)
[...]
Memory Configuration

Name             Origin             Length             Attributes
*default*        0x0000000000000000 0xffffffffffffffff

Linker script and memory map

LOAD /usr/lib/gcc/arm-none-eabi/4.9.3/crti.o
LOAD /usr/lib/gcc/arm-none-eabi/4.9.3/crtbegin.o
LOAD /usr/lib/gcc/arm-none-eabi/4.9.3/../../../arm-none-eabi/lib/rdimon-crt0.o
LOAD /tmp/ccfcHmky.o
LOAD /tmp/ccg9mqYi.ltrans0.ltrans.o
START GROUP
LOAD /usr/lib/gcc/arm-none-eabi/4.9.3/libgcc.a
LOAD /usr/lib/gcc/arm-none-eabi/4.9.3/../../../arm-none-eabi/lib/libc.a
END GROUP
START GROUP
LOAD /usr/lib/gcc/arm-none-eabi/4.9.3/libgcc.a
LOAD /usr/lib/gcc/arm-none-eabi/4.9.3/../../../arm-none-eabi/lib/libc.a
LOAD /usr/lib/gcc/arm-none-eabi/4.9.3/../../../arm-none-eabi/lib/librdimon.a
END GROUP
LOAD /usr/lib/gcc/arm-none-eabi/4.9.3/crtend.o
LOAD /usr/lib/gcc/arm-none-eabi/4.9.3/crtn.o
                [!provide]                        PROVIDE (__executable_start, 0x8000)
                0x0000000000008000                . = 0x8000

.interp
 *(.interp)

.note.gnu.build-id
 *(.note.gnu.build-id)

.hash
 *(.hash)

.gnu.hash
 *(.gnu.hash)

.dynsym
 *(.dynsym)

.dynstr
 *(.dynstr)

.gnu.version
 *(.gnu.version)

.gnu.version_d
 *(.gnu.version_d)

.gnu.version_r
 *(.gnu.version_r)

.rel.dyn        0x0000000000008000        0x0
 *(.rel.init)
 *(.rel.text .rel.text.* .rel.gnu.linkonce.t.*)
 *(.rel.fini)
 *(.rel.rodata .rel.rodata.* .rel.gnu.linkonce.r.*)
 *(.rel.data.rel.ro .rel.data.rel.ro.* .rel.gnu.linkonce.d.rel.ro.*)
 *(.rel.data .rel.data.* .rel.gnu.linkonce.d.*)
 *(.rel.tdata .rel.tdata.* .rel.gnu.linkonce.td.*)
 *(.rel.tbss .rel.tbss.* .rel.gnu.linkonce.tb.*)
 *(.rel.ctors)
 *(.rel.dtors)
 *(.rel.got)
 *(.rel.bss .rel.bss.* .rel.gnu.linkonce.b.*)
                [!provide]                        PROVIDE (__rel_iplt_start, .)
 *(.rel.iplt)
 .rel.iplt      0x0000000000008000        0x0 /usr/lib/gcc/arm-none-eabi/4.9.3/crtbegin.o
                [!provide]                        PROVIDE (__rel_iplt_end, .)

.rela.dyn       0x0000000000008000        0x0
 *(.rela.init)
 *(.rela.text .rela.text.* .rela.gnu.linkonce.t.*)
 *(.rela.fini)
 *(.rela.rodata .rela.rodata.* .rela.gnu.linkonce.r.*)
 *(.rela.data .rela.data.* .rela.gnu.linkonce.d.*)
 *(.rela.tdata .rela.tdata.* .rela.gnu.linkonce.td.*)
 *(.rela.tbss .rela.tbss.* .rela.gnu.linkonce.tb.*)
 *(.rela.ctors)
 *(.rela.dtors)
 *(.rela.got)
 *(.rela.bss .rela.bss.* .rela.gnu.linkonce.b.*)
                [!provide]                        PROVIDE (__rela_iplt_start, .)
 *(.rela.iplt)
                [!provide]                        PROVIDE (__rela_iplt_end, .)

.rel.plt
 *(.rel.plt)

.rela.plt
 *(.rela.plt)

.init           0x0000000000008000       0x18
 *(SORT(.init))
 .init          0x0000000000008000        0xc /usr/lib/gcc/arm-none-eabi/4.9.3/crti.o
                0x0000000000008000                _init
 .init          0x000000000000800c        0xc /usr/lib/gcc/arm-none-eabi/4.9.3/crtn.o

.plt
 *(.plt)

.iplt           0x0000000000008018        0x0
 *(.iplt)
 .iplt          0x0000000000008018        0x0 /usr/lib/gcc/arm-none-eabi/4.9.3/crtbegin.o

.text           0x0000000000008018     0x8ba4
 *(.text.unlikely .text.*_unlikely .text.unlikely.*)
 *(.text.exit .text.exit.*)
 .text.exit     0x0000000000008018       0x34 /usr/lib/gcc/arm-none-eabi/4.9.3/../../../arm-none-eabi/lib/libc.a(lib_a-exit.o)
                0x0000000000008018                exit
 *(.text.startup .text.startup.*)
 .text.startup.main
                0x000000000000804c       0x18 /tmp/ccg9mqYi.ltrans0.ltrans.o
                0x000000000000804c                main
 .text.startup.register_fini
                0x0000000000008064       0x24 /usr/lib/gcc/arm-none-eabi/4.9.3/../../../arm-none-eabi/lib/libc.a(lib_a-__call_atexit.o)
 *(.text.hot .text.hot.*)
 *(.text .stub .text.* .gnu.linkonce.t.*)
 .text          0x0000000000008088      0x108 /usr/lib/gcc/arm-none-eabi/4.9.3/crtbegin.o
 .text          0x0000000000008190      0x148 /usr/lib/gcc/arm-none-eabi/4.9.3/../../../arm-none-eabi/lib/rdimon-crt0.o
                0x0000000000008190                _mainCRTStartup
                0x0000000000008190                _start
 .text.atexit   0x00000000000082d8       0x20 /usr/lib/gcc/arm-none-eabi/4.9.3/../../../arm-none-eabi/lib/libc.a(lib_a-atexit.o)
                0x00000000000082d8                atexit
 .text.__libc_fini_array
                0x00000000000082f8       0x48 /usr/lib/gcc/arm-none-eabi/4.9.3/../../../arm-none-eabi/lib/libc.a(lib_a-fini.o)
                0x00000000000082f8                __libc_fini_array
 .text.__libc_init_array
                0x0000000000008340       0x80 /usr/lib/gcc/arm-none-eabi/4.9.3/../../../arm-none-eabi/lib/libc.a(lib_a-init.o)
                0x0000000000008340                __libc_init_array
 .text.memset   0x00000000000083c0       0xf4 /usr/lib/gcc/arm-none-eabi/4.9.3/../../../arm-none-eabi/lib/libc.a(lib_a-memset.o)
                0x00000000000083c0                memset
 .text.__register_exitproc
                0x00000000000084b4       0xe0 /usr/lib/gcc/arm-none-eabi/4.9.3/../../../arm-none-eabi/lib/libc.a(lib_a-__atexit.o)
                0x00000000000084b4                __register_exitproc
 .text.__call_exitprocs
                0x0000000000008594      0x16c /usr/lib/gcc/arm-none-eabi/4.9.3/../../../arm-none-eabi/lib/libc.a(lib_a-__call_atexit.o)
                0x0000000000008594                __call_exitprocs
 .text.findslot
                0x0000000000008700       0x6c /usr/lib/gcc/arm-none-eabi/4.9.3/../../../arm-none-eabi/lib/librdimon.a(rdimon-syscalls.o)
 .text.checkerror.part.0
                0x000000000000876c       0x34 /usr/lib/gcc/arm-none-eabi/4.9.3/../../../arm-none-eabi/lib/librdimon.a(rdimon-syscalls.o)
 .text.initialise_monitor_handles
                0x00000000000087a0      0x100 /usr/lib/gcc/arm-none-eabi/4.9.3/../../../arm-none-eabi/lib/librdimon.a(rdimon-syscalls.o)
                0x00000000000087a0                initialise_monitor_handles
 .text._swiread
                0x00000000000088a0       0x4c /usr/lib/gcc/arm-none-eabi/4.9.3/../../../arm-none-eabi/lib/librdimon.a(rdimon-syscalls.o)
                0x00000000000088a0                _swiread
 .text._read    0x00000000000088ec       0x60 /usr/lib/gcc/arm-none-eabi/4.9.3/../../../arm-none-eabi/lib/librdimon.a(rdimon-syscalls.o)
                0x00000000000088ec                _read
 .text._swilseek
                0x000000000000894c      0x104 /usr/lib/gcc/arm-none-eabi/4.9.3/../../../arm-none-eabi/lib/librdimon.a(rdimon-syscalls.o)
                0x000000000000894c                _swilseek
 .text._lseek   0x0000000000008a50        0x4 /usr/lib/gcc/arm-none-eabi/4.9.3/../../../arm-none-eabi/lib/librdimon.a(rdimon-syscalls.o)
                0x0000000000008a50                _lseek
 .text._swiwrite
                0x0000000000008a54       0x4c /usr/lib/gcc/arm-none-eabi/4.9.3/../../../arm-none-eabi/lib/librdimon.a(rdimon-syscalls.o)
                0x0000000000008a54                _swiwrite
 .text._write   0x0000000000008aa0       0xa4 /usr/lib/gcc/arm-none-eabi/4.9.3/../../../arm-none-eabi/lib/librdimon.a(rdimon-syscalls.o)
                0x0000000000008aa0                _write
 .text._close   0x0000000000008b44       0xb4 /usr/lib/gcc/arm-none-eabi/4.9.3/../../../arm-none-eabi/lib/librdimon.a(rdimon-syscalls.o)
                0x0000000000008b44                _close
 .text._sbrk    0x0000000000008bf8       0x84 /usr/lib/gcc/arm-none-eabi/4.9.3/../../../arm-none-eabi/lib/librdimon.a(rdimon-syscalls.o)
                0x0000000000008bf8                _sbrk
 .text._swistat
                0x0000000000008c7c       0x84 /usr/lib/gcc/arm-none-eabi/4.9.3/../../../arm-none-eabi/lib/librdimon.a(rdimon-syscalls.o)
                0x0000000000008c7c                _swistat
 .text._fstat   0x0000000000008d00       0x2c /usr/lib/gcc/arm-none-eabi/4.9.3/../../../arm-none-eabi/lib/librdimon.a(rdimon-syscalls.o)
                0x0000000000008d00                _fstat
 .text._isatty  0x0000000000008d2c       0x6c /usr/lib/gcc/arm-none-eabi/4.9.3/../../../arm-none-eabi/lib/librdimon.a(rdimon-syscalls.o)
                0x0000000000008d2c                _isatty
 .text._exit    0x0000000000008d98       0x14 /usr/lib/gcc/arm-none-eabi/4.9.3/../../../arm-none-eabi/lib/librdimon.a(rdimon-_exit.o)
                0x0000000000008d98                _exit
 .text._kill    0x0000000000008dac       0x38 /usr/lib/gcc/arm-none-eabi/4.9.3/../../../arm-none-eabi/lib/librdimon.a(rdimon-_kill.o)
                0x0000000000008dac                _kill
 .text.__errno  0x0000000000008de4       0x10 /usr/lib/gcc/arm-none-eabi/4.9.3/../../../arm-none-eabi/lib/libc.a(lib_a-errno.o)
                0x0000000000008de4                __errno
 .text._cleanup_r
                0x0000000000008df4       0x18 /usr/lib/gcc/arm-none-eabi/4.9.3/../../../arm-none-eabi/lib/libc.a(lib_a-findfp.o)
                0x0000000000008df4                _cleanup_r
 .text.__sinit.part.1
                0x0000000000008e0c      0x160 /usr/lib/gcc/arm-none-eabi/4.9.3/../../../arm-none-eabi/lib/libc.a(lib_a-findfp.o)
 .text.__sinit  0x0000000000008f6c       0x10 /usr/lib/gcc/arm-none-eabi/4.9.3/../../../arm-none-eabi/lib/libc.a(lib_a-findfp.o)
                0x0000000000008f6c                __sinit
 .text.__sfp_lock_acquire
                0x0000000000008f7c        0x4 /usr/lib/gcc/arm-none-eabi/4.9.3/../../../arm-none-eabi/lib/libc.a(lib_a-findfp.o)
                0x0000000000008f7c                __sfp_lock_acquire
 .text.__sfp_lock_release
                0x0000000000008f80        0x4 /usr/lib/gcc/arm-none-eabi/4.9.3/../../../arm-none-eabi/lib/libc.a(lib_a-findfp.o)
                0x0000000000008f80                __sfp_lock_release
 .text._fwalk_reent
                0x0000000000008f84       0x8c /usr/lib/gcc/arm-none-eabi/4.9.3/../../../arm-none-eabi/lib/libc.a(lib_a-fwalk.o)
                0x0000000000008f84                _fwalk_reent
 .text._malloc_r
                0x0000000000009010      0x750 /usr/lib/gcc/arm-none-eabi/4.9.3/../../../arm-none-eabi/lib/libc.a(lib_a-mallocr.o)
                0x0000000000009010                _malloc_r
 .text.__malloc_lock
                0x0000000000009760        0x4 /usr/lib/gcc/arm-none-eabi/4.9.3/../../../arm-none-eabi/lib/libc.a(lib_a-mlock.o)
                0x0000000000009760                __malloc_lock
 .text.__malloc_unlock
                0x0000000000009764        0x4 /usr/lib/gcc/arm-none-eabi/4.9.3/../../../arm-none-eabi/lib/libc.a(lib_a-mlock.o)
                0x0000000000009764                __malloc_unlock
 .text._sbrk_r  0x0000000000009768       0x44 /usr/lib/gcc/arm-none-eabi/4.9.3/../../../arm-none-eabi/lib/libc.a(lib_a-sbrkr.o)
                0x0000000000009768                _sbrk_r
 .text.__sread  0x00000000000097ac       0x34 /usr/lib/gcc/arm-none-eabi/4.9.3/../../../arm-none-eabi/lib/libc.a(lib_a-stdio.o)
                0x00000000000097ac                __sread
 .text.__swrite
                0x00000000000097e0       0x58 /usr/lib/gcc/arm-none-eabi/4.9.3/../../../arm-none-eabi/lib/libc.a(lib_a-stdio.o)
                0x00000000000097e0                __swrite
 .text.__sseek  0x0000000000009838       0x30 /usr/lib/gcc/arm-none-eabi/4.9.3/../../../arm-none-eabi/lib/libc.a(lib_a-stdio.o)
                0x0000000000009838                __sseek
 .text.__sclose
                0x0000000000009868       0x14 /usr/lib/gcc/arm-none-eabi/4.9.3/../../../arm-none-eabi/lib/libc.a(lib_a-stdio.o)
                0x0000000000009868                __sclose
 .text.strlen   0x000000000000987c       0x60 /usr/lib/gcc/arm-none-eabi/4.9.3/../../../arm-none-eabi/lib/libc.a(lib_a-strlen.o)
                0x000000000000987c                strlen
 .text._write_r
                0x00000000000098dc       0x44 /usr/lib/gcc/arm-none-eabi/4.9.3/../../../arm-none-eabi/lib/libc.a(lib_a-writer.o)
                0x00000000000098dc                _write_r
 .text._close_r
                0x0000000000009920       0x3c /usr/lib/gcc/arm-none-eabi/4.9.3/../../../arm-none-eabi/lib/libc.a(lib_a-closer.o)
                0x0000000000009920                _close_r
 .text._fclose_r
                0x000000000000995c       0xfc /usr/lib/gcc/arm-none-eabi/4.9.3/../../../arm-none-eabi/lib/libc.a(lib_a-fclose.o)
                0x000000000000995c                _fclose_r
 .text.__sflush_r
                0x0000000000009a58      0x240 /usr/lib/gcc/arm-none-eabi/4.9.3/../../../arm-none-eabi/lib/libc.a(lib_a-fflush.o)
                0x0000000000009a58                __sflush_r
 .text._fflush_r
                0x0000000000009c98       0x54 /usr/lib/gcc/arm-none-eabi/4.9.3/../../../arm-none-eabi/lib/libc.a(lib_a-fflush.o)
                0x0000000000009c98                _fflush_r
 .text._malloc_trim_r
                0x0000000000009cec      0x100 /usr/lib/gcc/arm-none-eabi/4.9.3/../../../arm-none-eabi/lib/libc.a(lib_a-freer.o)
                0x0000000000009cec                _malloc_trim_r
 .text._free_r  0x0000000000009dec      0x2bc /usr/lib/gcc/arm-none-eabi/4.9.3/../../../arm-none-eabi/lib/libc.a(lib_a-freer.o)
                0x0000000000009dec                _free_r
 .text._lseek_r
                0x000000000000a0a8       0x44 /usr/lib/gcc/arm-none-eabi/4.9.3/../../../arm-none-eabi/lib/libc.a(lib_a-lseekr.o)
                0x000000000000a0a8                _lseek_r
 .text._read_r  0x000000000000a0ec       0x44 /usr/lib/gcc/arm-none-eabi/4.9.3/../../../arm-none-eabi/lib/libc.a(lib_a-readr.o)
                0x000000000000a0ec                _read_r
 .text.printf   0x000000000000a130       0x40 /usr/lib/gcc/arm-none-eabi/4.9.3/../../../arm-none-eabi/lib/libc.a(lib_a-printf.o)
                0x000000000000a130                printf
 .text.putchar  0x000000000000a170       0x24 /usr/lib/gcc/arm-none-eabi/4.9.3/../../../arm-none-eabi/lib/libc.a(lib_a-putchar.o)
                0x000000000000a170                putchar
 .text._vfprintf_r
                0x000000000000a194     0x2088 /usr/lib/gcc/arm-none-eabi/4.9.3/../../../arm-none-eabi/lib/libc.a(lib_a-vfprintf.o)
                0x000000000000a194                _vfprintf_r
 .text.__sbprintf
                0x000000000000c21c       0xac /usr/lib/gcc/arm-none-eabi/4.9.3/../../../arm-none-eabi/lib/libc.a(lib_a-vfprintf.o)
 .text.__swsetup_r
                0x000000000000c2c8      0x15c /usr/lib/gcc/arm-none-eabi/4.9.3/../../../arm-none-eabi/lib/libc.a(lib_a-wsetup.o)
                0x000000000000c2c8                __swsetup_r
 .text.quorem   0x000000000000c424      0x1d8 /usr/lib/gcc/arm-none-eabi/4.9.3/../../../arm-none-eabi/lib/libc.a(lib_a-dtoa.o)
 *fill*         0x000000000000c5fc        0x4 
 .text._dtoa_r  0x000000000000c600     0x16a0 /usr/lib/gcc/arm-none-eabi/4.9.3/../../../arm-none-eabi/lib/libc.a(lib_a-dtoa.o)
                0x000000000000c600                _dtoa_r
 .text.__locale_charset
                0x000000000000dca0        0xc /usr/lib/gcc/arm-none-eabi/4.9.3/../../../arm-none-eabi/lib/libc.a(lib_a-locale.o)
                0x000000000000dca0                __locale_charset
 .text.__locale_mb_cur_max
                0x000000000000dcac       0x10 /usr/lib/gcc/arm-none-eabi/4.9.3/../../../arm-none-eabi/lib/libc.a(lib_a-locale.o)
                0x000000000000dcac                __locale_mb_cur_max
 .text._localeconv_r
                0x000000000000dcbc        0xc /usr/lib/gcc/arm-none-eabi/4.9.3/../../../arm-none-eabi/lib/libc.a(lib_a-locale.o)
                0x000000000000dcbc                _localeconv_r
 .text.__smakebuf_r
                0x000000000000dcc8      0x168 /usr/lib/gcc/arm-none-eabi/4.9.3/../../../arm-none-eabi/lib/libc.a(lib_a-makebuf.o)
                0x000000000000dcc8                __smakebuf_r
 .text.memchr   0x000000000000de30      0x118 /usr/lib/gcc/arm-none-eabi/4.9.3/../../../arm-none-eabi/lib/libc.a(lib_a-memchr.o)
                0x000000000000de30                memchr
 .text.memcpy   0x000000000000df48       0xf0 /usr/lib/gcc/arm-none-eabi/4.9.3/../../../arm-none-eabi/lib/libc.a(lib_a-memcpy.o)
                0x000000000000df48                memcpy
 .text._Balloc  0x000000000000e038       0x90 /usr/lib/gcc/arm-none-eabi/4.9.3/../../../arm-none-eabi/lib/libc.a(lib_a-mprec.o)
                0x000000000000e038                _Balloc
 .text._Bfree   0x000000000000e0c8       0x1c /usr/lib/gcc/arm-none-eabi/4.9.3/../../../arm-none-eabi/lib/libc.a(lib_a-mprec.o)
                0x000000000000e0c8                _Bfree
 .text.__multadd
                0x000000000000e0e4       0xdc /usr/lib/gcc/arm-none-eabi/4.9.3/../../../arm-none-eabi/lib/libc.a(lib_a-mprec.o)
                0x000000000000e0e4                __multadd
 .text.__hi0bits
                0x000000000000e1c0       0x5c /usr/lib/gcc/arm-none-eabi/4.9.3/../../../arm-none-eabi/lib/libc.a(lib_a-mprec.o)
                0x000000000000e1c0                __hi0bits
 .text.__lo0bits
                0x000000000000e21c       0x94 /usr/lib/gcc/arm-none-eabi/4.9.3/../../../arm-none-eabi/lib/libc.a(lib_a-mprec.o)
                0x000000000000e21c                __lo0bits
 .text.__i2b    0x000000000000e2b0       0x24 /usr/lib/gcc/arm-none-eabi/4.9.3/../../../arm-none-eabi/lib/libc.a(lib_a-mprec.o)
                0x000000000000e2b0                __i2b
 .text.__multiply
                0x000000000000e2d4      0x1f0 /usr/lib/gcc/arm-none-eabi/4.9.3/../../../arm-none-eabi/lib/libc.a(lib_a-mprec.o)
                0x000000000000e2d4                __multiply
 .text.__pow5mult
                0x000000000000e4c4      0x104 /usr/lib/gcc/arm-none-eabi/4.9.3/../../../arm-none-eabi/lib/libc.a(lib_a-mprec.o)
                0x000000000000e4c4                __pow5mult
 .text.__lshift
                0x000000000000e5c8       0xf8 /usr/lib/gcc/arm-none-eabi/4.9.3/../../../arm-none-eabi/lib/libc.a(lib_a-mprec.o)
                0x000000000000e5c8                __lshift
 .text.__mcmp   0x000000000000e6c0       0x64 /usr/lib/gcc/arm-none-eabi/4.9.3/../../../arm-none-eabi/lib/libc.a(lib_a-mprec.o)
                0x000000000000e6c0                __mcmp
 .text.__mdiff  0x000000000000e724      0x154 /usr/lib/gcc/arm-none-eabi/4.9.3/../../../arm-none-eabi/lib/libc.a(lib_a-mprec.o)
                0x000000000000e724                __mdiff
 .text.__d2b    0x000000000000e878      0x10c /usr/lib/gcc/arm-none-eabi/4.9.3/../../../arm-none-eabi/lib/libc.a(lib_a-mprec.o)
                0x000000000000e878                __d2b
 .text._putc_r  0x000000000000e984       0xa4 /usr/lib/gcc/arm-none-eabi/4.9.3/../../../arm-none-eabi/lib/libc.a(lib_a-putc.o)
                0x000000000000e984                _putc_r
 .text.__fpclassifyd
                0x000000000000ea28       0x6c /usr/lib/gcc/arm-none-eabi/4.9.3/../../../arm-none-eabi/lib/libc.a(lib_a-s_fpclassify.o)
                0x000000000000ea28                __fpclassifyd
 .text.__sprint_r.part.0
                0x000000000000ea94       0xac /usr/lib/gcc/arm-none-eabi/4.9.3/../../../arm-none-eabi/lib/libc.a(lib_a-vfiprintf.o)
 .text.__sprint_r
                0x000000000000eb40       0x18 /usr/lib/gcc/arm-none-eabi/4.9.3/../../../arm-none-eabi/lib/libc.a(lib_a-vfiprintf.o)
                0x000000000000eb40                __sprint_r
 .text.__swbuf_r
                0x000000000000eb58      0x128 /usr/lib/gcc/arm-none-eabi/4.9.3/../../../arm-none-eabi/lib/libc.a(lib_a-wbuf.o)
                0x000000000000eb58                __swbuf_r
 .text._calloc_r
                0x000000000000ec80       0x9c /usr/lib/gcc/arm-none-eabi/4.9.3/../../../arm-none-eabi/lib/libc.a(lib_a-callocr.o)
                0x000000000000ec80                _calloc_r
 .text.__fputwc
                0x000000000000ed1c      0x12c /usr/lib/gcc/arm-none-eabi/4.9.3/../../../arm-none-eabi/lib/libc.a(lib_a-fputwc.o)
                0x000000000000ed1c                __fputwc
 .text._fputwc_r
                0x000000000000ee48       0x20 /usr/lib/gcc/arm-none-eabi/4.9.3/../../../arm-none-eabi/lib/libc.a(lib_a-fputwc.o)
                0x000000000000ee48                _fputwc_r
 .text._fstat_r
                0x000000000000ee68       0x40 /usr/lib/gcc/arm-none-eabi/4.9.3/../../../arm-none-eabi/lib/libc.a(lib_a-fstatr.o)
                0x000000000000ee68                _fstat_r
 .text.__sfvwrite_r
                0x000000000000eea8      0x4ec /usr/lib/gcc/arm-none-eabi/4.9.3/../../../arm-none-eabi/lib/libc.a(lib_a-fvwrite.o)
                0x000000000000eea8                __sfvwrite_r
 .text._isatty_r
                0x000000000000f394       0x3c /usr/lib/gcc/arm-none-eabi/4.9.3/../../../arm-none-eabi/lib/libc.a(lib_a-isattyr.o)
                0x000000000000f394                _isatty_r
 .text.memmove  0x000000000000f3d0      0x12c /usr/lib/gcc/arm-none-eabi/4.9.3/../../../arm-none-eabi/lib/libc.a(lib_a-memmove.o)
                0x000000000000f3d0                memmove
 .text._realloc_r
                0x000000000000f4fc      0x584 /usr/lib/gcc/arm-none-eabi/4.9.3/../../../arm-none-eabi/lib/libc.a(lib_a-reallocr.o)
                0x000000000000f4fc                _realloc_r
 .text._wcrtomb_r
                0x000000000000fa80       0x94 /usr/lib/gcc/arm-none-eabi/4.9.3/../../../arm-none-eabi/lib/libc.a(lib_a-wcrtomb.o)
                0x000000000000fa80                _wcrtomb_r
 .text.__ascii_wctomb
                0x000000000000fb14       0x28 /usr/lib/gcc/arm-none-eabi/4.9.3/../../../arm-none-eabi/lib/libc.a(lib_a-wctomb_r.o)
                0x000000000000fb14                __ascii_wctomb
 .text          0x000000000000fb3c      0x114 /usr/lib/gcc/arm-none-eabi/4.9.3/libgcc.a(_udivsi3.o)
                0x000000000000fb3c                __udivsi3
                0x000000000000fb3c                __aeabi_uidiv
                0x000000000000fc30                __aeabi_uidivmod
 .text          0x000000000000fc50      0x148 /usr/lib/gcc/arm-none-eabi/4.9.3/libgcc.a(_divsi3.o)
                0x000000000000fc50                __aeabi_idiv
                0x000000000000fc50                __divsi3
                0x000000000000fd78                __aeabi_idivmod
 .text          0x000000000000fd98        0x4 /usr/lib/gcc/arm-none-eabi/4.9.3/libgcc.a(_dvmd_tls.o)
                0x000000000000fd98                __aeabi_ldiv0
                0x000000000000fd98                __aeabi_idiv0
 .text          0x000000000000fd9c      0x41c /usr/lib/gcc/arm-none-eabi/4.9.3/libgcc.a(_arm_addsubdf3.o)
                0x000000000000fd9c                __aeabi_drsub
                0x000000000000fda4                __aeabi_dsub
                0x000000000000fda4                __subdf3
                0x000000000000fda8                __adddf3
                0x000000000000fda8                __aeabi_dadd
                0x00000000000100b8                __aeabi_ui2d
                0x00000000000100b8                __floatunsidf
                0x00000000000100dc                __floatsidf
                0x00000000000100dc                __aeabi_i2d
                0x0000000000010104                __extendsfdf2
                0x0000000000010104                __aeabi_f2d
                0x0000000000010144                __aeabi_ul2d
                0x0000000000010144                __floatundidf
                0x0000000000010158                __floatdidf
                0x0000000000010158                __aeabi_l2d
 .text          0x00000000000101b8      0x49c /usr/lib/gcc/arm-none-eabi/4.9.3/libgcc.a(_arm_muldivdf3.o)
                0x00000000000101b8                __aeabi_dmul
                0x00000000000101b8                __muldf3
                0x0000000000010448                __aeabi_ddiv
                0x0000000000010448                __divdf3
 .text          0x0000000000010654      0x144 /usr/lib/gcc/arm-none-eabi/4.9.3/libgcc.a(_arm_cmpdf2.o)
                0x0000000000010654                __gtdf2
                0x0000000000010654                __gedf2
                0x000000000001065c                __ltdf2
                0x000000000001065c                __ledf2
                0x0000000000010664                __cmpdf2
                0x0000000000010664                __eqdf2
                0x0000000000010664                __nedf2
                0x00000000000106ec                __aeabi_cdrcmple
                0x0000000000010708                __aeabi_cdcmple
                0x0000000000010708                __aeabi_cdcmpeq
                0x0000000000010720                __aeabi_dcmpeq
                0x0000000000010738                __aeabi_dcmplt
                0x0000000000010750                __aeabi_dcmple
                0x0000000000010768                __aeabi_dcmpge
                0x0000000000010780                __aeabi_dcmpgt
 .text          0x0000000000010798       0x5c /usr/lib/gcc/arm-none-eabi/4.9.3/libgcc.a(_arm_fixdfsi.o)
                0x0000000000010798                __fixdfsi
                0x0000000000010798                __aeabi_d2iz
 .text          0x00000000000107f4       0x3c /usr/lib/gcc/arm-none-eabi/4.9.3/libgcc.a(_aeabi_uldivmod.o)
                0x00000000000107f4                __aeabi_uldivmod
 .text          0x0000000000010830       0x84 /usr/lib/gcc/arm-none-eabi/4.9.3/libgcc.a(bpabi.o)
                0x0000000000010830                __gnu_ldivmod_helper
                0x0000000000010874                __gnu_uldivmod_helper
 .text          0x00000000000108b4      0x178 /usr/lib/gcc/arm-none-eabi/4.9.3/libgcc.a(_divdi3.o)
                0x00000000000108b4                __divdi3
 .text          0x0000000000010a2c      0x120 /usr/lib/gcc/arm-none-eabi/4.9.3/libgcc.a(_udivdi3.o)
                0x0000000000010a2c                __udivdi3
 .text          0x0000000000010b4c       0x28 /usr/lib/gcc/arm-none-eabi/4.9.3/libgcc.a(_clzdi2.o)
                0x0000000000010b4c                __clzdi2
 .text          0x0000000000010b74       0x48 /usr/lib/gcc/arm-none-eabi/4.9.3/libgcc.a(_clzsi2.o)
                0x0000000000010b74                __clzsi2
 *(.gnu.warning)
 *(.glue_7t)
 .glue_7t       0x0000000000010bbc        0x0 linker stubs
 *(.glue_7)
 .glue_7        0x0000000000010bbc        0x0 linker stubs
 *(.vfp11_veneer)
 .vfp11_veneer  0x0000000000010bbc        0x0 linker stubs
 *(.v4_bx)
 .v4_bx         0x0000000000010bbc        0x0 linker stubs

.fini           0x0000000000010bbc       0x18
 *(SORT(.fini))
 .fini          0x0000000000010bbc        0xc /usr/lib/gcc/arm-none-eabi/4.9.3/crti.o
                0x0000000000010bbc                _fini
 .fini          0x0000000000010bc8        0xc /usr/lib/gcc/arm-none-eabi/4.9.3/crtn.o
                [!provide]                        PROVIDE (__etext, .)
                [!provide]                        PROVIDE (_etext, .)
                [!provide]                        PROVIDE (etext, .)

.rodata         0x0000000000010bd8      0x1a0
 *(.rodata .rodata.* .gnu.linkonce.r.*)
 .rodata.str1.1
                0x0000000000010bd8        0xe /tmp/ccg9mqYi.ltrans0.ltrans.o
 *fill*         0x0000000000010be6        0x2 
 .rodata.str1.4
                0x0000000000010be8        0x2 /usr/lib/gcc/arm-none-eabi/4.9.3/../../../arm-none-eabi/lib/libc.a(lib_a-impure.o)
                                          0x4 (size before relaxing)
 *fill*         0x0000000000010bea        0x2 
 .rodata._global_impure_ptr
                0x0000000000010bec        0x4 /usr/lib/gcc/arm-none-eabi/4.9.3/../../../arm-none-eabi/lib/libc.a(lib_a-impure.o)
                0x0000000000010bec                _global_impure_ptr
 .rodata.str1.4
                0x0000000000010bf0        0x4 /usr/lib/gcc/arm-none-eabi/4.9.3/../../../arm-none-eabi/lib/librdimon.a(rdimon-syscalls.o)
 .rodata.zeroes.6926
                0x0000000000010bf4       0x10 /usr/lib/gcc/arm-none-eabi/4.9.3/../../../arm-none-eabi/lib/libc.a(lib_a-vfprintf.o)
 .rodata.str1.4
                0x0000000000010c04       0x42 /usr/lib/gcc/arm-none-eabi/4.9.3/../../../arm-none-eabi/lib/libc.a(lib_a-vfprintf.o)
                                         0x44 (size before relaxing)
 *fill*         0x0000000000010c46        0x2 
 .rodata.blanks.6925
                0x0000000000010c48       0x10 /usr/lib/gcc/arm-none-eabi/4.9.3/../../../arm-none-eabi/lib/libc.a(lib_a-vfprintf.o)
 .rodata.str1.4
                0x0000000000010c58       0x10 /usr/lib/gcc/arm-none-eabi/4.9.3/../../../arm-none-eabi/lib/libc.a(lib_a-dtoa.o)
                                         0x14 (size before relaxing)
 .rodata.str1.4
                0x0000000000010c68        0xc /usr/lib/gcc/arm-none-eabi/4.9.3/../../../arm-none-eabi/lib/libc.a(lib_a-locale.o)
                                         0x14 (size before relaxing)
 *fill*         0x0000000000010c74        0x4 
 .rodata.__mprec_tens
                0x0000000000010c78       0xc8 /usr/lib/gcc/arm-none-eabi/4.9.3/../../../arm-none-eabi/lib/libc.a(lib_a-mprec.o)
                0x0000000000010c78                __mprec_tens
 .rodata.p05.5302
                0x0000000000010d40        0xc /usr/lib/gcc/arm-none-eabi/4.9.3/../../../arm-none-eabi/lib/libc.a(lib_a-mprec.o)
 *fill*         0x0000000000010d4c        0x4 
 .rodata.__mprec_bigtens
                0x0000000000010d50       0x28 /usr/lib/gcc/arm-none-eabi/4.9.3/../../../arm-none-eabi/lib/libc.a(lib_a-mprec.o)
                0x0000000000010d50                __mprec_bigtens

.rodata1
 *(.rodata1)

.ARM.extab
 *(.ARM.extab* .gnu.linkonce.armextab.*)
                [!provide]                        PROVIDE (__exidx_start, .)

.ARM.exidx      0x0000000000010d78        0x8
 *(.ARM.exidx* .gnu.linkonce.armexidx.*)
 .ARM.exidx     0x0000000000010d78        0x8 /usr/lib/gcc/arm-none-eabi/4.9.3/../../../arm-none-eabi/lib/rdimon-crt0.o
 .ARM.exidx     0x0000000000010d80        0x0 /usr/lib/gcc/arm-none-eabi/4.9.3/libgcc.a(_divdi3.o)
                                          0x8 (size before relaxing)
 .ARM.exidx     0x0000000000010d80        0x0 /usr/lib/gcc/arm-none-eabi/4.9.3/libgcc.a(_udivdi3.o)
                                          0x8 (size before relaxing)
                [!provide]                        PROVIDE (__exidx_end, .)

.eh_frame_hdr
 *(.eh_frame_hdr)
 *(.eh_frame_entry .eh_frame_entry.*)

.eh_frame       0x0000000000010d80        0x4
 *(.eh_frame)
 .eh_frame      0x0000000000010d80        0x0 /usr/lib/gcc/arm-none-eabi/4.9.3/crtbegin.o
 .eh_frame      0x0000000000010d80        0x4 /usr/lib/gcc/arm-none-eabi/4.9.3/crtend.o
 .eh_frame      0x0000000000010d84        0x0 /usr/lib/gcc/arm-none-eabi/4.9.3/../../../arm-none-eabi/lib/libc.a(lib_a-strcmp.o)
                                         0x44 (size before relaxing)
 *(.eh_frame.*)

.gcc_except_table
 *(.gcc_except_table .gcc_except_table.*)

.gnu_extab
 *(.gnu_extab*)

.exception_ranges
 *(.exception_ranges .exception_ranges*)
                0x0000000000020d84                . = (ALIGN (0x10000) + (. & 0xffff))

.eh_frame
 *(.eh_frame)
 *(.eh_frame.*)

.gnu_extab
 *(.gnu_extab)

.gcc_except_table
 *(.gcc_except_table .gcc_except_table.*)

.exception_ranges
 *(.exception_ranges .exception_ranges*)

.tdata
 *(.tdata .tdata.* .gnu.linkonce.td.*)

.tbss
 *(.tbss .tbss.* .gnu.linkonce.tb.*)
 *(.tcommon)

.preinit_array  0x0000000000020d84        0x0
                0x0000000000020d84                PROVIDE (__preinit_array_start, .)
 *(.preinit_array)
                0x0000000000020d84                PROVIDE (__preinit_array_end, .)

.init_array     0x0000000000020d84        0x8
                0x0000000000020d84                PROVIDE (__init_array_start, .)
 *(SORT(.init_array.*))
 .init_array.00000
                0x0000000000020d84        0x4 /usr/lib/gcc/arm-none-eabi/4.9.3/../../../arm-none-eabi/lib/libc.a(lib_a-__call_atexit.o)
 *(.init_array)
 .init_array    0x0000000000020d88        0x4 /usr/lib/gcc/arm-none-eabi/4.9.3/crtbegin.o
                0x0000000000020d8c                PROVIDE (__init_array_end, .)

.fini_array     0x0000000000020d8c        0x4
                0x0000000000020d8c                PROVIDE (__fini_array_start, .)
 *(SORT(.fini_array.*))
 *(.fini_array)
 .fini_array    0x0000000000020d8c        0x4 /usr/lib/gcc/arm-none-eabi/4.9.3/crtbegin.o
                0x0000000000020d90                PROVIDE (__fini_array_end, .)

.ctors
 *crtbegin.o(.ctors)
 *crtbegin?.o(.ctors)
 *(EXCLUDE_FILE(*crtend?.o *crtend.o) .ctors)
 *(SORT(.ctors.*))
 *(.ctors)

.dtors
 *crtbegin.o(.dtors)
 *crtbegin?.o(.dtors)
 *(EXCLUDE_FILE(*crtend?.o *crtend.o) .dtors)
 *(SORT(.dtors.*))
 *(.dtors)

.jcr            0x0000000000020d90        0x4
 *(.jcr)
 .jcr           0x0000000000020d90        0x0 /usr/lib/gcc/arm-none-eabi/4.9.3/crtbegin.o
 .jcr           0x0000000000020d90        0x4 /usr/lib/gcc/arm-none-eabi/4.9.3/crtend.o

.data.rel.ro
 *(.data.rel.ro.local* .gnu.linkonce.d.rel.ro.local.*)
 *(.data.rel.ro .data.rel.ro.* .gnu.linkonce.d.rel.ro.*)

.dynamic
 *(.dynamic)

.got            0x0000000000020d94        0x0
 *(.got.plt)
 *(.igot.plt)
 .igot.plt      0x0000000000020d94        0x0 /usr/lib/gcc/arm-none-eabi/4.9.3/crtbegin.o
 *(.got)
 *(.igot)

.data           0x0000000000020d98      0x9b0
                0x0000000000020d98                __data_start = .
 *(.data .data.* .gnu.linkonce.d.*)
 .data          0x0000000000020d98      0x110 /usr/lib/gcc/arm-none-eabi/4.9.3/../../../arm-none-eabi/lib/rdimon-crt0.o
                0x0000000000020da0                __stack_base__
 .data.impure_data
                0x0000000000020ea8      0x428 /usr/lib/gcc/arm-none-eabi/4.9.3/../../../arm-none-eabi/lib/libc.a(lib_a-impure.o)
 .data._impure_ptr
                0x00000000000212d0        0x4 /usr/lib/gcc/arm-none-eabi/4.9.3/../../../arm-none-eabi/lib/libc.a(lib_a-impure.o)
                0x00000000000212d0                _impure_ptr
 .data.__heap_limit
                0x00000000000212d4        0x4 /usr/lib/gcc/arm-none-eabi/4.9.3/../../../arm-none-eabi/lib/librdimon.a(rdimon-syscalls.o)
                0x00000000000212d4                __heap_limit
 .data.__malloc_av_
                0x00000000000212d8      0x408 /usr/lib/gcc/arm-none-eabi/4.9.3/../../../arm-none-eabi/lib/libc.a(lib_a-mallocr.o)
                0x00000000000212d8                __malloc_av_
 .data.__malloc_trim_threshold
                0x00000000000216e0        0x4 /usr/lib/gcc/arm-none-eabi/4.9.3/../../../arm-none-eabi/lib/libc.a(lib_a-mallocr.o)
                0x00000000000216e0                __malloc_trim_threshold
 .data.__malloc_sbrk_base
                0x00000000000216e4        0x4 /usr/lib/gcc/arm-none-eabi/4.9.3/../../../arm-none-eabi/lib/libc.a(lib_a-mallocr.o)
                0x00000000000216e4                __malloc_sbrk_base
 .data.lconv    0x00000000000216e8       0x38 /usr/lib/gcc/arm-none-eabi/4.9.3/../../../arm-none-eabi/lib/libc.a(lib_a-locale.o)
 .data.lc_ctype_charset
                0x0000000000021720       0x20 /usr/lib/gcc/arm-none-eabi/4.9.3/../../../arm-none-eabi/lib/libc.a(lib_a-locale.o)
 .data.__mb_cur_max
                0x0000000000021740        0x4 /usr/lib/gcc/arm-none-eabi/4.9.3/../../../arm-none-eabi/lib/libc.a(lib_a-locale.o)
                0x0000000000021740                __mb_cur_max
 .data.__wctomb
                0x0000000000021744        0x4 /usr/lib/gcc/arm-none-eabi/4.9.3/../../../arm-none-eabi/lib/libc.a(lib_a-wctomb_r.o)
                0x0000000000021744                __wctomb

.tm_clone_table
                0x0000000000021748        0x0
 .tm_clone_table
                0x0000000000021748        0x0 /usr/lib/gcc/arm-none-eabi/4.9.3/crtbegin.o
 .tm_clone_table
                0x0000000000021748        0x0 /usr/lib/gcc/arm-none-eabi/4.9.3/crtend.o

.data1
 *(.data1)
                0x0000000000021748                _edata = .
                [!provide]                        PROVIDE (edata, .)
                0x0000000000021748                . = .
                0x0000000000021748                __bss_start = .
                0x0000000000021748                __bss_start__ = .

.bss            0x0000000000021748      0x104
 *(.dynbss)
 *(.bss .bss.* .gnu.linkonce.b.*)
 .bss           0x0000000000021748       0x1c /usr/lib/gcc/arm-none-eabi/4.9.3/crtbegin.o
 .bss.monitor_stdout
                0x0000000000021764        0x4 /usr/lib/gcc/arm-none-eabi/4.9.3/../../../arm-none-eabi/lib/librdimon.a(rdimon-syscalls.o)
 .bss.heap_end.5994
                0x0000000000021768        0x4 /usr/lib/gcc/arm-none-eabi/4.9.3/../../../arm-none-eabi/lib/librdimon.a(rdimon-syscalls.o)
 .bss.monitor_stdin
                0x000000000002176c        0x4 /usr/lib/gcc/arm-none-eabi/4.9.3/../../../arm-none-eabi/lib/librdimon.a(rdimon-syscalls.o)
 .bss.monitor_stderr
                0x0000000000021770        0x4 /usr/lib/gcc/arm-none-eabi/4.9.3/../../../arm-none-eabi/lib/librdimon.a(rdimon-syscalls.o)
 .bss.openfiles
                0x0000000000021774       0xa0 /usr/lib/gcc/arm-none-eabi/4.9.3/../../../arm-none-eabi/lib/librdimon.a(rdimon-syscalls.o)
 .bss.__malloc_max_total_mem
                0x0000000000021814        0x4 /usr/lib/gcc/arm-none-eabi/4.9.3/../../../arm-none-eabi/lib/libc.a(lib_a-mallocr.o)
                0x0000000000021814                __malloc_max_total_mem
 .bss.__malloc_max_sbrked_mem
                0x0000000000021818        0x4 /usr/lib/gcc/arm-none-eabi/4.9.3/../../../arm-none-eabi/lib/libc.a(lib_a-mallocr.o)
                0x0000000000021818                __malloc_max_sbrked_mem
 .bss.__malloc_top_pad
                0x000000000002181c        0x4 /usr/lib/gcc/arm-none-eabi/4.9.3/../../../arm-none-eabi/lib/libc.a(lib_a-mallocr.o)
                0x000000000002181c                __malloc_top_pad
 .bss.__malloc_current_mallinfo
                0x0000000000021820       0x28 /usr/lib/gcc/arm-none-eabi/4.9.3/../../../arm-none-eabi/lib/libc.a(lib_a-mallocr.o)
                0x0000000000021820                __malloc_current_mallinfo
 *(COMMON)
 COMMON         0x0000000000021848        0x4 /usr/lib/gcc/arm-none-eabi/4.9.3/../../../arm-none-eabi/lib/libc.a(lib_a-reent.o)
                0x0000000000021848                errno
                0x000000000002184c                . = ALIGN ((. != 0x0)?0x4:0x1)
                0x000000000002184c                _bss_end__ = .
                0x000000000002184c                __bss_end__ = .
                0x000000000002184c                . = ALIGN (0x4)
                0x000000000002184c                . = SEGMENT_START ("ldata-segment", .)
                0x000000000002184c                . = ALIGN (0x4)
                0x000000000002184c                __end__ = .
                0x000000000002184c                _end = .
                0x000000000002184c                PROVIDE (end, .)

.stab
 *(.stab)

.stabstr
 *(.stabstr)

.stab.excl
 *(.stab.excl)

.stab.exclstr
 *(.stab.exclstr)

.stab.index
 *(.stab.index)

.stab.indexstr
 *(.stab.indexstr)

.comment        0x0000000000000000       0x70
 *(.comment)
 .comment       0x0000000000000000       0x38 /usr/lib/gcc/arm-none-eabi/4.9.3/crtbegin.o
                                         0x39 (size before relaxing)
 .comment       0x0000000000000038       0x39 /tmp/ccg9mqYi.ltrans0.ltrans.o
 .comment       0x0000000000000038       0x38 /usr/lib/gcc/arm-none-eabi/4.9.3/../../../arm-none-eabi/lib/libc.a(lib_a-atexit.o)
                                         0x39 (size before relaxing)
 .comment       0x0000000000000070       0x39 /usr/lib/gcc/arm-none-eabi/4.9.3/../../../arm-none-eabi/lib/libc.a(lib_a-exit.o)
 .comment       0x0000000000000070       0x39 /usr/lib/gcc/arm-none-eabi/4.9.3/../../../arm-none-eabi/lib/libc.a(lib_a-fini.o)
 .comment       0x0000000000000070       0x39 /usr/lib/gcc/arm-none-eabi/4.9.3/../../../arm-none-eabi/lib/libc.a(lib_a-impure.o)
 .comment       0x0000000000000070       0x39 /usr/lib/gcc/arm-none-eabi/4.9.3/../../../arm-none-eabi/lib/libc.a(lib_a-init.o)
 .comment       0x0000000000000070       0x39 /usr/lib/gcc/arm-none-eabi/4.9.3/../../../arm-none-eabi/lib/libc.a(lib_a-memset.o)
 .comment       0x0000000000000070       0x39 /usr/lib/gcc/arm-none-eabi/4.9.3/../../../arm-none-eabi/lib/libc.a(lib_a-__atexit.o)
 .comment       0x0000000000000070       0x39 /usr/lib/gcc/arm-none-eabi/4.9.3/../../../arm-none-eabi/lib/libc.a(lib_a-__call_atexit.o)
 .comment       0x0000000000000070       0x39 /usr/lib/gcc/arm-none-eabi/4.9.3/../../../arm-none-eabi/lib/librdimon.a(rdimon-syscalls.o)
 .comment       0x0000000000000070       0x39 /usr/lib/gcc/arm-none-eabi/4.9.3/../../../arm-none-eabi/lib/librdimon.a(rdimon-_exit.o)
 .comment       0x0000000000000070       0x39 /usr/lib/gcc/arm-none-eabi/4.9.3/../../../arm-none-eabi/lib/librdimon.a(rdimon-_kill.o)
 .comment       0x0000000000000070       0x39 /usr/lib/gcc/arm-none-eabi/4.9.3/../../../arm-none-eabi/lib/libc.a(lib_a-errno.o)
 .comment       0x0000000000000070       0x39 /usr/lib/gcc/arm-none-eabi/4.9.3/../../../arm-none-eabi/lib/libc.a(lib_a-findfp.o)
 .comment       0x0000000000000070       0x39 /usr/lib/gcc/arm-none-eabi/4.9.3/../../../arm-none-eabi/lib/libc.a(lib_a-fwalk.o)
 .comment       0x0000000000000070       0x39 /usr/lib/gcc/arm-none-eabi/4.9.3/../../../arm-none-eabi/lib/libc.a(lib_a-mallocr.o)
 .comment       0x0000000000000070       0x39 /usr/lib/gcc/arm-none-eabi/4.9.3/../../../arm-none-eabi/lib/libc.a(lib_a-mlock.o)
 .comment       0x0000000000000070       0x39 /usr/lib/gcc/arm-none-eabi/4.9.3/../../../arm-none-eabi/lib/libc.a(lib_a-sbrkr.o)
 .comment       0x0000000000000070       0x39 /usr/lib/gcc/arm-none-eabi/4.9.3/../../../arm-none-eabi/lib/libc.a(lib_a-stdio.o)
 .comment       0x0000000000000070       0x39 /usr/lib/gcc/arm-none-eabi/4.9.3/../../../arm-none-eabi/lib/libc.a(lib_a-strlen.o)
 .comment       0x0000000000000070       0x39 /usr/lib/gcc/arm-none-eabi/4.9.3/../../../arm-none-eabi/lib/libc.a(lib_a-writer.o)
 .comment       0x0000000000000070       0x39 /usr/lib/gcc/arm-none-eabi/4.9.3/../../../arm-none-eabi/lib/libc.a(lib_a-closer.o)
 .comment       0x0000000000000070       0x39 /usr/lib/gcc/arm-none-eabi/4.9.3/../../../arm-none-eabi/lib/libc.a(lib_a-fclose.o)
 .comment       0x0000000000000070       0x39 /usr/lib/gcc/arm-none-eabi/4.9.3/../../../arm-none-eabi/lib/libc.a(lib_a-fflush.o)
 .comment       0x0000000000000070       0x39 /usr/lib/gcc/arm-none-eabi/4.9.3/../../../arm-none-eabi/lib/libc.a(lib_a-freer.o)
 .comment       0x0000000000000070       0x39 /usr/lib/gcc/arm-none-eabi/4.9.3/../../../arm-none-eabi/lib/libc.a(lib_a-lseekr.o)
 .comment       0x0000000000000070       0x39 /usr/lib/gcc/arm-none-eabi/4.9.3/../../../arm-none-eabi/lib/libc.a(lib_a-readr.o)
 .comment       0x0000000000000070       0x39 /usr/lib/gcc/arm-none-eabi/4.9.3/../../../arm-none-eabi/lib/libc.a(lib_a-reent.o)
 .comment       0x0000000000000070       0x39 /usr/lib/gcc/arm-none-eabi/4.9.3/crtend.o
 .comment       0x0000000000000070       0x39 /usr/lib/gcc/arm-none-eabi/4.9.3/../../../arm-none-eabi/lib/libc.a(lib_a-printf.o)
 .comment       0x0000000000000070       0x39 /usr/lib/gcc/arm-none-eabi/4.9.3/../../../arm-none-eabi/lib/libc.a(lib_a-putchar.o)
 .comment       0x0000000000000070       0x39 /usr/lib/gcc/arm-none-eabi/4.9.3/../../../arm-none-eabi/lib/libc.a(lib_a-vfprintf.o)
 .comment       0x0000000000000070       0x39 /usr/lib/gcc/arm-none-eabi/4.9.3/../../../arm-none-eabi/lib/libc.a(lib_a-wsetup.o)
 .comment       0x0000000000000070       0x39 /usr/lib/gcc/arm-none-eabi/4.9.3/../../../arm-none-eabi/lib/libc.a(lib_a-dtoa.o)
 .comment       0x0000000000000070       0x39 /usr/lib/gcc/arm-none-eabi/4.9.3/../../../arm-none-eabi/lib/libc.a(lib_a-locale.o)
 .comment       0x0000000000000070       0x39 /usr/lib/gcc/arm-none-eabi/4.9.3/../../../arm-none-eabi/lib/libc.a(lib_a-makebuf.o)
 .comment       0x0000000000000070       0x39 /usr/lib/gcc/arm-none-eabi/4.9.3/../../../arm-none-eabi/lib/libc.a(lib_a-memchr.o)
 .comment       0x0000000000000070       0x39 /usr/lib/gcc/arm-none-eabi/4.9.3/../../../arm-none-eabi/lib/libc.a(lib_a-memcpy.o)
 .comment       0x0000000000000070       0x39 /usr/lib/gcc/arm-none-eabi/4.9.3/../../../arm-none-eabi/lib/libc.a(lib_a-mprec.o)
 .comment       0x0000000000000070       0x39 /usr/lib/gcc/arm-none-eabi/4.9.3/../../../arm-none-eabi/lib/libc.a(lib_a-putc.o)
 .comment       0x0000000000000070       0x39 /usr/lib/gcc/arm-none-eabi/4.9.3/../../../arm-none-eabi/lib/libc.a(lib_a-s_fpclassify.o)
 .comment       0x0000000000000070       0x39 /usr/lib/gcc/arm-none-eabi/4.9.3/../../../arm-none-eabi/lib/libc.a(lib_a-vfiprintf.o)
 .comment       0x0000000000000070       0x39 /usr/lib/gcc/arm-none-eabi/4.9.3/../../../arm-none-eabi/lib/libc.a(lib_a-wbuf.o)
 .comment       0x0000000000000070       0x39 /usr/lib/gcc/arm-none-eabi/4.9.3/../../../arm-none-eabi/lib/libc.a(lib_a-callocr.o)
 .comment       0x0000000000000070       0x39 /usr/lib/gcc/arm-none-eabi/4.9.3/../../../arm-none-eabi/lib/libc.a(lib_a-fputwc.o)
 .comment       0x0000000000000070       0x39 /usr/lib/gcc/arm-none-eabi/4.9.3/../../../arm-none-eabi/lib/libc.a(lib_a-fstatr.o)
 .comment       0x0000000000000070       0x39 /usr/lib/gcc/arm-none-eabi/4.9.3/../../../arm-none-eabi/lib/libc.a(lib_a-fvwrite.o)
 .comment       0x0000000000000070       0x39 /usr/lib/gcc/arm-none-eabi/4.9.3/../../../arm-none-eabi/lib/libc.a(lib_a-isattyr.o)
 .comment       0x0000000000000070       0x39 /usr/lib/gcc/arm-none-eabi/4.9.3/../../../arm-none-eabi/lib/libc.a(lib_a-memmove.o)
 .comment       0x0000000000000070       0x39 /usr/lib/gcc/arm-none-eabi/4.9.3/../../../arm-none-eabi/lib/libc.a(lib_a-reallocr.o)
 .comment       0x0000000000000070       0x39 /usr/lib/gcc/arm-none-eabi/4.9.3/../../../arm-none-eabi/lib/libc.a(lib_a-wcrtomb.o)
 .comment       0x0000000000000070       0x39 /usr/lib/gcc/arm-none-eabi/4.9.3/../../../arm-none-eabi/lib/libc.a(lib_a-wctomb_r.o)
 .comment       0x0000000000000070       0x39 /usr/lib/gcc/arm-none-eabi/4.9.3/libgcc.a(bpabi.o)
 .comment       0x0000000000000070       0x39 /usr/lib/gcc/arm-none-eabi/4.9.3/libgcc.a(_divdi3.o)
 .comment       0x0000000000000070       0x39 /usr/lib/gcc/arm-none-eabi/4.9.3/libgcc.a(_udivdi3.o)

.debug
 *(.debug)

.line
 *(.line)

.debug_srcinfo
 *(.debug_srcinfo)

.debug_sfnames
 *(.debug_sfnames)

.debug_aranges  0x0000000000000000      0xae8
 *(.debug_aranges)
 .debug_aranges
                0x0000000000000000       0x20 /usr/lib/gcc/arm-none-eabi/4.9.3/../../../arm-none-eabi/lib/rdimon-crt0.o
 .debug_aranges
                0x0000000000000020       0x20 /usr/lib/gcc/arm-none-eabi/4.9.3/../../../arm-none-eabi/lib/libc.a(lib_a-atexit.o)
 .debug_aranges
                0x0000000000000040       0x20 /usr/lib/gcc/arm-none-eabi/4.9.3/../../../arm-none-eabi/lib/libc.a(lib_a-exit.o)
 .debug_aranges
                0x0000000000000060       0x20 /usr/lib/gcc/arm-none-eabi/4.9.3/../../../arm-none-eabi/lib/libc.a(lib_a-fini.o)
 .debug_aranges
                0x0000000000000080       0x18 /usr/lib/gcc/arm-none-eabi/4.9.3/../../../arm-none-eabi/lib/libc.a(lib_a-impure.o)
 .debug_aranges
                0x0000000000000098       0x20 /usr/lib/gcc/arm-none-eabi/4.9.3/../../../arm-none-eabi/lib/libc.a(lib_a-init.o)
 .debug_aranges
                0x00000000000000b8       0x20 /usr/lib/gcc/arm-none-eabi/4.9.3/../../../arm-none-eabi/lib/libc.a(lib_a-memset.o)
 .debug_aranges
                0x00000000000000d8       0x20 /usr/lib/gcc/arm-none-eabi/4.9.3/../../../arm-none-eabi/lib/libc.a(lib_a-__atexit.o)
 .debug_aranges
                0x00000000000000f8       0x28 /usr/lib/gcc/arm-none-eabi/4.9.3/../../../arm-none-eabi/lib/libc.a(lib_a-__call_atexit.o)
 .debug_aranges
                0x0000000000000120       0xe8 /usr/lib/gcc/arm-none-eabi/4.9.3/../../../arm-none-eabi/lib/librdimon.a(rdimon-syscalls.o)
 .debug_aranges
                0x0000000000000208       0x20 /usr/lib/gcc/arm-none-eabi/4.9.3/../../../arm-none-eabi/lib/librdimon.a(rdimon-_exit.o)
 .debug_aranges
                0x0000000000000228       0x20 /usr/lib/gcc/arm-none-eabi/4.9.3/../../../arm-none-eabi/lib/librdimon.a(rdimon-_kill.o)
 .debug_aranges
                0x0000000000000248       0x20 /usr/lib/gcc/arm-none-eabi/4.9.3/../../../arm-none-eabi/lib/libc.a(lib_a-errno.o)
 .debug_aranges
                0x0000000000000268       0x88 /usr/lib/gcc/arm-none-eabi/4.9.3/../../../arm-none-eabi/lib/libc.a(lib_a-findfp.o)
 .debug_aranges
                0x00000000000002f0       0x28 /usr/lib/gcc/arm-none-eabi/4.9.3/../../../arm-none-eabi/lib/libc.a(lib_a-fwalk.o)
 .debug_aranges
                0x0000000000000318       0x20 /usr/lib/gcc/arm-none-eabi/4.9.3/../../../arm-none-eabi/lib/libc.a(lib_a-mallocr.o)
 .debug_aranges
                0x0000000000000338       0x28 /usr/lib/gcc/arm-none-eabi/4.9.3/../../../arm-none-eabi/lib/libc.a(lib_a-mlock.o)
 .debug_aranges
                0x0000000000000360       0x20 /usr/lib/gcc/arm-none-eabi/4.9.3/../../../arm-none-eabi/lib/libc.a(lib_a-sbrkr.o)
 .debug_aranges
                0x0000000000000380       0x40 /usr/lib/gcc/arm-none-eabi/4.9.3/../../../arm-none-eabi/lib/libc.a(lib_a-stdio.o)
 .debug_aranges
                0x00000000000003c0       0x20 /usr/lib/gcc/arm-none-eabi/4.9.3/../../../arm-none-eabi/lib/libc.a(lib_a-strlen.o)
 .debug_aranges
                0x00000000000003e0       0x20 /usr/lib/gcc/arm-none-eabi/4.9.3/../../../arm-none-eabi/lib/libc.a(lib_a-writer.o)
 .debug_aranges
                0x0000000000000400       0x20 /usr/lib/gcc/arm-none-eabi/4.9.3/../../../arm-none-eabi/lib/libc.a(lib_a-closer.o)
 .debug_aranges
                0x0000000000000420       0x28 /usr/lib/gcc/arm-none-eabi/4.9.3/../../../arm-none-eabi/lib/libc.a(lib_a-fclose.o)
 .debug_aranges
                0x0000000000000448       0x30 /usr/lib/gcc/arm-none-eabi/4.9.3/../../../arm-none-eabi/lib/libc.a(lib_a-fflush.o)
 .debug_aranges
                0x0000000000000478       0x28 /usr/lib/gcc/arm-none-eabi/4.9.3/../../../arm-none-eabi/lib/libc.a(lib_a-freer.o)
 .debug_aranges
                0x00000000000004a0       0x20 /usr/lib/gcc/arm-none-eabi/4.9.3/../../../arm-none-eabi/lib/libc.a(lib_a-lseekr.o)
 .debug_aranges
                0x00000000000004c0       0x20 /usr/lib/gcc/arm-none-eabi/4.9.3/../../../arm-none-eabi/lib/libc.a(lib_a-readr.o)
 .debug_aranges
                0x00000000000004e0       0x28 /usr/lib/gcc/arm-none-eabi/4.9.3/../../../arm-none-eabi/lib/libc.a(lib_a-reent.o)
 .debug_aranges
                0x0000000000000508       0x28 /usr/lib/gcc/arm-none-eabi/4.9.3/../../../arm-none-eabi/lib/libc.a(lib_a-printf.o)
 .debug_aranges
                0x0000000000000530       0x28 /usr/lib/gcc/arm-none-eabi/4.9.3/../../../arm-none-eabi/lib/libc.a(lib_a-putchar.o)
 .debug_aranges
                0x0000000000000558       0x30 /usr/lib/gcc/arm-none-eabi/4.9.3/../../../arm-none-eabi/lib/libc.a(lib_a-vfprintf.o)
 .debug_aranges
                0x0000000000000588       0x20 /usr/lib/gcc/arm-none-eabi/4.9.3/../../../arm-none-eabi/lib/libc.a(lib_a-wsetup.o)
 .debug_aranges
                0x00000000000005a8       0x28 /usr/lib/gcc/arm-none-eabi/4.9.3/../../../arm-none-eabi/lib/libc.a(lib_a-dtoa.o)
 .debug_aranges
                0x00000000000005d0       0x58 /usr/lib/gcc/arm-none-eabi/4.9.3/../../../arm-none-eabi/lib/libc.a(lib_a-locale.o)
 .debug_aranges
                0x0000000000000628       0x20 /usr/lib/gcc/arm-none-eabi/4.9.3/../../../arm-none-eabi/lib/libc.a(lib_a-makebuf.o)
 .debug_aranges
                0x0000000000000648       0x20 /usr/lib/gcc/arm-none-eabi/4.9.3/../../../arm-none-eabi/lib/libc.a(lib_a-memchr.o)
 .debug_aranges
                0x0000000000000668       0x20 /usr/lib/gcc/arm-none-eabi/4.9.3/../../../arm-none-eabi/lib/libc.a(lib_a-memcpy.o)
 .debug_aranges
                0x0000000000000688       0xb0 /usr/lib/gcc/arm-none-eabi/4.9.3/../../../arm-none-eabi/lib/libc.a(lib_a-mprec.o)
 .debug_aranges
                0x0000000000000738       0x28 /usr/lib/gcc/arm-none-eabi/4.9.3/../../../arm-none-eabi/lib/libc.a(lib_a-putc.o)
 .debug_aranges
                0x0000000000000760       0x20 /usr/lib/gcc/arm-none-eabi/4.9.3/../../../arm-none-eabi/lib/libc.a(lib_a-s_fpclassify.o)
 .debug_aranges
                0x0000000000000780       0x20 /usr/lib/gcc/arm-none-eabi/4.9.3/../../../arm-none-eabi/lib/libc.a(lib_a-strcmp.o)
 .debug_aranges
                0x00000000000007a0       0x40 /usr/lib/gcc/arm-none-eabi/4.9.3/../../../arm-none-eabi/lib/libc.a(lib_a-vfiprintf.o)
 .debug_aranges
                0x00000000000007e0       0x28 /usr/lib/gcc/arm-none-eabi/4.9.3/../../../arm-none-eabi/lib/libc.a(lib_a-wbuf.o)
 .debug_aranges
                0x0000000000000808       0x20 /usr/lib/gcc/arm-none-eabi/4.9.3/../../../arm-none-eabi/lib/libc.a(lib_a-callocr.o)
 .debug_aranges
                0x0000000000000828       0x30 /usr/lib/gcc/arm-none-eabi/4.9.3/../../../arm-none-eabi/lib/libc.a(lib_a-fputwc.o)
 .debug_aranges
                0x0000000000000858       0x20 /usr/lib/gcc/arm-none-eabi/4.9.3/../../../arm-none-eabi/lib/libc.a(lib_a-fstatr.o)
 .debug_aranges
                0x0000000000000878       0x20 /usr/lib/gcc/arm-none-eabi/4.9.3/../../../arm-none-eabi/lib/libc.a(lib_a-fvwrite.o)
 .debug_aranges
                0x0000000000000898       0x20 /usr/lib/gcc/arm-none-eabi/4.9.3/../../../arm-none-eabi/lib/libc.a(lib_a-isattyr.o)
 .debug_aranges
                0x00000000000008b8       0x20 /usr/lib/gcc/arm-none-eabi/4.9.3/../../../arm-none-eabi/lib/libc.a(lib_a-memmove.o)
 .debug_aranges
                0x00000000000008d8       0x20 /usr/lib/gcc/arm-none-eabi/4.9.3/../../../arm-none-eabi/lib/libc.a(lib_a-reallocr.o)
 .debug_aranges
                0x00000000000008f8       0x28 /usr/lib/gcc/arm-none-eabi/4.9.3/../../../arm-none-eabi/lib/libc.a(lib_a-wcrtomb.o)
 .debug_aranges
                0x0000000000000920       0x28 /usr/lib/gcc/arm-none-eabi/4.9.3/../../../arm-none-eabi/lib/libc.a(lib_a-wctomb_r.o)
 .debug_aranges
                0x0000000000000948       0x20 /usr/lib/gcc/arm-none-eabi/4.9.3/libgcc.a(_udivsi3.o)
 .debug_aranges
                0x0000000000000968       0x20 /usr/lib/gcc/arm-none-eabi/4.9.3/libgcc.a(_divsi3.o)
 .debug_aranges
                0x0000000000000988       0x20 /usr/lib/gcc/arm-none-eabi/4.9.3/libgcc.a(_dvmd_tls.o)
 .debug_aranges
                0x00000000000009a8       0x20 /usr/lib/gcc/arm-none-eabi/4.9.3/libgcc.a(_arm_addsubdf3.o)
 .debug_aranges
                0x00000000000009c8       0x20 /usr/lib/gcc/arm-none-eabi/4.9.3/libgcc.a(_arm_muldivdf3.o)
 .debug_aranges
                0x00000000000009e8       0x20 /usr/lib/gcc/arm-none-eabi/4.9.3/libgcc.a(_arm_cmpdf2.o)
 .debug_aranges
                0x0000000000000a08       0x20 /usr/lib/gcc/arm-none-eabi/4.9.3/libgcc.a(_arm_fixdfsi.o)
 .debug_aranges
                0x0000000000000a28       0x20 /usr/lib/gcc/arm-none-eabi/4.9.3/libgcc.a(_aeabi_uldivmod.o)
 .debug_aranges
                0x0000000000000a48       0x20 /usr/lib/gcc/arm-none-eabi/4.9.3/libgcc.a(bpabi.o)
 .debug_aranges
                0x0000000000000a68       0x20 /usr/lib/gcc/arm-none-eabi/4.9.3/libgcc.a(_divdi3.o)
 .debug_aranges
                0x0000000000000a88       0x20 /usr/lib/gcc/arm-none-eabi/4.9.3/libgcc.a(_udivdi3.o)
 .debug_aranges
                0x0000000000000aa8       0x20 /usr/lib/gcc/arm-none-eabi/4.9.3/libgcc.a(_clzdi2.o)
 .debug_aranges
                0x0000000000000ac8       0x20 /usr/lib/gcc/arm-none-eabi/4.9.3/libgcc.a(_clzsi2.o)

.debug_pubnames
 *(.debug_pubnames)

.debug_info     0x0000000000000000    0x1e98b
 *(.debug_info .gnu.linkonce.wi.*)
 .debug_info    0x0000000000000000       0x9d /usr/lib/gcc/arm-none-eabi/4.9.3/../../../arm-none-eabi/lib/rdimon-crt0.o
 .debug_info    0x000000000000009d      0x10a /usr/lib/gcc/arm-none-eabi/4.9.3/../../../arm-none-eabi/lib/libc.a(lib_a-atexit.o)
 .debug_info    0x00000000000001a7      0x8e4 /usr/lib/gcc/arm-none-eabi/4.9.3/../../../arm-none-eabi/lib/libc.a(lib_a-exit.o)
 .debug_info    0x0000000000000a8b       0xef /usr/lib/gcc/arm-none-eabi/4.9.3/../../../arm-none-eabi/lib/libc.a(lib_a-fini.o)
 .debug_info    0x0000000000000b7a      0x894 /usr/lib/gcc/arm-none-eabi/4.9.3/../../../arm-none-eabi/lib/libc.a(lib_a-impure.o)
 .debug_info    0x000000000000140e      0x105 /usr/lib/gcc/arm-none-eabi/4.9.3/../../../arm-none-eabi/lib/libc.a(lib_a-init.o)
 .debug_info    0x0000000000001513      0x117 /usr/lib/gcc/arm-none-eabi/4.9.3/../../../arm-none-eabi/lib/libc.a(lib_a-memset.o)
 .debug_info    0x000000000000162a      0x934 /usr/lib/gcc/arm-none-eabi/4.9.3/../../../arm-none-eabi/lib/libc.a(lib_a-__atexit.o)
 .debug_info    0x0000000000001f5e      0x9a9 /usr/lib/gcc/arm-none-eabi/4.9.3/../../../arm-none-eabi/lib/libc.a(lib_a-__call_atexit.o)
 .debug_info    0x0000000000002907     0x1ebe /usr/lib/gcc/arm-none-eabi/4.9.3/../../../arm-none-eabi/lib/librdimon.a(rdimon-syscalls.o)
 .debug_info    0x00000000000047c5       0x7f /usr/lib/gcc/arm-none-eabi/4.9.3/../../../arm-none-eabi/lib/librdimon.a(rdimon-_exit.o)
 .debug_info    0x0000000000004844      0x142 /usr/lib/gcc/arm-none-eabi/4.9.3/../../../arm-none-eabi/lib/librdimon.a(rdimon-_kill.o)
 .debug_info    0x0000000000004986      0x889 /usr/lib/gcc/arm-none-eabi/4.9.3/../../../arm-none-eabi/lib/libc.a(lib_a-errno.o)
 .debug_info    0x000000000000520f      0xdc8 /usr/lib/gcc/arm-none-eabi/4.9.3/../../../arm-none-eabi/lib/libc.a(lib_a-findfp.o)
 .debug_info    0x0000000000005fd7      0x99e /usr/lib/gcc/arm-none-eabi/4.9.3/../../../arm-none-eabi/lib/libc.a(lib_a-fwalk.o)
 .debug_info    0x0000000000006975      0xd72 /usr/lib/gcc/arm-none-eabi/4.9.3/../../../arm-none-eabi/lib/libc.a(lib_a-mallocr.o)
 .debug_info    0x00000000000076e7      0x8b4 /usr/lib/gcc/arm-none-eabi/4.9.3/../../../arm-none-eabi/lib/libc.a(lib_a-mlock.o)
 .debug_info    0x0000000000007f9b      0x8f4 /usr/lib/gcc/arm-none-eabi/4.9.3/../../../arm-none-eabi/lib/libc.a(lib_a-sbrkr.o)
 .debug_info    0x000000000000888f      0xb89 /usr/lib/gcc/arm-none-eabi/4.9.3/../../../arm-none-eabi/lib/libc.a(lib_a-stdio.o)
 .debug_info    0x0000000000009418       0xb5 /usr/lib/gcc/arm-none-eabi/4.9.3/../../../arm-none-eabi/lib/libc.a(lib_a-strlen.o)
 .debug_info    0x00000000000094cd      0x929 /usr/lib/gcc/arm-none-eabi/4.9.3/../../../arm-none-eabi/lib/libc.a(lib_a-writer.o)
 .debug_info    0x0000000000009df6      0x8e0 /usr/lib/gcc/arm-none-eabi/4.9.3/../../../arm-none-eabi/lib/libc.a(lib_a-closer.o)
 .debug_info    0x000000000000a6d6      0xa28 /usr/lib/gcc/arm-none-eabi/4.9.3/../../../arm-none-eabi/lib/libc.a(lib_a-fclose.o)
 .debug_info    0x000000000000b0fe      0xaba /usr/lib/gcc/arm-none-eabi/4.9.3/../../../arm-none-eabi/lib/libc.a(lib_a-fflush.o)
 .debug_info    0x000000000000bbb8      0xc1a /usr/lib/gcc/arm-none-eabi/4.9.3/../../../arm-none-eabi/lib/libc.a(lib_a-freer.o)
 .debug_info    0x000000000000c7d2      0x90c /usr/lib/gcc/arm-none-eabi/4.9.3/../../../arm-none-eabi/lib/libc.a(lib_a-lseekr.o)
 .debug_info    0x000000000000d0de      0x922 /usr/lib/gcc/arm-none-eabi/4.9.3/../../../arm-none-eabi/lib/libc.a(lib_a-readr.o)
 .debug_info    0x000000000000da00      0x9f9 /usr/lib/gcc/arm-none-eabi/4.9.3/../../../arm-none-eabi/lib/libc.a(lib_a-reent.o)
 .debug_info    0x000000000000e3f9      0x9ab /usr/lib/gcc/arm-none-eabi/4.9.3/../../../arm-none-eabi/lib/libc.a(lib_a-printf.o)
 .debug_info    0x000000000000eda4      0x935 /usr/lib/gcc/arm-none-eabi/4.9.3/../../../arm-none-eabi/lib/libc.a(lib_a-putchar.o)
 .debug_info    0x000000000000f6d9     0x18db /usr/lib/gcc/arm-none-eabi/4.9.3/../../../arm-none-eabi/lib/libc.a(lib_a-vfprintf.o)
 .debug_info    0x0000000000010fb4      0x93b /usr/lib/gcc/arm-none-eabi/4.9.3/../../../arm-none-eabi/lib/libc.a(lib_a-wsetup.o)
 .debug_info    0x00000000000118ef     0x1360 /usr/lib/gcc/arm-none-eabi/4.9.3/../../../arm-none-eabi/lib/libc.a(lib_a-dtoa.o)
 .debug_info    0x0000000000012c4f      0xc24 /usr/lib/gcc/arm-none-eabi/4.9.3/../../../arm-none-eabi/lib/libc.a(lib_a-locale.o)
 .debug_info    0x0000000000013873      0xae6 /usr/lib/gcc/arm-none-eabi/4.9.3/../../../arm-none-eabi/lib/libc.a(lib_a-makebuf.o)
 .debug_info    0x0000000000014359      0x129 /usr/lib/gcc/arm-none-eabi/4.9.3/../../../arm-none-eabi/lib/libc.a(lib_a-memchr.o)
 .debug_info    0x0000000000014482      0x131 /usr/lib/gcc/arm-none-eabi/4.9.3/../../../arm-none-eabi/lib/libc.a(lib_a-memcpy.o)
 .debug_info    0x00000000000145b3     0x168c /usr/lib/gcc/arm-none-eabi/4.9.3/../../../arm-none-eabi/lib/libc.a(lib_a-mprec.o)
 .debug_info    0x0000000000015c3f      0xa0a /usr/lib/gcc/arm-none-eabi/4.9.3/../../../arm-none-eabi/lib/libc.a(lib_a-putc.o)
 .debug_info    0x0000000000016649       0xd3 /usr/lib/gcc/arm-none-eabi/4.9.3/../../../arm-none-eabi/lib/libc.a(lib_a-s_fpclassify.o)
 .debug_info    0x000000000001671c       0xc1 /usr/lib/gcc/arm-none-eabi/4.9.3/../../../arm-none-eabi/lib/libc.a(lib_a-strcmp.o)
 .debug_info    0x00000000000167dd     0x153d /usr/lib/gcc/arm-none-eabi/4.9.3/../../../arm-none-eabi/lib/libc.a(lib_a-vfiprintf.o)
 .debug_info    0x0000000000017d1a      0x9cc /usr/lib/gcc/arm-none-eabi/4.9.3/../../../arm-none-eabi/lib/libc.a(lib_a-wbuf.o)
 .debug_info    0x00000000000186e6      0x9e0 /usr/lib/gcc/arm-none-eabi/4.9.3/../../../arm-none-eabi/lib/libc.a(lib_a-callocr.o)
 .debug_info    0x00000000000190c6      0xabb /usr/lib/gcc/arm-none-eabi/4.9.3/../../../arm-none-eabi/lib/libc.a(lib_a-fputwc.o)
 .debug_info    0x0000000000019b81      0xa5e /usr/lib/gcc/arm-none-eabi/4.9.3/../../../arm-none-eabi/lib/libc.a(lib_a-fstatr.o)
 .debug_info    0x000000000001a5df      0xc3f /usr/lib/gcc/arm-none-eabi/4.9.3/../../../arm-none-eabi/lib/libc.a(lib_a-fvwrite.o)
 .debug_info    0x000000000001b21e      0x8e0 /usr/lib/gcc/arm-none-eabi/4.9.3/../../../arm-none-eabi/lib/libc.a(lib_a-isattyr.o)
 .debug_info    0x000000000001bafe      0x131 /usr/lib/gcc/arm-none-eabi/4.9.3/../../../arm-none-eabi/lib/libc.a(lib_a-memmove.o)
 .debug_info    0x000000000001bc2f      0xcce /usr/lib/gcc/arm-none-eabi/4.9.3/../../../arm-none-eabi/lib/libc.a(lib_a-reallocr.o)
 .debug_info    0x000000000001c8fd      0xa77 /usr/lib/gcc/arm-none-eabi/4.9.3/../../../arm-none-eabi/lib/libc.a(lib_a-wcrtomb.o)
 .debug_info    0x000000000001d374      0x9b7 /usr/lib/gcc/arm-none-eabi/4.9.3/../../../arm-none-eabi/lib/libc.a(lib_a-wctomb_r.o)
 .debug_info    0x000000000001dd2b       0xae /usr/lib/gcc/arm-none-eabi/4.9.3/libgcc.a(_udivsi3.o)
 .debug_info    0x000000000001ddd9       0xae /usr/lib/gcc/arm-none-eabi/4.9.3/libgcc.a(_divsi3.o)
 .debug_info    0x000000000001de87       0xae /usr/lib/gcc/arm-none-eabi/4.9.3/libgcc.a(_dvmd_tls.o)
 .debug_info    0x000000000001df35       0xaf /usr/lib/gcc/arm-none-eabi/4.9.3/libgcc.a(_arm_addsubdf3.o)
 .debug_info    0x000000000001dfe4       0xaf /usr/lib/gcc/arm-none-eabi/4.9.3/libgcc.a(_arm_muldivdf3.o)
 .debug_info    0x000000000001e093       0xaf /usr/lib/gcc/arm-none-eabi/4.9.3/libgcc.a(_arm_cmpdf2.o)
 .debug_info    0x000000000001e142       0xaf /usr/lib/gcc/arm-none-eabi/4.9.3/libgcc.a(_arm_fixdfsi.o)
 .debug_info    0x000000000001e1f1       0xaa /usr/lib/gcc/arm-none-eabi/4.9.3/libgcc.a(_aeabi_uldivmod.o)
 .debug_info    0x000000000001e29b      0x164 /usr/lib/gcc/arm-none-eabi/4.9.3/libgcc.a(bpabi.o)
 .debug_info    0x000000000001e3ff      0x269 /usr/lib/gcc/arm-none-eabi/4.9.3/libgcc.a(_divdi3.o)
 .debug_info    0x000000000001e668      0x1c7 /usr/lib/gcc/arm-none-eabi/4.9.3/libgcc.a(_udivdi3.o)
 .debug_info    0x000000000001e82f       0xae /usr/lib/gcc/arm-none-eabi/4.9.3/libgcc.a(_clzdi2.o)
 .debug_info    0x000000000001e8dd       0xae /usr/lib/gcc/arm-none-eabi/4.9.3/libgcc.a(_clzsi2.o)

.debug_abbrev   0x0000000000000000     0x6746
 *(.debug_abbrev)
 .debug_abbrev  0x0000000000000000       0x14 /usr/lib/gcc/arm-none-eabi/4.9.3/../../../arm-none-eabi/lib/rdimon-crt0.o
 .debug_abbrev  0x0000000000000014       0xb5 /usr/lib/gcc/arm-none-eabi/4.9.3/../../../arm-none-eabi/lib/libc.a(lib_a-atexit.o)
 .debug_abbrev  0x00000000000000c9      0x1e6 /usr/lib/gcc/arm-none-eabi/4.9.3/../../../arm-none-eabi/lib/libc.a(lib_a-exit.o)
 .debug_abbrev  0x00000000000002af       0xba /usr/lib/gcc/arm-none-eabi/4.9.3/../../../arm-none-eabi/lib/libc.a(lib_a-fini.o)
 .debug_abbrev  0x0000000000000369      0x180 /usr/lib/gcc/arm-none-eabi/4.9.3/../../../arm-none-eabi/lib/libc.a(lib_a-impure.o)
 .debug_abbrev  0x00000000000004e9       0xba /usr/lib/gcc/arm-none-eabi/4.9.3/../../../arm-none-eabi/lib/libc.a(lib_a-init.o)
 .debug_abbrev  0x00000000000005a3       0x9f /usr/lib/gcc/arm-none-eabi/4.9.3/../../../arm-none-eabi/lib/libc.a(lib_a-memset.o)
 .debug_abbrev  0x0000000000000642      0x20f /usr/lib/gcc/arm-none-eabi/4.9.3/../../../arm-none-eabi/lib/libc.a(lib_a-__atexit.o)
 .debug_abbrev  0x0000000000000851      0x282 /usr/lib/gcc/arm-none-eabi/4.9.3/../../../arm-none-eabi/lib/libc.a(lib_a-__call_atexit.o)
 .debug_abbrev  0x0000000000000ad3      0x4d8 /usr/lib/gcc/arm-none-eabi/4.9.3/../../../arm-none-eabi/lib/librdimon.a(rdimon-syscalls.o)
 .debug_abbrev  0x0000000000000fab       0x79 /usr/lib/gcc/arm-none-eabi/4.9.3/../../../arm-none-eabi/lib/librdimon.a(rdimon-_exit.o)
 .debug_abbrev  0x0000000000001024       0xd6 /usr/lib/gcc/arm-none-eabi/4.9.3/../../../arm-none-eabi/lib/librdimon.a(rdimon-_kill.o)
 .debug_abbrev  0x00000000000010fa      0x18f /usr/lib/gcc/arm-none-eabi/4.9.3/../../../arm-none-eabi/lib/libc.a(lib_a-errno.o)
 .debug_abbrev  0x0000000000001289      0x36a /usr/lib/gcc/arm-none-eabi/4.9.3/../../../arm-none-eabi/lib/libc.a(lib_a-findfp.o)
 .debug_abbrev  0x00000000000015f3      0x1c2 /usr/lib/gcc/arm-none-eabi/4.9.3/../../../arm-none-eabi/lib/libc.a(lib_a-fwalk.o)
 .debug_abbrev  0x00000000000017b5      0x2b4 /usr/lib/gcc/arm-none-eabi/4.9.3/../../../arm-none-eabi/lib/libc.a(lib_a-mallocr.o)
 .debug_abbrev  0x0000000000001a69      0x19a /usr/lib/gcc/arm-none-eabi/4.9.3/../../../arm-none-eabi/lib/libc.a(lib_a-mlock.o)
 .debug_abbrev  0x0000000000001c03      0x1fd /usr/lib/gcc/arm-none-eabi/4.9.3/../../../arm-none-eabi/lib/libc.a(lib_a-sbrkr.o)
 .debug_abbrev  0x0000000000001e00      0x22b /usr/lib/gcc/arm-none-eabi/4.9.3/../../../arm-none-eabi/lib/libc.a(lib_a-stdio.o)
 .debug_abbrev  0x000000000000202b       0x70 /usr/lib/gcc/arm-none-eabi/4.9.3/../../../arm-none-eabi/lib/libc.a(lib_a-strlen.o)
 .debug_abbrev  0x000000000000209b      0x1f4 /usr/lib/gcc/arm-none-eabi/4.9.3/../../../arm-none-eabi/lib/libc.a(lib_a-writer.o)
 .debug_abbrev  0x000000000000228f      0x1ef /usr/lib/gcc/arm-none-eabi/4.9.3/../../../arm-none-eabi/lib/libc.a(lib_a-closer.o)
 .debug_abbrev  0x000000000000247e      0x2aa /usr/lib/gcc/arm-none-eabi/4.9.3/../../../arm-none-eabi/lib/libc.a(lib_a-fclose.o)
 .debug_abbrev  0x0000000000002728      0x2ab /usr/lib/gcc/arm-none-eabi/4.9.3/../../../arm-none-eabi/lib/libc.a(lib_a-fflush.o)
 .debug_abbrev  0x00000000000029d3      0x26b /usr/lib/gcc/arm-none-eabi/4.9.3/../../../arm-none-eabi/lib/libc.a(lib_a-freer.o)
 .debug_abbrev  0x0000000000002c3e      0x1fe /usr/lib/gcc/arm-none-eabi/4.9.3/../../../arm-none-eabi/lib/libc.a(lib_a-lseekr.o)
 .debug_abbrev  0x0000000000002e3c      0x1ef /usr/lib/gcc/arm-none-eabi/4.9.3/../../../arm-none-eabi/lib/libc.a(lib_a-readr.o)
 .debug_abbrev  0x000000000000302b      0x25c /usr/lib/gcc/arm-none-eabi/4.9.3/../../../arm-none-eabi/lib/libc.a(lib_a-reent.o)
 .debug_abbrev  0x0000000000003287      0x227 /usr/lib/gcc/arm-none-eabi/4.9.3/../../../arm-none-eabi/lib/libc.a(lib_a-printf.o)
 .debug_abbrev  0x00000000000034ae      0x1f7 /usr/lib/gcc/arm-none-eabi/4.9.3/../../../arm-none-eabi/lib/libc.a(lib_a-putchar.o)
 .debug_abbrev  0x00000000000036a5      0x3e0 /usr/lib/gcc/arm-none-eabi/4.9.3/../../../arm-none-eabi/lib/libc.a(lib_a-vfprintf.o)
 .debug_abbrev  0x0000000000003a85      0x20b /usr/lib/gcc/arm-none-eabi/4.9.3/../../../arm-none-eabi/lib/libc.a(lib_a-wsetup.o)
 .debug_abbrev  0x0000000000003c90      0x2da /usr/lib/gcc/arm-none-eabi/4.9.3/../../../arm-none-eabi/lib/libc.a(lib_a-dtoa.o)
 .debug_abbrev  0x0000000000003f6a      0x2ac /usr/lib/gcc/arm-none-eabi/4.9.3/../../../arm-none-eabi/lib/libc.a(lib_a-locale.o)
 .debug_abbrev  0x0000000000004216      0x206 /usr/lib/gcc/arm-none-eabi/4.9.3/../../../arm-none-eabi/lib/libc.a(lib_a-makebuf.o)
 .debug_abbrev  0x000000000000441c       0xba /usr/lib/gcc/arm-none-eabi/4.9.3/../../../arm-none-eabi/lib/libc.a(lib_a-memchr.o)
 .debug_abbrev  0x00000000000044d6       0xab /usr/lib/gcc/arm-none-eabi/4.9.3/../../../arm-none-eabi/lib/libc.a(lib_a-memcpy.o)
 .debug_abbrev  0x0000000000004581      0x3bd /usr/lib/gcc/arm-none-eabi/4.9.3/../../../arm-none-eabi/lib/libc.a(lib_a-mprec.o)
 .debug_abbrev  0x000000000000493e      0x229 /usr/lib/gcc/arm-none-eabi/4.9.3/../../../arm-none-eabi/lib/libc.a(lib_a-putc.o)
 .debug_abbrev  0x0000000000004b67       0x6d /usr/lib/gcc/arm-none-eabi/4.9.3/../../../arm-none-eabi/lib/libc.a(lib_a-s_fpclassify.o)
 .debug_abbrev  0x0000000000004bd4       0x14 /usr/lib/gcc/arm-none-eabi/4.9.3/../../../arm-none-eabi/lib/libc.a(lib_a-strcmp.o)
 .debug_abbrev  0x0000000000004be8      0x3c9 /usr/lib/gcc/arm-none-eabi/4.9.3/../../../arm-none-eabi/lib/libc.a(lib_a-vfiprintf.o)
 .debug_abbrev  0x0000000000004fb1      0x25b /usr/lib/gcc/arm-none-eabi/4.9.3/../../../arm-none-eabi/lib/libc.a(lib_a-wbuf.o)
 .debug_abbrev  0x000000000000520c      0x213 /usr/lib/gcc/arm-none-eabi/4.9.3/../../../arm-none-eabi/lib/libc.a(lib_a-callocr.o)
 .debug_abbrev  0x000000000000541f      0x26e /usr/lib/gcc/arm-none-eabi/4.9.3/../../../arm-none-eabi/lib/libc.a(lib_a-fputwc.o)
 .debug_abbrev  0x000000000000568d      0x1fe /usr/lib/gcc/arm-none-eabi/4.9.3/../../../arm-none-eabi/lib/libc.a(lib_a-fstatr.o)
 .debug_abbrev  0x000000000000588b      0x247 /usr/lib/gcc/arm-none-eabi/4.9.3/../../../arm-none-eabi/lib/libc.a(lib_a-fvwrite.o)
 .debug_abbrev  0x0000000000005ad2      0x1ef /usr/lib/gcc/arm-none-eabi/4.9.3/../../../arm-none-eabi/lib/libc.a(lib_a-isattyr.o)
 .debug_abbrev  0x0000000000005cc1       0xab /usr/lib/gcc/arm-none-eabi/4.9.3/../../../arm-none-eabi/lib/libc.a(lib_a-memmove.o)
 .debug_abbrev  0x0000000000005d6c      0x25b /usr/lib/gcc/arm-none-eabi/4.9.3/../../../arm-none-eabi/lib/libc.a(lib_a-reallocr.o)
 .debug_abbrev  0x0000000000005fc7      0x213 /usr/lib/gcc/arm-none-eabi/4.9.3/../../../arm-none-eabi/lib/libc.a(lib_a-wcrtomb.o)
 .debug_abbrev  0x00000000000061da      0x203 /usr/lib/gcc/arm-none-eabi/4.9.3/../../../arm-none-eabi/lib/libc.a(lib_a-wctomb_r.o)
 .debug_abbrev  0x00000000000063dd       0x14 /usr/lib/gcc/arm-none-eabi/4.9.3/libgcc.a(_udivsi3.o)
 .debug_abbrev  0x00000000000063f1       0x14 /usr/lib/gcc/arm-none-eabi/4.9.3/libgcc.a(_divsi3.o)
 .debug_abbrev  0x0000000000006405       0x14 /usr/lib/gcc/arm-none-eabi/4.9.3/libgcc.a(_dvmd_tls.o)
 .debug_abbrev  0x0000000000006419       0x14 /usr/lib/gcc/arm-none-eabi/4.9.3/libgcc.a(_arm_addsubdf3.o)
 .debug_abbrev  0x000000000000642d       0x14 /usr/lib/gcc/arm-none-eabi/4.9.3/libgcc.a(_arm_muldivdf3.o)
 .debug_abbrev  0x0000000000006441       0x14 /usr/lib/gcc/arm-none-eabi/4.9.3/libgcc.a(_arm_cmpdf2.o)
 .debug_abbrev  0x0000000000006455       0x14 /usr/lib/gcc/arm-none-eabi/4.9.3/libgcc.a(_arm_fixdfsi.o)
 .debug_abbrev  0x0000000000006469       0x14 /usr/lib/gcc/arm-none-eabi/4.9.3/libgcc.a(_aeabi_uldivmod.o)
 .debug_abbrev  0x000000000000647d       0xb7 /usr/lib/gcc/arm-none-eabi/4.9.3/libgcc.a(bpabi.o)
 .debug_abbrev  0x0000000000006534      0x123 /usr/lib/gcc/arm-none-eabi/4.9.3/libgcc.a(_divdi3.o)
 .debug_abbrev  0x0000000000006657       0xc7 /usr/lib/gcc/arm-none-eabi/4.9.3/libgcc.a(_udivdi3.o)
 .debug_abbrev  0x000000000000671e       0x14 /usr/lib/gcc/arm-none-eabi/4.9.3/libgcc.a(_clzdi2.o)
 .debug_abbrev  0x0000000000006732       0x14 /usr/lib/gcc/arm-none-eabi/4.9.3/libgcc.a(_clzsi2.o)

.debug_line     0x0000000000000000     0x7395
 *(.debug_line .debug_line.* .debug_line_end)
 .debug_line    0x0000000000000000       0xac /usr/lib/gcc/arm-none-eabi/4.9.3/../../../arm-none-eabi/lib/rdimon-crt0.o
 .debug_line    0x00000000000000ac       0xc0 /usr/lib/gcc/arm-none-eabi/4.9.3/../../../arm-none-eabi/lib/libc.a(lib_a-atexit.o)
 .debug_line    0x000000000000016c      0x172 /usr/lib/gcc/arm-none-eabi/4.9.3/../../../arm-none-eabi/lib/libc.a(lib_a-exit.o)
 .debug_line    0x00000000000002de       0x99 /usr/lib/gcc/arm-none-eabi/4.9.3/../../../arm-none-eabi/lib/libc.a(lib_a-fini.o)
 .debug_line    0x0000000000000377       0xee /usr/lib/gcc/arm-none-eabi/4.9.3/../../../arm-none-eabi/lib/libc.a(lib_a-impure.o)
 .debug_line    0x0000000000000465       0xb3 /usr/lib/gcc/arm-none-eabi/4.9.3/../../../arm-none-eabi/lib/libc.a(lib_a-init.o)
 .debug_line    0x0000000000000518      0x11a /usr/lib/gcc/arm-none-eabi/4.9.3/../../../arm-none-eabi/lib/libc.a(lib_a-memset.o)
 .debug_line    0x0000000000000632      0x18f /usr/lib/gcc/arm-none-eabi/4.9.3/../../../arm-none-eabi/lib/libc.a(lib_a-__atexit.o)
 .debug_line    0x00000000000007c1      0x1c3 /usr/lib/gcc/arm-none-eabi/4.9.3/../../../arm-none-eabi/lib/libc.a(lib_a-__call_atexit.o)
 .debug_line    0x0000000000000984      0x70d /usr/lib/gcc/arm-none-eabi/4.9.3/../../../arm-none-eabi/lib/librdimon.a(rdimon-syscalls.o)
 .debug_line    0x0000000000001091       0x50 /usr/lib/gcc/arm-none-eabi/4.9.3/../../../arm-none-eabi/lib/librdimon.a(rdimon-_exit.o)
 .debug_line    0x00000000000010e1       0x65 /usr/lib/gcc/arm-none-eabi/4.9.3/../../../arm-none-eabi/lib/librdimon.a(rdimon-_kill.o)
 .debug_line    0x0000000000001146      0x109 /usr/lib/gcc/arm-none-eabi/4.9.3/../../../arm-none-eabi/lib/libc.a(lib_a-errno.o)
 .debug_line    0x000000000000124f      0x320 /usr/lib/gcc/arm-none-eabi/4.9.3/../../../arm-none-eabi/lib/libc.a(lib_a-findfp.o)
 .debug_line    0x000000000000156f      0x1a0 /usr/lib/gcc/arm-none-eabi/4.9.3/../../../arm-none-eabi/lib/libc.a(lib_a-fwalk.o)
 .debug_line    0x000000000000170f      0x34d /usr/lib/gcc/arm-none-eabi/4.9.3/../../../arm-none-eabi/lib/libc.a(lib_a-mallocr.o)
 .debug_line    0x0000000000001a5c      0x10c /usr/lib/gcc/arm-none-eabi/4.9.3/../../../arm-none-eabi/lib/libc.a(lib_a-mlock.o)
 .debug_line    0x0000000000001b68      0x166 /usr/lib/gcc/arm-none-eabi/4.9.3/../../../arm-none-eabi/lib/libc.a(lib_a-sbrkr.o)
 .debug_line    0x0000000000001cce      0x1cb /usr/lib/gcc/arm-none-eabi/4.9.3/../../../arm-none-eabi/lib/libc.a(lib_a-stdio.o)
 .debug_line    0x0000000000001e99       0xef /usr/lib/gcc/arm-none-eabi/4.9.3/../../../arm-none-eabi/lib/libc.a(lib_a-strlen.o)
 .debug_line    0x0000000000001f88      0x166 /usr/lib/gcc/arm-none-eabi/4.9.3/../../../arm-none-eabi/lib/libc.a(lib_a-writer.o)
 .debug_line    0x00000000000020ee      0x164 /usr/lib/gcc/arm-none-eabi/4.9.3/../../../arm-none-eabi/lib/libc.a(lib_a-closer.o)
 .debug_line    0x0000000000002252      0x1b6 /usr/lib/gcc/arm-none-eabi/4.9.3/../../../arm-none-eabi/lib/libc.a(lib_a-fclose.o)
 .debug_line    0x0000000000002408      0x25e /usr/lib/gcc/arm-none-eabi/4.9.3/../../../arm-none-eabi/lib/libc.a(lib_a-fflush.o)
 .debug_line    0x0000000000002666      0x261 /usr/lib/gcc/arm-none-eabi/4.9.3/../../../arm-none-eabi/lib/libc.a(lib_a-freer.o)
 .debug_line    0x00000000000028c7      0x166 /usr/lib/gcc/arm-none-eabi/4.9.3/../../../arm-none-eabi/lib/libc.a(lib_a-lseekr.o)
 .debug_line    0x0000000000002a2d      0x165 /usr/lib/gcc/arm-none-eabi/4.9.3/../../../arm-none-eabi/lib/libc.a(lib_a-readr.o)
 .debug_line    0x0000000000002b92      0x19b /usr/lib/gcc/arm-none-eabi/4.9.3/../../../arm-none-eabi/lib/libc.a(lib_a-reent.o)
 .debug_line    0x0000000000002d2d      0x188 /usr/lib/gcc/arm-none-eabi/4.9.3/../../../arm-none-eabi/lib/libc.a(lib_a-printf.o)
 .debug_line    0x0000000000002eb5      0x16b /usr/lib/gcc/arm-none-eabi/4.9.3/../../../arm-none-eabi/lib/libc.a(lib_a-putchar.o)
 .debug_line    0x0000000000003020      0x9d6 /usr/lib/gcc/arm-none-eabi/4.9.3/../../../arm-none-eabi/lib/libc.a(lib_a-vfprintf.o)
 .debug_line    0x00000000000039f6      0x1d6 /usr/lib/gcc/arm-none-eabi/4.9.3/../../../arm-none-eabi/lib/libc.a(lib_a-wsetup.o)
 .debug_line    0x0000000000003bcc      0x689 /usr/lib/gcc/arm-none-eabi/4.9.3/../../../arm-none-eabi/lib/libc.a(lib_a-dtoa.o)
 .debug_line    0x0000000000004255      0x207 /usr/lib/gcc/arm-none-eabi/4.9.3/../../../arm-none-eabi/lib/libc.a(lib_a-locale.o)
 .debug_line    0x000000000000445c      0x1df /usr/lib/gcc/arm-none-eabi/4.9.3/../../../arm-none-eabi/lib/libc.a(lib_a-makebuf.o)
 .debug_line    0x000000000000463b      0x11c /usr/lib/gcc/arm-none-eabi/4.9.3/../../../arm-none-eabi/lib/libc.a(lib_a-memchr.o)
 .debug_line    0x0000000000004757      0x119 /usr/lib/gcc/arm-none-eabi/4.9.3/../../../arm-none-eabi/lib/libc.a(lib_a-memcpy.o)
 .debug_line    0x0000000000004870      0x6d9 /usr/lib/gcc/arm-none-eabi/4.9.3/../../../arm-none-eabi/lib/libc.a(lib_a-mprec.o)
 .debug_line    0x0000000000004f49      0x1d5 /usr/lib/gcc/arm-none-eabi/4.9.3/../../../arm-none-eabi/lib/libc.a(lib_a-putc.o)
 .debug_line    0x000000000000511e      0x12a /usr/lib/gcc/arm-none-eabi/4.9.3/../../../arm-none-eabi/lib/libc.a(lib_a-s_fpclassify.o)
 .debug_line    0x0000000000005248       0xf9 /usr/lib/gcc/arm-none-eabi/4.9.3/../../../arm-none-eabi/lib/libc.a(lib_a-strcmp.o)
 .debug_line    0x0000000000005341      0x74c /usr/lib/gcc/arm-none-eabi/4.9.3/../../../arm-none-eabi/lib/libc.a(lib_a-vfiprintf.o)
 .debug_line    0x0000000000005a8d      0x1cd /usr/lib/gcc/arm-none-eabi/4.9.3/../../../arm-none-eabi/lib/libc.a(lib_a-wbuf.o)
 .debug_line    0x0000000000005c5a      0x12d /usr/lib/gcc/arm-none-eabi/4.9.3/../../../arm-none-eabi/lib/libc.a(lib_a-callocr.o)
 .debug_line    0x0000000000005d87      0x1e9 /usr/lib/gcc/arm-none-eabi/4.9.3/../../../arm-none-eabi/lib/libc.a(lib_a-fputwc.o)
 .debug_line    0x0000000000005f70      0x179 /usr/lib/gcc/arm-none-eabi/4.9.3/../../../arm-none-eabi/lib/libc.a(lib_a-fstatr.o)
 .debug_line    0x00000000000060e9      0x2a8 /usr/lib/gcc/arm-none-eabi/4.9.3/../../../arm-none-eabi/lib/libc.a(lib_a-fvwrite.o)
 .debug_line    0x0000000000006391      0x165 /usr/lib/gcc/arm-none-eabi/4.9.3/../../../arm-none-eabi/lib/libc.a(lib_a-isattyr.o)
 .debug_line    0x00000000000064f6      0x127 /usr/lib/gcc/arm-none-eabi/4.9.3/../../../arm-none-eabi/lib/libc.a(lib_a-memmove.o)
 .debug_line    0x000000000000661d      0x258 /usr/lib/gcc/arm-none-eabi/4.9.3/../../../arm-none-eabi/lib/libc.a(lib_a-reallocr.o)
 .debug_line    0x0000000000006875      0x19a /usr/lib/gcc/arm-none-eabi/4.9.3/../../../arm-none-eabi/lib/libc.a(lib_a-wcrtomb.o)
 .debug_line    0x0000000000006a0f      0x189 /usr/lib/gcc/arm-none-eabi/4.9.3/../../../arm-none-eabi/lib/libc.a(lib_a-wctomb_r.o)
 .debug_line    0x0000000000006b98       0x78 /usr/lib/gcc/arm-none-eabi/4.9.3/libgcc.a(_udivsi3.o)
 .debug_line    0x0000000000006c10       0x84 /usr/lib/gcc/arm-none-eabi/4.9.3/libgcc.a(_divsi3.o)
 .debug_line    0x0000000000006c94       0x5b /usr/lib/gcc/arm-none-eabi/4.9.3/libgcc.a(_dvmd_tls.o)
 .debug_line    0x0000000000006cef      0x15e /usr/lib/gcc/arm-none-eabi/4.9.3/libgcc.a(_arm_addsubdf3.o)
 .debug_line    0x0000000000006e4d      0x17a /usr/lib/gcc/arm-none-eabi/4.9.3/libgcc.a(_arm_muldivdf3.o)
 .debug_line    0x0000000000006fc7       0xa8 /usr/lib/gcc/arm-none-eabi/4.9.3/libgcc.a(_arm_cmpdf2.o)
 .debug_line    0x000000000000706f       0x72 /usr/lib/gcc/arm-none-eabi/4.9.3/libgcc.a(_arm_fixdfsi.o)
 .debug_line    0x00000000000070e1       0x5e /usr/lib/gcc/arm-none-eabi/4.9.3/libgcc.a(_aeabi_uldivmod.o)
 .debug_line    0x000000000000713f       0x5f /usr/lib/gcc/arm-none-eabi/4.9.3/libgcc.a(bpabi.o)
 .debug_line    0x000000000000719e       0x98 /usr/lib/gcc/arm-none-eabi/4.9.3/libgcc.a(_divdi3.o)
 .debug_line    0x0000000000007236       0x92 /usr/lib/gcc/arm-none-eabi/4.9.3/libgcc.a(_udivdi3.o)
 .debug_line    0x00000000000072c8       0x65 /usr/lib/gcc/arm-none-eabi/4.9.3/libgcc.a(_clzdi2.o)
 .debug_line    0x000000000000732d       0x68 /usr/lib/gcc/arm-none-eabi/4.9.3/libgcc.a(_clzsi2.o)

.debug_frame    0x0000000000000000     0x19e0
 *(.debug_frame)
 .debug_frame   0x0000000000000000       0x2c /usr/lib/gcc/arm-none-eabi/4.9.3/../../../arm-none-eabi/lib/libc.a(lib_a-atexit.o)
 .debug_frame   0x000000000000002c       0x28 /usr/lib/gcc/arm-none-eabi/4.9.3/../../../arm-none-eabi/lib/libc.a(lib_a-exit.o)
 .debug_frame   0x0000000000000054       0x34 /usr/lib/gcc/arm-none-eabi/4.9.3/../../../arm-none-eabi/lib/libc.a(lib_a-fini.o)
 .debug_frame   0x0000000000000088       0x34 /usr/lib/gcc/arm-none-eabi/4.9.3/../../../arm-none-eabi/lib/libc.a(lib_a-init.o)
 .debug_frame   0x00000000000000bc       0x30 /usr/lib/gcc/arm-none-eabi/4.9.3/../../../arm-none-eabi/lib/libc.a(lib_a-memset.o)
 .debug_frame   0x00000000000000ec       0x3c /usr/lib/gcc/arm-none-eabi/4.9.3/../../../arm-none-eabi/lib/libc.a(lib_a-__atexit.o)
 .debug_frame   0x0000000000000128       0x68 /usr/lib/gcc/arm-none-eabi/4.9.3/../../../arm-none-eabi/lib/libc.a(lib_a-__call_atexit.o)
 .debug_frame   0x0000000000000190      0x460 /usr/lib/gcc/arm-none-eabi/4.9.3/../../../arm-none-eabi/lib/librdimon.a(rdimon-syscalls.o)
 .debug_frame   0x00000000000005f0       0x2c /usr/lib/gcc/arm-none-eabi/4.9.3/../../../arm-none-eabi/lib/librdimon.a(rdimon-_exit.o)
 .debug_frame   0x000000000000061c       0x30 /usr/lib/gcc/arm-none-eabi/4.9.3/../../../arm-none-eabi/lib/librdimon.a(rdimon-_kill.o)
 .debug_frame   0x000000000000064c       0x20 /usr/lib/gcc/arm-none-eabi/4.9.3/../../../arm-none-eabi/lib/libc.a(lib_a-errno.o)
 .debug_frame   0x000000000000066c      0x174 /usr/lib/gcc/arm-none-eabi/4.9.3/../../../arm-none-eabi/lib/libc.a(lib_a-findfp.o)
 .debug_frame   0x00000000000007e0       0x80 /usr/lib/gcc/arm-none-eabi/4.9.3/../../../arm-none-eabi/lib/libc.a(lib_a-fwalk.o)
 .debug_frame   0x0000000000000860       0x84 /usr/lib/gcc/arm-none-eabi/4.9.3/../../../arm-none-eabi/lib/libc.a(lib_a-mallocr.o)
 .debug_frame   0x00000000000008e4       0x30 /usr/lib/gcc/arm-none-eabi/4.9.3/../../../arm-none-eabi/lib/libc.a(lib_a-mlock.o)
 .debug_frame   0x0000000000000914       0x3c /usr/lib/gcc/arm-none-eabi/4.9.3/../../../arm-none-eabi/lib/libc.a(lib_a-sbrkr.o)
 .debug_frame   0x0000000000000950       0x9c /usr/lib/gcc/arm-none-eabi/4.9.3/../../../arm-none-eabi/lib/libc.a(lib_a-stdio.o)
 .debug_frame   0x00000000000009ec       0x20 /usr/lib/gcc/arm-none-eabi/4.9.3/../../../arm-none-eabi/lib/libc.a(lib_a-strlen.o)
 .debug_frame   0x0000000000000a0c       0x34 /usr/lib/gcc/arm-none-eabi/4.9.3/../../../arm-none-eabi/lib/libc.a(lib_a-writer.o)
 .debug_frame   0x0000000000000a40       0x34 /usr/lib/gcc/arm-none-eabi/4.9.3/../../../arm-none-eabi/lib/libc.a(lib_a-closer.o)
 .debug_frame   0x0000000000000a74       0x58 /usr/lib/gcc/arm-none-eabi/4.9.3/../../../arm-none-eabi/lib/libc.a(lib_a-fclose.o)
 .debug_frame   0x0000000000000acc       0xa8 /usr/lib/gcc/arm-none-eabi/4.9.3/../../../arm-none-eabi/lib/libc.a(lib_a-fflush.o)
 .debug_frame   0x0000000000000b74       0x78 /usr/lib/gcc/arm-none-eabi/4.9.3/../../../arm-none-eabi/lib/libc.a(lib_a-freer.o)
 .debug_frame   0x0000000000000bec       0x34 /usr/lib/gcc/arm-none-eabi/4.9.3/../../../arm-none-eabi/lib/libc.a(lib_a-lseekr.o)
 .debug_frame   0x0000000000000c20       0x34 /usr/lib/gcc/arm-none-eabi/4.9.3/../../../arm-none-eabi/lib/libc.a(lib_a-readr.o)
 .debug_frame   0x0000000000000c54       0x64 /usr/lib/gcc/arm-none-eabi/4.9.3/../../../arm-none-eabi/lib/libc.a(lib_a-reent.o)
 .debug_frame   0x0000000000000cb8       0x74 /usr/lib/gcc/arm-none-eabi/4.9.3/../../../arm-none-eabi/lib/libc.a(lib_a-printf.o)
 .debug_frame   0x0000000000000d2c       0x48 /usr/lib/gcc/arm-none-eabi/4.9.3/../../../arm-none-eabi/lib/libc.a(lib_a-putchar.o)
 .debug_frame   0x0000000000000d74       0xcc /usr/lib/gcc/arm-none-eabi/4.9.3/../../../arm-none-eabi/lib/libc.a(lib_a-vfprintf.o)
 .debug_frame   0x0000000000000e40       0x40 /usr/lib/gcc/arm-none-eabi/4.9.3/../../../arm-none-eabi/lib/libc.a(lib_a-wsetup.o)
 .debug_frame   0x0000000000000e80       0xac /usr/lib/gcc/arm-none-eabi/4.9.3/../../../arm-none-eabi/lib/libc.a(lib_a-dtoa.o)
 .debug_frame   0x0000000000000f2c       0xa4 /usr/lib/gcc/arm-none-eabi/4.9.3/../../../arm-none-eabi/lib/libc.a(lib_a-locale.o)
 .debug_frame   0x0000000000000fd0       0x58 /usr/lib/gcc/arm-none-eabi/4.9.3/../../../arm-none-eabi/lib/libc.a(lib_a-makebuf.o)
 .debug_frame   0x0000000000001028       0x3c /usr/lib/gcc/arm-none-eabi/4.9.3/../../../arm-none-eabi/lib/libc.a(lib_a-memchr.o)
 .debug_frame   0x0000000000001064       0x38 /usr/lib/gcc/arm-none-eabi/4.9.3/../../../arm-none-eabi/lib/libc.a(lib_a-memcpy.o)
 .debug_frame   0x000000000000109c      0x2ec /usr/lib/gcc/arm-none-eabi/4.9.3/../../../arm-none-eabi/lib/libc.a(lib_a-mprec.o)
 .debug_frame   0x0000000000001388       0x60 /usr/lib/gcc/arm-none-eabi/4.9.3/../../../arm-none-eabi/lib/libc.a(lib_a-putc.o)
 .debug_frame   0x00000000000013e8       0x20 /usr/lib/gcc/arm-none-eabi/4.9.3/../../../arm-none-eabi/lib/libc.a(lib_a-s_fpclassify.o)
 .debug_frame   0x0000000000001408      0x110 /usr/lib/gcc/arm-none-eabi/4.9.3/../../../arm-none-eabi/lib/libc.a(lib_a-vfiprintf.o)
 .debug_frame   0x0000000000001518       0x48 /usr/lib/gcc/arm-none-eabi/4.9.3/../../../arm-none-eabi/lib/libc.a(lib_a-wbuf.o)
 .debug_frame   0x0000000000001560       0x34 /usr/lib/gcc/arm-none-eabi/4.9.3/../../../arm-none-eabi/lib/libc.a(lib_a-callocr.o)
 .debug_frame   0x0000000000001594       0x94 /usr/lib/gcc/arm-none-eabi/4.9.3/../../../arm-none-eabi/lib/libc.a(lib_a-fputwc.o)
 .debug_frame   0x0000000000001628       0x34 /usr/lib/gcc/arm-none-eabi/4.9.3/../../../arm-none-eabi/lib/libc.a(lib_a-fstatr.o)
 .debug_frame   0x000000000000165c       0x80 /usr/lib/gcc/arm-none-eabi/4.9.3/../../../arm-none-eabi/lib/libc.a(lib_a-fvwrite.o)
 .debug_frame   0x00000000000016dc       0x34 /usr/lib/gcc/arm-none-eabi/4.9.3/../../../arm-none-eabi/lib/libc.a(lib_a-isattyr.o)
 .debug_frame   0x0000000000001710       0x40 /usr/lib/gcc/arm-none-eabi/4.9.3/../../../arm-none-eabi/lib/libc.a(lib_a-memmove.o)
 .debug_frame   0x0000000000001750       0x70 /usr/lib/gcc/arm-none-eabi/4.9.3/../../../arm-none-eabi/lib/libc.a(lib_a-reallocr.o)
 .debug_frame   0x00000000000017c0       0x78 /usr/lib/gcc/arm-none-eabi/4.9.3/../../../arm-none-eabi/lib/libc.a(lib_a-wcrtomb.o)
 .debug_frame   0x0000000000001838       0x50 /usr/lib/gcc/arm-none-eabi/4.9.3/../../../arm-none-eabi/lib/libc.a(lib_a-wctomb_r.o)
 .debug_frame   0x0000000000001888       0x20 /usr/lib/gcc/arm-none-eabi/4.9.3/libgcc.a(_udivsi3.o)
 .debug_frame   0x00000000000018a8       0x20 /usr/lib/gcc/arm-none-eabi/4.9.3/libgcc.a(_divsi3.o)
 .debug_frame   0x00000000000018c8       0x28 /usr/lib/gcc/arm-none-eabi/4.9.3/libgcc.a(_aeabi_uldivmod.o)
 .debug_frame   0x00000000000018f0       0x68 /usr/lib/gcc/arm-none-eabi/4.9.3/libgcc.a(bpabi.o)
 .debug_frame   0x0000000000001958       0x48 /usr/lib/gcc/arm-none-eabi/4.9.3/libgcc.a(_divdi3.o)
 .debug_frame   0x00000000000019a0       0x40 /usr/lib/gcc/arm-none-eabi/4.9.3/libgcc.a(_udivdi3.o)

.debug_str      0x0000000000000000     0x2235
 *(.debug_str)
 .debug_str     0x0000000000000000      0x17f /usr/lib/gcc/arm-none-eabi/4.9.3/../../../arm-none-eabi/lib/libc.a(lib_a-atexit.o)
                                        0x1bf (size before relaxing)
 .debug_str     0x000000000000017f      0x3a3 /usr/lib/gcc/arm-none-eabi/4.9.3/../../../arm-none-eabi/lib/libc.a(lib_a-exit.o)
                                        0x55c (size before relaxing)
 .debug_str     0x0000000000000522       0xb8 /usr/lib/gcc/arm-none-eabi/4.9.3/../../../arm-none-eabi/lib/libc.a(lib_a-fini.o)
                                        0x1b7 (size before relaxing)
 .debug_str     0x00000000000005da       0x92 /usr/lib/gcc/arm-none-eabi/4.9.3/../../../arm-none-eabi/lib/libc.a(lib_a-impure.o)
                                        0x553 (size before relaxing)
 .debug_str     0x000000000000066c       0x8d /usr/lib/gcc/arm-none-eabi/4.9.3/../../../arm-none-eabi/lib/libc.a(lib_a-init.o)
                                        0x1e1 (size before relaxing)
 .debug_str     0x00000000000006f9       0xa3 /usr/lib/gcc/arm-none-eabi/4.9.3/../../../arm-none-eabi/lib/libc.a(lib_a-memset.o)
                                        0x196 (size before relaxing)
 .debug_str     0x000000000000079c       0x2d /usr/lib/gcc/arm-none-eabi/4.9.3/../../../arm-none-eabi/lib/libc.a(lib_a-__atexit.o)
                                        0x59b (size before relaxing)
 .debug_str     0x00000000000007c9       0x68 /usr/lib/gcc/arm-none-eabi/4.9.3/../../../arm-none-eabi/lib/libc.a(lib_a-__call_atexit.o)
                                        0x5b3 (size before relaxing)
 .debug_str     0x0000000000000831      0x3c5 /usr/lib/gcc/arm-none-eabi/4.9.3/../../../arm-none-eabi/lib/librdimon.a(rdimon-syscalls.o)
                                        0x87e (size before relaxing)
 .debug_str     0x0000000000000bf6       0x2e /usr/lib/gcc/arm-none-eabi/4.9.3/../../../arm-none-eabi/lib/librdimon.a(rdimon-_exit.o)
                                         0xdf (size before relaxing)
 .debug_str     0x0000000000000c24       0x21 /usr/lib/gcc/arm-none-eabi/4.9.3/../../../arm-none-eabi/lib/librdimon.a(rdimon-_kill.o)
                                        0x17d (size before relaxing)
 .debug_str     0x0000000000000c45       0x85 /usr/lib/gcc/arm-none-eabi/4.9.3/../../../arm-none-eabi/lib/libc.a(lib_a-errno.o)
                                        0x53b (size before relaxing)
 .debug_str     0x0000000000000cca      0x180 /usr/lib/gcc/arm-none-eabi/4.9.3/../../../arm-none-eabi/lib/libc.a(lib_a-findfp.o)
                                        0x67a (size before relaxing)
 .debug_str     0x0000000000000e4a       0x38 /usr/lib/gcc/arm-none-eabi/4.9.3/../../../arm-none-eabi/lib/libc.a(lib_a-fwalk.o)
                                        0x558 (size before relaxing)
 .debug_str     0x0000000000000e82      0x226 /usr/lib/gcc/arm-none-eabi/4.9.3/../../../arm-none-eabi/lib/libc.a(lib_a-mallocr.o)
                                        0x762 (size before relaxing)
 .debug_str     0x00000000000010a8       0x3f /usr/lib/gcc/arm-none-eabi/4.9.3/../../../arm-none-eabi/lib/libc.a(lib_a-mlock.o)
                                        0x55c (size before relaxing)
 .debug_str     0x00000000000010e7       0x29 /usr/lib/gcc/arm-none-eabi/4.9.3/../../../arm-none-eabi/lib/libc.a(lib_a-sbrkr.o)
                                        0x54a (size before relaxing)
 .debug_str     0x0000000000001110       0x89 /usr/lib/gcc/arm-none-eabi/4.9.3/../../../arm-none-eabi/lib/libc.a(lib_a-stdio.o)
                                        0x5ae (size before relaxing)
 .debug_str     0x0000000000001199       0x95 /usr/lib/gcc/arm-none-eabi/4.9.3/../../../arm-none-eabi/lib/libc.a(lib_a-strlen.o)
                                        0x18f (size before relaxing)
 .debug_str     0x000000000000122e       0x2a /usr/lib/gcc/arm-none-eabi/4.9.3/../../../arm-none-eabi/lib/libc.a(lib_a-writer.o)
                                        0x547 (size before relaxing)
 .debug_str     0x0000000000001258       0x2a /usr/lib/gcc/arm-none-eabi/4.9.3/../../../arm-none-eabi/lib/libc.a(lib_a-closer.o)
                                        0x537 (size before relaxing)
 .debug_str     0x0000000000001282       0x5b /usr/lib/gcc/arm-none-eabi/4.9.3/../../../arm-none-eabi/lib/libc.a(lib_a-fclose.o)
                                        0x5a0 (size before relaxing)
 .debug_str     0x00000000000012dd       0x4c /usr/lib/gcc/arm-none-eabi/4.9.3/../../../arm-none-eabi/lib/libc.a(lib_a-fflush.o)
                                        0x5b3 (size before relaxing)
 .debug_str     0x0000000000001329       0x34 /usr/lib/gcc/arm-none-eabi/4.9.3/../../../arm-none-eabi/lib/libc.a(lib_a-freer.o)
                                        0x6ac (size before relaxing)
 .debug_str     0x000000000000135d       0x2a /usr/lib/gcc/arm-none-eabi/4.9.3/../../../arm-none-eabi/lib/libc.a(lib_a-lseekr.o)
                                        0x545 (size before relaxing)
 .debug_str     0x0000000000001387       0x29 /usr/lib/gcc/arm-none-eabi/4.9.3/../../../arm-none-eabi/lib/libc.a(lib_a-readr.o)
                                        0x545 (size before relaxing)
 .debug_str     0x00000000000013b0       0x55 /usr/lib/gcc/arm-none-eabi/4.9.3/../../../arm-none-eabi/lib/libc.a(lib_a-reent.o)
                                        0x572 (size before relaxing)
 .debug_str     0x0000000000001405       0x5e /usr/lib/gcc/arm-none-eabi/4.9.3/../../../arm-none-eabi/lib/libc.a(lib_a-printf.o)
                                        0x57c (size before relaxing)
 .debug_str     0x0000000000001463       0x46 /usr/lib/gcc/arm-none-eabi/4.9.3/../../../arm-none-eabi/lib/libc.a(lib_a-putchar.o)
                                        0x55b (size before relaxing)
 .debug_str     0x00000000000014a9      0x341 /usr/lib/gcc/arm-none-eabi/4.9.3/../../../arm-none-eabi/lib/libc.a(lib_a-vfprintf.o)
                                        0x935 (size before relaxing)
 .debug_str     0x00000000000017ea       0x37 /usr/lib/gcc/arm-none-eabi/4.9.3/../../../arm-none-eabi/lib/libc.a(lib_a-wsetup.o)
                                        0x572 (size before relaxing)
 .debug_str     0x0000000000001821      0x14e /usr/lib/gcc/arm-none-eabi/4.9.3/../../../arm-none-eabi/lib/libc.a(lib_a-dtoa.o)
                                        0x6a5 (size before relaxing)
 .debug_str     0x000000000000196f      0x16f /usr/lib/gcc/arm-none-eabi/4.9.3/../../../arm-none-eabi/lib/libc.a(lib_a-locale.o)
                                        0x7b0 (size before relaxing)
 .debug_str     0x0000000000001ade       0x49 /usr/lib/gcc/arm-none-eabi/4.9.3/../../../arm-none-eabi/lib/libc.a(lib_a-makebuf.o)
                                        0x655 (size before relaxing)
 .debug_str     0x0000000000001b27       0x3e /usr/lib/gcc/arm-none-eabi/4.9.3/../../../arm-none-eabi/lib/libc.a(lib_a-memchr.o)
                                        0x19c (size before relaxing)
 .debug_str     0x0000000000001b65       0x52 /usr/lib/gcc/arm-none-eabi/4.9.3/../../../arm-none-eabi/lib/libc.a(lib_a-memcpy.o)
                                        0x1a9 (size before relaxing)
 .debug_str     0x0000000000001bb7       0x95 /usr/lib/gcc/arm-none-eabi/4.9.3/../../../arm-none-eabi/lib/libc.a(lib_a-mprec.o)
                                        0x65f (size before relaxing)
 .debug_str     0x0000000000001c4c       0x37 /usr/lib/gcc/arm-none-eabi/4.9.3/../../../arm-none-eabi/lib/libc.a(lib_a-putc.o)
                                        0x573 (size before relaxing)
 .debug_str     0x0000000000001c83       0x8e /usr/lib/gcc/arm-none-eabi/4.9.3/../../../arm-none-eabi/lib/libc.a(lib_a-s_fpclassify.o)
                                        0x1ac (size before relaxing)
 .debug_str     0x0000000000001d11       0x36 /usr/lib/gcc/arm-none-eabi/4.9.3/../../../arm-none-eabi/lib/libc.a(lib_a-vfiprintf.o)
                                        0x727 (size before relaxing)
 .debug_str     0x0000000000001d47       0x30 /usr/lib/gcc/arm-none-eabi/4.9.3/../../../arm-none-eabi/lib/libc.a(lib_a-wbuf.o)
                                        0x577 (size before relaxing)