Archive member included to satisfy reference by file (symbol)

/usr/lib/gcc/arm-none-eabi/4.9.3/../../../arm-none-eabi/lib/libc.a(lib_a-atexit.o)
                              /usr/lib/gcc/arm-none-eabi/4.9.3/../../../arm-none-eabi/lib/rdimon-crt0.o (atexit)
/usr/lib/gcc/arm-none-eabi/4.9.3/../../../arm-none-eabi/lib/libc.a(lib_a-exit.o)
                              /usr/lib/gcc/arm-none-eabi/4.9.3/../../../arm-none-eabi/lib/rdimon-crt0.o (exit)
/usr/lib/gcc/arm-none-eabi/4.9.3/../../../arm-none-eabi/lib/libc.a(lib_a-fini.o)
                              /usr/lib/gcc/arm-none-eabi/4.9.3/../../../arm-none-eabi/lib/rdimon-crt0.o (__libc_fini_array)
/usr/lib/gcc/arm-none-eabi/4.9.3/../../../arm-none-eabi/lib/libc.a(lib_a-impure.o)
                              /usr/lib/gcc/arm-none-eabi/4.9.3/../../../arm-none-eabi/lib/libc.a(lib_a-exit.o) (_global_impure_ptr)
/usr/lib/gcc/arm-none-eabi/4.9.3/../../../arm-none-eabi/lib/libc.a(lib_a-init.o)
                              /usr/lib/gcc/arm-none-eabi/4.9.3/../../../arm-none-eabi/lib/rdimon-crt0.o (__libc_init_array)
/usr/lib/gcc/arm-none-eabi/4.9.3/../../../arm-none-eabi/lib/libc.a(lib_a-memset.o)
                              /usr/lib/gcc/arm-none-eabi/4.9.3/../../../arm-none-eabi/lib/rdimon-crt0.o (memset)
/usr/lib/gcc/arm-none-eabi/4.9.3/../../../arm-none-eabi/lib/libc.a(lib_a-__atexit.o)
                              /usr/lib/gcc/arm-none-eabi/4.9.3/../../../arm-none-eabi/lib/libc.a(lib_a-atexit.o) (__register_exitproc)
/usr/lib/gcc/arm-none-eabi/4.9.3/../../../arm-none-eabi/lib/libc.a(lib_a-__call_atexit.o)
                              /usr/lib/gcc/arm-none-eabi/4.9.3/../../../arm-none-eabi/lib/libc.a(lib_a-exit.o) (__call_exitprocs)
/usr/lib/gcc/arm-none-eabi/4.9.3/../../../arm-none-eabi/lib/librdimon.a(rdimon-syscalls.o)
                              /usr/lib/gcc/arm-none-eabi/4.9.3/../../../arm-none-eabi/lib/rdimon-crt0.o (initialise_monitor_handles)
/usr/lib/gcc/arm-none-eabi/4.9.3/../../../arm-none-eabi/lib/librdimon.a(rdimon-_exit.o)
                              /usr/lib/gcc/arm-none-eabi/4.9.3/../../../arm-none-eabi/lib/libc.a(lib_a-exit.o) (_exit)
/usr/lib/gcc/arm-none-eabi/4.9.3/../../../arm-none-eabi/lib/librdimon.a(rdimon-_kill.o)
                              /usr/lib/gcc/arm-none-eabi/4.9.3/../../../arm-none-eabi/lib/librdimon.a(rdimon-_exit.o) (_kill)
/usr/lib/gcc/arm-none-eabi/4.9.3/../../../arm-none-eabi/lib/libc.a(lib_a-errno.o)
                              /usr/lib/gcc/arm-none-eabi/4.9.3/../../../arm-none-eabi/lib/librdimon.a(rdimon-syscalls.o) (__errno)
/usr/lib/gcc/arm-none-eabi/4.9.3/../../../arm-none-eabi/lib/libc.a(lib_a-findfp.o)
                              /usr/lib/gcc/arm-none-eabi/4.9.3/../../../arm-none-eabi/lib/librdimon.a(rdimon-syscalls.o) (__sinit)
/usr/lib/gcc/arm-none-eabi/4.9.3/../../../arm-none-eabi/lib/libc.a(lib_a-fwalk.o)
                              /usr/lib/gcc/arm-none-eabi/4.9.3/../../../arm-none-eabi/lib/libc.a(lib_a-findfp.o) (_fwalk)
/usr/lib/gcc/arm-none-eabi/4.9.3/../../../arm-none-eabi/lib/libc.a(lib_a-mallocr.o)
                              /usr/lib/gcc/arm-none-eabi/4.9.3/../../../arm-none-eabi/lib/libc.a(lib_a-findfp.o) (_malloc_r)
/usr/lib/gcc/arm-none-eabi/4.9.3/../../../arm-none-eabi/lib/libc.a(lib_a-mlock.o)
                              /usr/lib/gcc/arm-none-eabi/4.9.3/../../../arm-none-eabi/lib/libc.a(lib_a-mallocr.o) (__malloc_lock)
/usr/lib/gcc/arm-none-eabi/4.9.3/../../../arm-none-eabi/lib/libc.a(lib_a-sbrkr.o)
                              /usr/lib/gcc/arm-none-eabi/4.9.3/../../../arm-none-eabi/lib/libc.a(lib_a-mallocr.o) (_sbrk_r)
/usr/lib/gcc/arm-none-eabi/4.9.3/../../../arm-none-eabi/lib/libc.a(lib_a-stdio.o)
                              /usr/lib/gcc/arm-none-eabi/4.9.3/../../../arm-none-eabi/lib/libc.a(lib_a-findfp.o) (__sread)
/usr/lib/gcc/arm-none-eabi/4.9.3/../../../arm-none-eabi/lib/libc.a(lib_a-strlen.o)
                              /usr/lib/gcc/arm-none-eabi/4.9.3/../../../arm-none-eabi/lib/librdimon.a(rdimon-syscalls.o) (strlen)
/usr/lib/gcc/arm-none-eabi/4.9.3/../../../arm-none-eabi/lib/libc.a(lib_a-writer.o)
                              /usr/lib/gcc/arm-none-eabi/4.9.3/../../../arm-none-eabi/lib/libc.a(lib_a-stdio.o) (_write_r)
/usr/lib/gcc/arm-none-eabi/4.9.3/../../../arm-none-eabi/lib/libc.a(lib_a-closer.o)
                              /usr/lib/gcc/arm-none-eabi/4.9.3/../../../arm-none-eabi/lib/libc.a(lib_a-stdio.o) (_close_r)
/usr/lib/gcc/arm-none-eabi/4.9.3/../../../arm-none-eabi/lib/libc.a(lib_a-fclose.o)
                              /usr/lib/gcc/arm-none-eabi/4.9.3/../../../arm-none-eabi/lib/libc.a(lib_a-findfp.o) (_fclose_r)
/usr/lib/gcc/arm-none-eabi/4.9.3/../../../arm-none-eabi/lib/libc.a(lib_a-fflush.o)
                              /usr/lib/gcc/arm-none-eabi/4.9.3/../../../arm-none-eabi/lib/libc.a(lib_a-fclose.o) (__sflush_r)
/usr/lib/gcc/arm-none-eabi/4.9.3/../../../arm-none-eabi/lib/libc.a(lib_a-freer.o)
[...]
Memory Configuration

Name             Origin             Length             Attributes
RAM              0x0000000020000000 0x0000000000080000 xrw
FLASH            0x0000000000200000 0x0000000000200000 xr
*default*        0x0000000000000000 0xffffffffffffffff

Linker script and memory map

LOAD /usr/lib/gcc/arm-none-eabi/4.9.3/crti.o
LOAD /usr/lib/gcc/arm-none-eabi/4.9.3/crtbegin.o
LOAD /usr/lib/gcc/arm-none-eabi/4.9.3/../../../arm-none-eabi/lib/rdimon-crt0.o
LOAD /tmp/ccF60R7z.o
LOAD /tmp/ccQ2fIOo.ltrans0.ltrans.o
LOAD /tmp/ccFfK5yO.o
START GROUP
LOAD /usr/lib/gcc/arm-none-eabi/4.9.3/libgcc.a
LOAD /usr/lib/gcc/arm-none-eabi/4.9.3/../../../arm-none-eabi/lib/libc.a
END GROUP
START GROUP
LOAD /usr/lib/gcc/arm-none-eabi/4.9.3/libgcc.a
LOAD /usr/lib/gcc/arm-none-eabi/4.9.3/../../../arm-none-eabi/lib/libc.a
LOAD /usr/lib/gcc/arm-none-eabi/4.9.3/../../../arm-none-eabi/lib/librdimon.a
END GROUP
LOAD /usr/lib/gcc/arm-none-eabi/4.9.3/crtend.o
LOAD /usr/lib/gcc/arm-none-eabi/4.9.3/crtn.o

.text           0x0000000000200000     0x8d80
 *(.isr_vector)
 .isr_vector    0x0000000000200000       0x44 /tmp/ccFfK5yO.o
                0x0000000000200000                __isr_vector
 *(.text*)
 .text          0x0000000000200044      0x108 /usr/lib/gcc/arm-none-eabi/4.9.3/crtbegin.o
 .text          0x000000000020014c      0x148 /usr/lib/gcc/arm-none-eabi/4.9.3/../../../arm-none-eabi/lib/rdimon-crt0.o
                0x000000000020014c                _mainCRTStartup
                0x000000000020014c                _start
 .text.SystemInit
                0x0000000000200294        0x2 /tmp/ccQ2fIOo.ltrans0.ltrans.o
                0x0000000000200294                SystemInit
 *fill*         0x0000000000200296        0x2 
 .text.startup.main
                0x0000000000200298       0x38 /tmp/ccQ2fIOo.ltrans0.ltrans.o
                0x0000000000200298                main
 .text          0x00000000002002d0       0x2c /tmp/ccFfK5yO.o
                0x00000000002002d0                Reset_Handler
                0x00000000002002f8                DebugMon_Handler
                0x00000000002002f8                HardFault_Handler
                0x00000000002002f8                SysTick_Handler
                0x00000000002002f8                PendSV_Handler
                0x00000000002002f8                NMI_Handler
                0x00000000002002f8                UsageFault_Handler
                0x00000000002002f8                Default_Handler
                0x00000000002002f8                MemManage_Handler
                0x00000000002002f8                SVC_Handler
                0x00000000002002f8                DEF_IRQHandler
                0x00000000002002f8                BusFault_Handler
 .text.atexit   0x00000000002002fc       0x20 /usr/lib/gcc/arm-none-eabi/4.9.3/../../../arm-none-eabi/lib/libc.a(lib_a-atexit.o)
                0x00000000002002fc                atexit
 .text.exit     0x000000000020031c       0x34 /usr/lib/gcc/arm-none-eabi/4.9.3/../../../arm-none-eabi/lib/libc.a(lib_a-exit.o)
                0x000000000020031c                exit
 .text.__libc_fini_array
                0x0000000000200350       0x48 /usr/lib/gcc/arm-none-eabi/4.9.3/../../../arm-none-eabi/lib/libc.a(lib_a-fini.o)
                0x0000000000200350                __libc_fini_array
 .text.__libc_init_array
                0x0000000000200398       0x80 /usr/lib/gcc/arm-none-eabi/4.9.3/../../../arm-none-eabi/lib/libc.a(lib_a-init.o)
                0x0000000000200398                __libc_init_array
 .text.memset   0x0000000000200418       0xf4 /usr/lib/gcc/arm-none-eabi/4.9.3/../../../arm-none-eabi/lib/libc.a(lib_a-memset.o)
                0x0000000000200418                memset
 .text.__register_exitproc
                0x000000000020050c       0xe0 /usr/lib/gcc/arm-none-eabi/4.9.3/../../../arm-none-eabi/lib/libc.a(lib_a-__atexit.o)
                0x000000000020050c                __register_exitproc
 .text.startup.register_fini
                0x00000000002005ec       0x24 /usr/lib/gcc/arm-none-eabi/4.9.3/../../../arm-none-eabi/lib/libc.a(lib_a-__call_atexit.o)
 .text.__call_exitprocs
                0x0000000000200610      0x16c /usr/lib/gcc/arm-none-eabi/4.9.3/../../../arm-none-eabi/lib/libc.a(lib_a-__call_atexit.o)
                0x0000000000200610                __call_exitprocs
 .text.findslot
                0x000000000020077c       0x6c /usr/lib/gcc/arm-none-eabi/4.9.3/../../../arm-none-eabi/lib/librdimon.a(rdimon-syscalls.o)
 .text.checkerror.part.0
                0x00000000002007e8       0x34 /usr/lib/gcc/arm-none-eabi/4.9.3/../../../arm-none-eabi/lib/librdimon.a(rdimon-syscalls.o)
 .text.initialise_monitor_handles
                0x000000000020081c      0x100 /usr/lib/gcc/arm-none-eabi/4.9.3/../../../arm-none-eabi/lib/librdimon.a(rdimon-syscalls.o)
                0x000000000020081c                initialise_monitor_handles
 .text._swiread
                0x000000000020091c       0x4c /usr/lib/gcc/arm-none-eabi/4.9.3/../../../arm-none-eabi/lib/librdimon.a(rdimon-syscalls.o)
                0x000000000020091c                _swiread
 .text._read    0x0000000000200968       0x60 /usr/lib/gcc/arm-none-eabi/4.9.3/../../../arm-none-eabi/lib/librdimon.a(rdimon-syscalls.o)
                0x0000000000200968                _read
 .text._swilseek
                0x00000000002009c8      0x104 /usr/lib/gcc/arm-none-eabi/4.9.3/../../../arm-none-eabi/lib/librdimon.a(rdimon-syscalls.o)
                0x00000000002009c8                _swilseek
 .text._lseek   0x0000000000200acc        0x4 /usr/lib/gcc/arm-none-eabi/4.9.3/../../../arm-none-eabi/lib/librdimon.a(rdimon-syscalls.o)
                0x0000000000200acc                _lseek
 .text._swiwrite
                0x0000000000200ad0       0x4c /usr/lib/gcc/arm-none-eabi/4.9.3/../../../arm-none-eabi/lib/librdimon.a(rdimon-syscalls.o)
                0x0000000000200ad0                _swiwrite
 .text._write   0x0000000000200b1c       0xa4 /usr/lib/gcc/arm-none-eabi/4.9.3/../../../arm-none-eabi/lib/librdimon.a(rdimon-syscalls.o)
                0x0000000000200b1c                _write
 .text._close   0x0000000000200bc0       0xb4 /usr/lib/gcc/arm-none-eabi/4.9.3/../../../arm-none-eabi/lib/librdimon.a(rdimon-syscalls.o)
                0x0000000000200bc0                _close
 .text._sbrk    0x0000000000200c74       0x84 /usr/lib/gcc/arm-none-eabi/4.9.3/../../../arm-none-eabi/lib/librdimon.a(rdimon-syscalls.o)
                0x0000000000200c74                _sbrk
 .text._swistat
                0x0000000000200cf8       0x84 /usr/lib/gcc/arm-none-eabi/4.9.3/../../../arm-none-eabi/lib/librdimon.a(rdimon-syscalls.o)
                0x0000000000200cf8                _swistat
 .text._fstat   0x0000000000200d7c       0x2c /usr/lib/gcc/arm-none-eabi/4.9.3/../../../arm-none-eabi/lib/librdimon.a(rdimon-syscalls.o)
                0x0000000000200d7c                _fstat
 .text._isatty  0x0000000000200da8       0x6c /usr/lib/gcc/arm-none-eabi/4.9.3/../../../arm-none-eabi/lib/librdimon.a(rdimon-syscalls.o)
                0x0000000000200da8                _isatty
 .text._exit    0x0000000000200e14       0x14 /usr/lib/gcc/arm-none-eabi/4.9.3/../../../arm-none-eabi/lib/librdimon.a(rdimon-_exit.o)
                0x0000000000200e14                _exit
 .text._kill    0x0000000000200e28       0x38 /usr/lib/gcc/arm-none-eabi/4.9.3/../../../arm-none-eabi/lib/librdimon.a(rdimon-_kill.o)
                0x0000000000200e28                _kill
 .text.__errno  0x0000000000200e60       0x10 /usr/lib/gcc/arm-none-eabi/4.9.3/../../../arm-none-eabi/lib/libc.a(lib_a-errno.o)
                0x0000000000200e60                __errno
 .text._cleanup_r
                0x0000000000200e70       0x18 /usr/lib/gcc/arm-none-eabi/4.9.3/../../../arm-none-eabi/lib/libc.a(lib_a-findfp.o)
                0x0000000000200e70                _cleanup_r
 .text.__sinit.part.1
                0x0000000000200e88      0x160 /usr/lib/gcc/arm-none-eabi/4.9.3/../../../arm-none-eabi/lib/libc.a(lib_a-findfp.o)
 .text.__sinit  0x0000000000200fe8       0x10 /usr/lib/gcc/arm-none-eabi/4.9.3/../../../arm-none-eabi/lib/libc.a(lib_a-findfp.o)
                0x0000000000200fe8                __sinit
 .text.__sfp_lock_acquire
                0x0000000000200ff8        0x4 /usr/lib/gcc/arm-none-eabi/4.9.3/../../../arm-none-eabi/lib/libc.a(lib_a-findfp.o)
                0x0000000000200ff8                __sfp_lock_acquire
 .text.__sfp_lock_release
                0x0000000000200ffc        0x4 /usr/lib/gcc/arm-none-eabi/4.9.3/../../../arm-none-eabi/lib/libc.a(lib_a-findfp.o)
                0x0000000000200ffc                __sfp_lock_release
 .text._fwalk_reent
                0x0000000000201000       0x8c /usr/lib/gcc/arm-none-eabi/4.9.3/../../../arm-none-eabi/lib/libc.a(lib_a-fwalk.o)
                0x0000000000201000                _fwalk_reent
 .text._malloc_r
                0x000000000020108c      0x750 /usr/lib/gcc/arm-none-eabi/4.9.3/../../../arm-none-eabi/lib/libc.a(lib_a-mallocr.o)
                0x000000000020108c                _malloc_r
 .text.__malloc_lock
                0x00000000002017dc        0x4 /usr/lib/gcc/arm-none-eabi/4.9.3/../../../arm-none-eabi/lib/libc.a(lib_a-mlock.o)
                0x00000000002017dc                __malloc_lock
 .text.__malloc_unlock
                0x00000000002017e0        0x4 /usr/lib/gcc/arm-none-eabi/4.9.3/../../../arm-none-eabi/lib/libc.a(lib_a-mlock.o)
                0x00000000002017e0                __malloc_unlock
 .text._sbrk_r  0x00000000002017e4       0x44 /usr/lib/gcc/arm-none-eabi/4.9.3/../../../arm-none-eabi/lib/libc.a(lib_a-sbrkr.o)
                0x00000000002017e4                _sbrk_r
 .text.__sread  0x0000000000201828       0x34 /usr/lib/gcc/arm-none-eabi/4.9.3/../../../arm-none-eabi/lib/libc.a(lib_a-stdio.o)
                0x0000000000201828                __sread
 .text.__swrite
                0x000000000020185c       0x58 /usr/lib/gcc/arm-none-eabi/4.9.3/../../../arm-none-eabi/lib/libc.a(lib_a-stdio.o)
                0x000000000020185c                __swrite
 .text.__sseek  0x00000000002018b4       0x30 /usr/lib/gcc/arm-none-eabi/4.9.3/../../../arm-none-eabi/lib/libc.a(lib_a-stdio.o)
                0x00000000002018b4                __sseek
 .text.__sclose
                0x00000000002018e4       0x14 /usr/lib/gcc/arm-none-eabi/4.9.3/../../../arm-none-eabi/lib/libc.a(lib_a-stdio.o)
                0x00000000002018e4                __sclose
 .text.strlen   0x00000000002018f8       0x60 /usr/lib/gcc/arm-none-eabi/4.9.3/../../../arm-none-eabi/lib/libc.a(lib_a-strlen.o)
                0x00000000002018f8                strlen
 .text._write_r
                0x0000000000201958       0x44 /usr/lib/gcc/arm-none-eabi/4.9.3/../../../arm-none-eabi/lib/libc.a(lib_a-writer.o)
                0x0000000000201958                _write_r
 .text._close_r
                0x000000000020199c       0x3c /usr/lib/gcc/arm-none-eabi/4.9.3/../../../arm-none-eabi/lib/libc.a(lib_a-closer.o)
                0x000000000020199c                _close_r
 .text._fclose_r
                0x00000000002019d8       0xfc /usr/lib/gcc/arm-none-eabi/4.9.3/../../../arm-none-eabi/lib/libc.a(lib_a-fclose.o)
                0x00000000002019d8                _fclose_r
 .text.__sflush_r
                0x0000000000201ad4      0x240 /usr/lib/gcc/arm-none-eabi/4.9.3/../../../arm-none-eabi/lib/libc.a(lib_a-fflush.o)
                0x0000000000201ad4                __sflush_r
 .text._fflush_r
                0x0000000000201d14       0x54 /usr/lib/gcc/arm-none-eabi/4.9.3/../../../arm-none-eabi/lib/libc.a(lib_a-fflush.o)
                0x0000000000201d14                _fflush_r
 .text._malloc_trim_r
                0x0000000000201d68      0x100 /usr/lib/gcc/arm-none-eabi/4.9.3/../../../arm-none-eabi/lib/libc.a(lib_a-freer.o)
                0x0000000000201d68                _malloc_trim_r
 .text._free_r  0x0000000000201e68      0x2bc /usr/lib/gcc/arm-none-eabi/4.9.3/../../../arm-none-eabi/lib/libc.a(lib_a-freer.o)
                0x0000000000201e68                _free_r
 .text._lseek_r
                0x0000000000202124       0x44 /usr/lib/gcc/arm-none-eabi/4.9.3/../../../arm-none-eabi/lib/libc.a(lib_a-lseekr.o)
                0x0000000000202124                _lseek_r
 .text._read_r  0x0000000000202168       0x44 /usr/lib/gcc/arm-none-eabi/4.9.3/../../../arm-none-eabi/lib/libc.a(lib_a-readr.o)
                0x0000000000202168                _read_r
 .text          0x00000000002021ac      0x41c /usr/lib/gcc/arm-none-eabi/4.9.3/libgcc.a(_arm_addsubdf3.o)
                0x00000000002021ac                __aeabi_drsub
                0x00000000002021b4                __aeabi_dsub
                0x00000000002021b4                __subdf3
                0x00000000002021b8                __adddf3
                0x00000000002021b8                __aeabi_dadd
                0x00000000002024c8                __aeabi_ui2d
                0x00000000002024c8                __floatunsidf
                0x00000000002024ec                __floatsidf
                0x00000000002024ec                __aeabi_i2d
                0x0000000000202514                __extendsfdf2
                0x0000000000202514                __aeabi_f2d
                0x0000000000202554                __aeabi_ul2d
                0x0000000000202554                __floatundidf
                0x0000000000202568                __floatdidf
                0x0000000000202568                __aeabi_l2d
 .text.printf   0x00000000002025c8       0x40 /usr/lib/gcc/arm-none-eabi/4.9.3/../../../arm-none-eabi/lib/libc.a(lib_a-printf.o)
                0x00000000002025c8                printf
 .text._vfprintf_r
                0x0000000000202608     0x2088 /usr/lib/gcc/arm-none-eabi/4.9.3/../../../arm-none-eabi/lib/libc.a(lib_a-vfprintf.o)
                0x0000000000202608                _vfprintf_r
 .text.__sbprintf
                0x0000000000204690       0xac /usr/lib/gcc/arm-none-eabi/4.9.3/../../../arm-none-eabi/lib/libc.a(lib_a-vfprintf.o)
 .text.__swsetup_r
                0x000000000020473c      0x15c /usr/lib/gcc/arm-none-eabi/4.9.3/../../../arm-none-eabi/lib/libc.a(lib_a-wsetup.o)
                0x000000000020473c                __swsetup_r
 .text.quorem   0x0000000000204898      0x1d8 /usr/lib/gcc/arm-none-eabi/4.9.3/../../../arm-none-eabi/lib/libc.a(lib_a-dtoa.o)
 .text._dtoa_r  0x0000000000204a70     0x16a0 /usr/lib/gcc/arm-none-eabi/4.9.3/../../../arm-none-eabi/lib/libc.a(lib_a-dtoa.o)
                0x0000000000204a70                _dtoa_r
 .text.__locale_charset
                0x0000000000206110        0xc /usr/lib/gcc/arm-none-eabi/4.9.3/../../../arm-none-eabi/lib/libc.a(lib_a-locale.o)
                0x0000000000206110                __locale_charset
 .text.__locale_mb_cur_max
                0x000000000020611c       0x10 /usr/lib/gcc/arm-none-eabi/4.9.3/../../../arm-none-eabi/lib/libc.a(lib_a-locale.o)
                0x000000000020611c                __locale_mb_cur_max
 .text._localeconv_r
                0x000000000020612c        0xc /usr/lib/gcc/arm-none-eabi/4.9.3/../../../arm-none-eabi/lib/libc.a(lib_a-locale.o)
                0x000000000020612c                _localeconv_r
 .text.__smakebuf_r
                0x0000000000206138      0x168 /usr/lib/gcc/arm-none-eabi/4.9.3/../../../arm-none-eabi/lib/libc.a(lib_a-makebuf.o)
                0x0000000000206138                __smakebuf_r
 .text.memchr   0x00000000002062a0      0x118 /usr/lib/gcc/arm-none-eabi/4.9.3/../../../arm-none-eabi/lib/libc.a(lib_a-memchr.o)
                0x00000000002062a0                memchr
 .text.memcpy   0x00000000002063b8       0xf0 /usr/lib/gcc/arm-none-eabi/4.9.3/../../../arm-none-eabi/lib/libc.a(lib_a-memcpy.o)
                0x00000000002063b8                memcpy
 .text._Balloc  0x00000000002064a8       0x90 /usr/lib/gcc/arm-none-eabi/4.9.3/../../../arm-none-eabi/lib/libc.a(lib_a-mprec.o)
                0x00000000002064a8                _Balloc
 .text._Bfree   0x0000000000206538       0x1c /usr/lib/gcc/arm-none-eabi/4.9.3/../../../arm-none-eabi/lib/libc.a(lib_a-mprec.o)
                0x0000000000206538                _Bfree
 .text.__multadd
                0x0000000000206554       0xdc /usr/lib/gcc/arm-none-eabi/4.9.3/../../../arm-none-eabi/lib/libc.a(lib_a-mprec.o)
                0x0000000000206554                __multadd
 .text.__hi0bits
                0x0000000000206630       0x5c /usr/lib/gcc/arm-none-eabi/4.9.3/../../../arm-none-eabi/lib/libc.a(lib_a-mprec.o)
                0x0000000000206630                __hi0bits
 .text.__lo0bits
                0x000000000020668c       0x94 /usr/lib/gcc/arm-none-eabi/4.9.3/../../../arm-none-eabi/lib/libc.a(lib_a-mprec.o)
                0x000000000020668c                __lo0bits
 .text.__i2b    0x0000000000206720       0x24 /usr/lib/gcc/arm-none-eabi/4.9.3/../../../arm-none-eabi/lib/libc.a(lib_a-mprec.o)
                0x0000000000206720                __i2b
 .text.__multiply
                0x0000000000206744      0x1f0 /usr/lib/gcc/arm-none-eabi/4.9.3/../../../arm-none-eabi/lib/libc.a(lib_a-mprec.o)
                0x0000000000206744                __multiply
 .text.__pow5mult
                0x0000000000206934      0x104 /usr/lib/gcc/arm-none-eabi/4.9.3/../../../arm-none-eabi/lib/libc.a(lib_a-mprec.o)
                0x0000000000206934                __pow5mult
 .text.__lshift
                0x0000000000206a38       0xf8 /usr/lib/gcc/arm-none-eabi/4.9.3/../../../arm-none-eabi/lib/libc.a(lib_a-mprec.o)
                0x0000000000206a38                __lshift
 .text.__mcmp   0x0000000000206b30       0x64 /usr/lib/gcc/arm-none-eabi/4.9.3/../../../arm-none-eabi/lib/libc.a(lib_a-mprec.o)
                0x0000000000206b30                __mcmp
 .text.__mdiff  0x0000000000206b94      0x154 /usr/lib/gcc/arm-none-eabi/4.9.3/../../../arm-none-eabi/lib/libc.a(lib_a-mprec.o)
                0x0000000000206b94                __mdiff
 .text.__d2b    0x0000000000206ce8      0x10c /usr/lib/gcc/arm-none-eabi/4.9.3/../../../arm-none-eabi/lib/libc.a(lib_a-mprec.o)
                0x0000000000206ce8                __d2b
 .text.__fpclassifyd
                0x0000000000206df4       0x6c /usr/lib/gcc/arm-none-eabi/4.9.3/../../../arm-none-eabi/lib/libc.a(lib_a-s_fpclassify.o)
                0x0000000000206df4                __fpclassifyd
 .text.__sprint_r.part.0
                0x0000000000206e60       0xac /usr/lib/gcc/arm-none-eabi/4.9.3/../../../arm-none-eabi/lib/libc.a(lib_a-vfiprintf.o)
 .text.__sprint_r
                0x0000000000206f0c       0x18 /usr/lib/gcc/arm-none-eabi/4.9.3/../../../arm-none-eabi/lib/libc.a(lib_a-vfiprintf.o)
                0x0000000000206f0c                __sprint_r
 .text._calloc_r
                0x0000000000206f24       0x9c /usr/lib/gcc/arm-none-eabi/4.9.3/../../../arm-none-eabi/lib/libc.a(lib_a-callocr.o)
                0x0000000000206f24                _calloc_r
 .text.__fputwc
                0x0000000000206fc0      0x12c /usr/lib/gcc/arm-none-eabi/4.9.3/../../../arm-none-eabi/lib/libc.a(lib_a-fputwc.o)
                0x0000000000206fc0                __fputwc
 .text._fputwc_r
                0x00000000002070ec       0x20 /usr/lib/gcc/arm-none-eabi/4.9.3/../../../arm-none-eabi/lib/libc.a(lib_a-fputwc.o)
                0x00000000002070ec                _fputwc_r
 .text._fstat_r
                0x000000000020710c       0x40 /usr/lib/gcc/arm-none-eabi/4.9.3/../../../arm-none-eabi/lib/libc.a(lib_a-fstatr.o)
                0x000000000020710c                _fstat_r
 .text.__sfvwrite_r
                0x000000000020714c      0x4ec /usr/lib/gcc/arm-none-eabi/4.9.3/../../../arm-none-eabi/lib/libc.a(lib_a-fvwrite.o)
                0x000000000020714c                __sfvwrite_r
 .text._isatty_r
                0x0000000000207638       0x3c /usr/lib/gcc/arm-none-eabi/4.9.3/../../../arm-none-eabi/lib/libc.a(lib_a-isattyr.o)
                0x0000000000207638                _isatty_r
 .text.memmove  0x0000000000207674      0x12c /usr/lib/gcc/arm-none-eabi/4.9.3/../../../arm-none-eabi/lib/libc.a(lib_a-memmove.o)
                0x0000000000207674                memmove
 .text._realloc_r
                0x00000000002077a0      0x584 /usr/lib/gcc/arm-none-eabi/4.9.3/../../../arm-none-eabi/lib/libc.a(lib_a-reallocr.o)
                0x00000000002077a0                _realloc_r
 .text.__swbuf_r
                0x0000000000207d24      0x128 /usr/lib/gcc/arm-none-eabi/4.9.3/../../../arm-none-eabi/lib/libc.a(lib_a-wbuf.o)
                0x0000000000207d24                __swbuf_r
 .text._wcrtomb_r
                0x0000000000207e4c       0x94 /usr/lib/gcc/arm-none-eabi/4.9.3/../../../arm-none-eabi/lib/libc.a(lib_a-wcrtomb.o)
                0x0000000000207e4c                _wcrtomb_r
 .text.__ascii_wctomb
                0x0000000000207ee0       0x28 /usr/lib/gcc/arm-none-eabi/4.9.3/../../../arm-none-eabi/lib/libc.a(lib_a-wctomb_r.o)
                0x0000000000207ee0                __ascii_wctomb
 .text          0x0000000000207f08      0x114 /usr/lib/gcc/arm-none-eabi/4.9.3/libgcc.a(_udivsi3.o)
                0x0000000000207f08                __udivsi3
                0x0000000000207f08                __aeabi_uidiv
                0x0000000000207ffc                __aeabi_uidivmod
 .text          0x000000000020801c      0x148 /usr/lib/gcc/arm-none-eabi/4.9.3/libgcc.a(_divsi3.o)
                0x000000000020801c                __aeabi_idiv
                0x000000000020801c                __divsi3
                0x0000000000208144                __aeabi_idivmod
 .text          0x0000000000208164        0x4 /usr/lib/gcc/arm-none-eabi/4.9.3/libgcc.a(_dvmd_tls.o)
                0x0000000000208164                __aeabi_ldiv0
                0x0000000000208164                __aeabi_idiv0
 .text          0x0000000000208168      0x49c /usr/lib/gcc/arm-none-eabi/4.9.3/libgcc.a(_arm_muldivdf3.o)
                0x0000000000208168                __aeabi_dmul
                0x0000000000208168                __muldf3
                0x00000000002083f8                __aeabi_ddiv
                0x00000000002083f8                __divdf3
 .text          0x0000000000208604      0x144 /usr/lib/gcc/arm-none-eabi/4.9.3/libgcc.a(_arm_cmpdf2.o)
                0x0000000000208604                __gtdf2
                0x0000000000208604                __gedf2
                0x000000000020860c                __ltdf2
                0x000000000020860c                __ledf2
                0x0000000000208614                __cmpdf2
                0x0000000000208614                __eqdf2
                0x0000000000208614                __nedf2
                0x000000000020869c                __aeabi_cdrcmple
                0x00000000002086b8                __aeabi_cdcmple
                0x00000000002086b8                __aeabi_cdcmpeq
                0x00000000002086d0                __aeabi_dcmpeq
                0x00000000002086e8                __aeabi_dcmplt
                0x0000000000208700                __aeabi_dcmple
                0x0000000000208718                __aeabi_dcmpge
                0x0000000000208730                __aeabi_dcmpgt
 .text          0x0000000000208748       0x5c /usr/lib/gcc/arm-none-eabi/4.9.3/libgcc.a(_arm_fixdfsi.o)
                0x0000000000208748                __fixdfsi
                0x0000000000208748                __aeabi_d2iz
 .text          0x00000000002087a4       0x3c /usr/lib/gcc/arm-none-eabi/4.9.3/libgcc.a(_aeabi_uldivmod.o)
                0x00000000002087a4                __aeabi_uldivmod
 .text          0x00000000002087e0       0x84 /usr/lib/gcc/arm-none-eabi/4.9.3/libgcc.a(bpabi.o)
                0x00000000002087e0                __gnu_ldivmod_helper
                0x0000000000208824                __gnu_uldivmod_helper
 .text          0x0000000000208864      0x178 /usr/lib/gcc/arm-none-eabi/4.9.3/libgcc.a(_divdi3.o)
                0x0000000000208864                __divdi3
 .text          0x00000000002089dc      0x120 /usr/lib/gcc/arm-none-eabi/4.9.3/libgcc.a(_udivdi3.o)
                0x00000000002089dc                __udivdi3
 .text          0x0000000000208afc       0x28 /usr/lib/gcc/arm-none-eabi/4.9.3/libgcc.a(_clzdi2.o)
                0x0000000000208afc                __clzdi2
 .text          0x0000000000208b24       0x48 /usr/lib/gcc/arm-none-eabi/4.9.3/libgcc.a(_clzsi2.o)
                0x0000000000208b24                __clzsi2
 *(.init)
 .init          0x0000000000208b6c        0xc /usr/lib/gcc/arm-none-eabi/4.9.3/crti.o
                0x0000000000208b6c                _init
 .init          0x0000000000208b78        0xc /usr/lib/gcc/arm-none-eabi/4.9.3/crtn.o
 *(.fini)
 .fini          0x0000000000208b84        0xc /usr/lib/gcc/arm-none-eabi/4.9.3/crti.o
                0x0000000000208b84                _fini
 .fini          0x0000000000208b90        0xc /usr/lib/gcc/arm-none-eabi/4.9.3/crtn.o
 *crtbegin.o(.ctors)
 *crtbegin?.o(.ctors)
 *(EXCLUDE_FILE(*crtend.o *crtend?.o) .ctors)
 *(SORT(.ctors.*))
 *(.ctors)
 *crtbegin.o(.dtors)
 *crtbegin?.o(.dtors)
 *(EXCLUDE_FILE(*crtend.o *crtend?.o) .dtors)
 *(SORT(.dtors.*))
 *(.dtors)
 *(.rodata*)
 .rodata.str1.1
                0x0000000000208b9c        0xc /tmp/ccQ2fIOo.ltrans0.ltrans.o
 .rodata.str1.4
                0x0000000000208ba8        0x2 /usr/lib/gcc/arm-none-eabi/4.9.3/../../../arm-none-eabi/lib/libc.a(lib_a-impure.o)
                                          0x4 (size before relaxing)
 *fill*         0x0000000000208baa        0x2 
 .rodata._global_impure_ptr
                0x0000000000208bac        0x4 /usr/lib/gcc/arm-none-eabi/4.9.3/../../../arm-none-eabi/lib/libc.a(lib_a-impure.o)
                0x0000000000208bac                _global_impure_ptr
 .rodata.str1.4
                0x0000000000208bb0        0x4 /usr/lib/gcc/arm-none-eabi/4.9.3/../../../arm-none-eabi/lib/librdimon.a(rdimon-syscalls.o)
 .rodata.zeroes.6926
                0x0000000000208bb4       0x10 /usr/lib/gcc/arm-none-eabi/4.9.3/../../../arm-none-eabi/lib/libc.a(lib_a-vfprintf.o)
 .rodata.str1.4
                0x0000000000208bc4       0x42 /usr/lib/gcc/arm-none-eabi/4.9.3/../../../arm-none-eabi/lib/libc.a(lib_a-vfprintf.o)
                                         0x44 (size before relaxing)
 *fill*         0x0000000000208c06        0x2 
 .rodata.blanks.6925
                0x0000000000208c08       0x10 /usr/lib/gcc/arm-none-eabi/4.9.3/../../../arm-none-eabi/lib/libc.a(lib_a-vfprintf.o)
 .rodata.str1.4
                0x0000000000208c18       0x10 /usr/lib/gcc/arm-none-eabi/4.9.3/../../../arm-none-eabi/lib/libc.a(lib_a-dtoa.o)
                                         0x14 (size before relaxing)
 .rodata.str1.4
                0x0000000000208c28        0xc /usr/lib/gcc/arm-none-eabi/4.9.3/../../../arm-none-eabi/lib/libc.a(lib_a-locale.o)
                                         0x14 (size before relaxing)
 *fill*         0x0000000000208c34        0x4 
 .rodata.__mprec_tens
                0x0000000000208c38       0xc8 /usr/lib/gcc/arm-none-eabi/4.9.3/../../../arm-none-eabi/lib/libc.a(lib_a-mprec.o)
                0x0000000000208c38                __mprec_tens
 .rodata.p05.5302
                0x0000000000208d00        0xc /usr/lib/gcc/arm-none-eabi/4.9.3/../../../arm-none-eabi/lib/libc.a(lib_a-mprec.o)
 *fill*         0x0000000000208d0c        0x4 
 .rodata.__mprec_bigtens
                0x0000000000208d10       0x28 /usr/lib/gcc/arm-none-eabi/4.9.3/../../../arm-none-eabi/lib/libc.a(lib_a-mprec.o)
                0x0000000000208d10                __mprec_bigtens
 *(.eh_frame*)
 .eh_frame      0x0000000000208d38        0x0 /usr/lib/gcc/arm-none-eabi/4.9.3/crtbegin.o
 .eh_frame      0x0000000000208d38        0x4 /usr/lib/gcc/arm-none-eabi/4.9.3/crtend.o
 .eh_frame      0x0000000000208d3c       0x44 /usr/lib/gcc/arm-none-eabi/4.9.3/../../../arm-none-eabi/lib/libc.a(lib_a-strcmp.o)

.glue_7         0x0000000000208d80        0x0
 .glue_7        0x0000000000208d80        0x0 linker stubs

.glue_7t        0x0000000000208d80        0x0
 .glue_7t       0x0000000000208d80        0x0 linker stubs

.vfp11_veneer   0x0000000000208d80        0x0
 .vfp11_veneer  0x0000000000208d80        0x0 linker stubs

.v4_bx          0x0000000000208d80        0x0
 .v4_bx         0x0000000000208d80        0x0 linker stubs

.iplt           0x0000000000208d80        0x0
 .iplt          0x0000000000208d80        0x0 /usr/lib/gcc/arm-none-eabi/4.9.3/crtbegin.o

.ARM.extab
 *(.ARM.extab* .gnu.linkonce.armextab.*)
                0x0000000000208d80                __exidx_start = .

.ARM.exidx      0x0000000000208d80        0x8
 *(.ARM.exidx* .gnu.linkonce.armexidx.*)
 .ARM.exidx     0x0000000000208d80        0x8 /usr/lib/gcc/arm-none-eabi/4.9.3/../../../arm-none-eabi/lib/rdimon-crt0.o
 .ARM.exidx     0x0000000000208d88        0x0 /usr/lib/gcc/arm-none-eabi/4.9.3/libgcc.a(_divdi3.o)
                                          0x8 (size before relaxing)
 .ARM.exidx     0x0000000000208d88        0x0 /usr/lib/gcc/arm-none-eabi/4.9.3/libgcc.a(_udivdi3.o)
                                          0x8 (size before relaxing)
                0x0000000000208d88                __exidx_end = .
                0x0000000000208d88                __etext = ALIGN (0x4)

.rel.dyn        0x0000000000208d88        0x0
 .rel.iplt      0x0000000000208d88        0x0 /usr/lib/gcc/arm-none-eabi/4.9.3/crtbegin.o

.data           0x0000000020000000      0x9c8 load address 0x0000000000208d88
                0x0000000020000000                __data_start__ = .
 *(vtable)
 *(.data*)
 .data          0x0000000020000000      0x110 /usr/lib/gcc/arm-none-eabi/4.9.3/../../../arm-none-eabi/lib/rdimon-crt0.o
                0x0000000020000008                __stack_base__
 .data.f        0x0000000020000110        0x4 /tmp/ccQ2fIOo.ltrans0.ltrans.o
 *fill*         0x0000000020000114        0x4 
 .data.impure_data
                0x0000000020000118      0x428 /usr/lib/gcc/arm-none-eabi/4.9.3/../../../arm-none-eabi/lib/libc.a(lib_a-impure.o)
 .data._impure_ptr
                0x0000000020000540        0x4 /usr/lib/gcc/arm-none-eabi/4.9.3/../../../arm-none-eabi/lib/libc.a(lib_a-impure.o)
                0x0000000020000540                _impure_ptr
 .data.__heap_limit
                0x0000000020000544        0x4 /usr/lib/gcc/arm-none-eabi/4.9.3/../../../arm-none-eabi/lib/librdimon.a(rdimon-syscalls.o)
                0x0000000020000544                __heap_limit
 .data.__malloc_av_
                0x0000000020000548      0x408 /usr/lib/gcc/arm-none-eabi/4.9.3/../../../arm-none-eabi/lib/libc.a(lib_a-mallocr.o)
                0x0000000020000548                __malloc_av_
 .data.__malloc_trim_threshold
                0x0000000020000950        0x4 /usr/lib/gcc/arm-none-eabi/4.9.3/../../../arm-none-eabi/lib/libc.a(lib_a-mallocr.o)
                0x0000000020000950                __malloc_trim_threshold
 .data.__malloc_sbrk_base
                0x0000000020000954        0x4 /usr/lib/gcc/arm-none-eabi/4.9.3/../../../arm-none-eabi/lib/libc.a(lib_a-mallocr.o)
                0x0000000020000954                __malloc_sbrk_base
 .data.lconv    0x0000000020000958       0x38 /usr/lib/gcc/arm-none-eabi/4.9.3/../../../arm-none-eabi/lib/libc.a(lib_a-locale.o)
 .data.lc_ctype_charset
                0x0000000020000990       0x20 /usr/lib/gcc/arm-none-eabi/4.9.3/../../../arm-none-eabi/lib/libc.a(lib_a-locale.o)
 .data.__mb_cur_max
                0x00000000200009b0        0x4 /usr/lib/gcc/arm-none-eabi/4.9.3/../../../arm-none-eabi/lib/libc.a(lib_a-locale.o)
                0x00000000200009b0                __mb_cur_max
 .data.__wctomb
                0x00000000200009b4        0x4 /usr/lib/gcc/arm-none-eabi/4.9.3/../../../arm-none-eabi/lib/libc.a(lib_a-wctomb_r.o)
                0x00000000200009b4                __wctomb
                0x00000000200009b8                . = ALIGN (0x4)
                0x00000000200009b8                PROVIDE (__preinit_array_start, .)
 *(.preinit_array)
                0x00000000200009b8                PROVIDE (__preinit_array_end, .)
                0x00000000200009b8                . = ALIGN (0x4)
                0x00000000200009b8                PROVIDE (__init_array_start, .)
 *(SORT(.init_array.*))
 .init_array.00000
                0x00000000200009b8        0x4 /usr/lib/gcc/arm-none-eabi/4.9.3/../../../arm-none-eabi/lib/libc.a(lib_a-__call_atexit.o)
 *(.init_array)
 .init_array    0x00000000200009bc        0x4 /usr/lib/gcc/arm-none-eabi/4.9.3/crtbegin.o
                0x00000000200009c0                PROVIDE (__init_array_end, .)
                0x00000000200009c0                . = ALIGN (0x4)
                0x00000000200009c0                PROVIDE (__fini_array_start, .)
 *(SORT(.fini_array.*))
 *(.fini_array)
 .fini_array    0x00000000200009c0        0x4 /usr/lib/gcc/arm-none-eabi/4.9.3/crtbegin.o
                0x00000000200009c4                PROVIDE (__fini_array_end, .)
 *(.jcr*)
 .jcr           0x00000000200009c4        0x0 /usr/lib/gcc/arm-none-eabi/4.9.3/crtbegin.o
 .jcr           0x00000000200009c4        0x4 /usr/lib/gcc/arm-none-eabi/4.9.3/crtend.o
                0x00000000200009c8                . = ALIGN (0x4)
                0x00000000200009c8                __data_end__ = .

.tm_clone_table
                0x00000000200009c8        0x0 load address 0x0000000000209750
 .tm_clone_table
                0x00000000200009c8        0x0 /usr/lib/gcc/arm-none-eabi/4.9.3/crtbegin.o
 .tm_clone_table
                0x00000000200009c8        0x0 /usr/lib/gcc/arm-none-eabi/4.9.3/crtend.o

.igot.plt       0x00000000200009c8        0x0 load address 0x0000000000209750
 .igot.plt      0x00000000200009c8        0x0 /usr/lib/gcc/arm-none-eabi/4.9.3/crtbegin.o

.bss            0x00000000200009c8      0x104 load address 0x0000000000209750
                0x00000000200009c8                . = ALIGN (0x4)
                0x00000000200009c8                __bss_start__ = .
 *(.bss*)
 .bss           0x00000000200009c8       0x1c /usr/lib/gcc/arm-none-eabi/4.9.3/crtbegin.o
 .bss.monitor_stdout
                0x00000000200009e4        0x4 /usr/lib/gcc/arm-none-eabi/4.9.3/../../../arm-none-eabi/lib/librdimon.a(rdimon-syscalls.o)
 .bss.heap_end.5994
                0x00000000200009e8        0x4 /usr/lib/gcc/arm-none-eabi/4.9.3/../../../arm-none-eabi/lib/librdimon.a(rdimon-syscalls.o)
 .bss.monitor_stdin
                0x00000000200009ec        0x4 /usr/lib/gcc/arm-none-eabi/4.9.3/../../../arm-none-eabi/lib/librdimon.a(rdimon-syscalls.o)
 .bss.monitor_stderr
                0x00000000200009f0        0x4 /usr/lib/gcc/arm-none-eabi/4.9.3/../../../arm-none-eabi/lib/librdimon.a(rdimon-syscalls.o)
 .bss.openfiles
                0x00000000200009f4       0xa0 /usr/lib/gcc/arm-none-eabi/4.9.3/../../../arm-none-eabi/lib/librdimon.a(rdimon-syscalls.o)
 .bss.__malloc_max_total_mem
                0x0000000020000a94        0x4 /usr/lib/gcc/arm-none-eabi/4.9.3/../../../arm-none-eabi/lib/libc.a(lib_a-mallocr.o)
                0x0000000020000a94                __malloc_max_total_mem
 .bss.__malloc_max_sbrked_mem
                0x0000000020000a98        0x4 /usr/lib/gcc/arm-none-eabi/4.9.3/../../../arm-none-eabi/lib/libc.a(lib_a-mallocr.o)
                0x0000000020000a98                __malloc_max_sbrked_mem
 .bss.__malloc_top_pad
                0x0000000020000a9c        0x4 /usr/lib/gcc/arm-none-eabi/4.9.3/../../../arm-none-eabi/lib/libc.a(lib_a-mallocr.o)
                0x0000000020000a9c                __malloc_top_pad
 .bss.__malloc_current_mallinfo
                0x0000000020000aa0       0x28 /usr/lib/gcc/arm-none-eabi/4.9.3/../../../arm-none-eabi/lib/libc.a(lib_a-mallocr.o)
                0x0000000020000aa0                __malloc_current_mallinfo
 *(COMMON)
 COMMON         0x0000000020000ac8        0x4 /usr/lib/gcc/arm-none-eabi/4.9.3/../../../arm-none-eabi/lib/libc.a(lib_a-reent.o)
                0x0000000020000ac8                errno
                0x0000000020000acc                . = ALIGN (0x4)
                0x0000000020000acc                __bss_end__ = .

.heap           0x0000000020000ad0        0x0
                0x0000000020000ad0                __end__ = .
                0x0000000020000ad0                PROVIDE (end, .)
 *(.heap*)
 .heap          0x0000000020000ad0        0x0 /tmp/ccFfK5yO.o
                0x0000000020000ad0                __HeapLimit = .

.stack_dummy    0x0000000020000ad0      0xc00
 *(.stack*)
 .stack         0x0000000020000ad0      0xc00 /tmp/ccFfK5yO.o
                0x0000000020080000                __StackTop = (ORIGIN (RAM) + LENGTH (RAM))
                0x000000002007f400                __StackLimit = (__StackTop - SIZEOF (.stack_dummy))
                [!provide]                        PROVIDE (__stack, __StackTop)
                0x0000000000000001                ASSERT ((__StackLimit >= __HeapLimit), region RAM overflowed with stack)
OUTPUT(fpout-CM7.axf elf32-littlearm)

.ARM.attributes
                0x0000000000000000       0x31
 .ARM.attributes
                0x0000000000000000       0x16 /usr/lib/gcc/arm-none-eabi/4.9.3/crti.o
 .ARM.attributes
                0x0000000000000016       0x30 /usr/lib/gcc/arm-none-eabi/4.9.3/crtbegin.o
 .ARM.attributes
                0x0000000000000046       0x14 /usr/lib/gcc/arm-none-eabi/4.9.3/../../../arm-none-eabi/lib/rdimon-crt0.o
 .ARM.attributes
                0x000000000000005a       0x31 /tmp/ccQ2fIOo.ltrans0.ltrans.o
 .ARM.attributes
                0x000000000000008b       0x1c /tmp/ccFfK5yO.o
 .ARM.attributes
                0x00000000000000a7       0x30 /usr/lib/gcc/arm-none-eabi/4.9.3/../../../arm-none-eabi/lib/libc.a(lib_a-atexit.o)
 .ARM.attributes
                0x00000000000000d7       0x30 /usr/lib/gcc/arm-none-eabi/4.9.3/../../../arm-none-eabi/lib/libc.a(lib_a-exit.o)
 .ARM.attributes
                0x0000000000000107       0x30 /usr/lib/gcc/arm-none-eabi/4.9.3/../../../arm-none-eabi/lib/libc.a(lib_a-fini.o)
 .ARM.attributes
                0x0000000000000137       0x30 /usr/lib/gcc/arm-none-eabi/4.9.3/../../../arm-none-eabi/lib/libc.a(lib_a-impure.o)
 .ARM.attributes
                0x0000000000000167       0x30 /usr/lib/gcc/arm-none-eabi/4.9.3/../../../arm-none-eabi/lib/libc.a(lib_a-init.o)
 .ARM.attributes
                0x0000000000000197       0x30 /usr/lib/gcc/arm-none-eabi/4.9.3/../../../arm-none-eabi/lib/libc.a(lib_a-memset.o)
 .ARM.attributes
                0x00000000000001c7       0x30 /usr/lib/gcc/arm-none-eabi/4.9.3/../../../arm-none-eabi/lib/libc.a(lib_a-__atexit.o)
 .ARM.attributes
                0x00000000000001f7       0x30 /usr/lib/gcc/arm-none-eabi/4.9.3/../../../arm-none-eabi/lib/libc.a(lib_a-__call_atexit.o)
 .ARM.attributes
                0x0000000000000227       0x30 /usr/lib/gcc/arm-none-eabi/4.9.3/../../../arm-none-eabi/lib/librdimon.a(rdimon-syscalls.o)
 .ARM.attributes
                0x0000000000000257       0x30 /usr/lib/gcc/arm-none-eabi/4.9.3/../../../arm-none-eabi/lib/librdimon.a(rdimon-_exit.o)
 .ARM.attributes
                0x0000000000000287       0x30 /usr/lib/gcc/arm-none-eabi/4.9.3/../../../arm-none-eabi/lib/librdimon.a(rdimon-_kill.o)
 .ARM.attributes
                0x00000000000002b7       0x30 /usr/lib/gcc/arm-none-eabi/4.9.3/../../../arm-none-eabi/lib/libc.a(lib_a-errno.o)
 .ARM.attributes
                0x00000000000002e7       0x30 /usr/lib/gcc/arm-none-eabi/4.9.3/../../../arm-none-eabi/lib/libc.a(lib_a-findfp.o)
 .ARM.attributes
                0x0000000000000317       0x30 /usr/lib/gcc/arm-none-eabi/4.9.3/../../../arm-none-eabi/lib/libc.a(lib_a-fwalk.o)
 .ARM.attributes
                0x0000000000000347       0x30 /usr/lib/gcc/arm-none-eabi/4.9.3/../../../arm-none-eabi/lib/libc.a(lib_a-mallocr.o)
 .ARM.attributes
                0x0000000000000377       0x30 /usr/lib/gcc/arm-none-eabi/4.9.3/../../../arm-none-eabi/lib/libc.a(lib_a-mlock.o)
 .ARM.attributes
                0x00000000000003a7       0x30 /usr/lib/gcc/arm-none-eabi/4.9.3/../../../arm-none-eabi/lib/libc.a(lib_a-sbrkr.o)
 .ARM.attributes
                0x00000000000003d7       0x30 /usr/lib/gcc/arm-none-eabi/4.9.3/../../../arm-none-eabi/lib/libc.a(lib_a-stdio.o)
 .ARM.attributes
                0x0000000000000407       0x30 /usr/lib/gcc/arm-none-eabi/4.9.3/../../../arm-none-eabi/lib/libc.a(lib_a-strlen.o)
 .ARM.attributes
                0x0000000000000437       0x30 /usr/lib/gcc/arm-none-eabi/4.9.3/../../../arm-none-eabi/lib/libc.a(lib_a-writer.o)
 .ARM.attributes
                0x0000000000000467       0x30 /usr/lib/gcc/arm-none-eabi/4.9.3/../../../arm-none-eabi/lib/libc.a(lib_a-closer.o)
 .ARM.attributes
                0x0000000000000497       0x30 /usr/lib/gcc/arm-none-eabi/4.9.3/../../../arm-none-eabi/lib/libc.a(lib_a-fclose.o)
 .ARM.attributes
                0x00000000000004c7       0x30 /usr/lib/gcc/arm-none-eabi/4.9.3/../../../arm-none-eabi/lib/libc.a(lib_a-fflush.o)
 .ARM.attributes
                0x00000000000004f7       0x30 /usr/lib/gcc/arm-none-eabi/4.9.3/../../../arm-none-eabi/lib/libc.a(lib_a-freer.o)
 .ARM.attributes
                0x0000000000000527       0x30 /usr/lib/gcc/arm-none-eabi/4.9.3/../../../arm-none-eabi/lib/libc.a(lib_a-lseekr.o)
 .ARM.attributes
                0x0000000000000557       0x30 /usr/lib/gcc/arm-none-eabi/4.9.3/../../../arm-none-eabi/lib/libc.a(lib_a-readr.o)
 .ARM.attributes
                0x0000000000000587       0x30 /usr/lib/gcc/arm-none-eabi/4.9.3/../../../arm-none-eabi/lib/libc.a(lib_a-reent.o)
 .ARM.attributes
                0x00000000000005b7       0x30 /usr/lib/gcc/arm-none-eabi/4.9.3/crtend.o
 .ARM.attributes
                0x00000000000005e7       0x18 /usr/lib/gcc/arm-none-eabi/4.9.3/crtn.o
 .ARM.attributes
                0x00000000000005ff       0x18 /usr/lib/gcc/arm-none-eabi/4.9.3/libgcc.a(_arm_addsubdf3.o)
 .ARM.attributes
                0x0000000000000617       0x30 /usr/lib/gcc/arm-none-eabi/4.9.3/../../../arm-none-eabi/lib/libc.a(lib_a-printf.o)
 .ARM.attributes
                0x0000000000000647       0x30 /usr/lib/gcc/arm-none-eabi/4.9.3/../../../arm-none-eabi/lib/libc.a(lib_a-vfprintf.o)
 .ARM.attributes
                0x0000000000000677       0x30 /usr/lib/gcc/arm-none-eabi/4.9.3/../../../arm-none-eabi/lib/libc.a(lib_a-wsetup.o)
 .ARM.attributes
                0x00000000000006a7       0x30 /usr/lib/gcc/arm-none-eabi/4.9.3/../../../arm-none-eabi/lib/libc.a(lib_a-dtoa.o)
 .ARM.attributes
                0x00000000000006d7       0x30 /usr/lib/gcc/arm-none-eabi/4.9.3/../../../arm-none-eabi/lib/libc.a(lib_a-locale.o)
 .ARM.attributes
                0x0000000000000707       0x30 /usr/lib/gcc/arm-none-eabi/4.9.3/../../../arm-none-eabi/lib/libc.a(lib_a-makebuf.o)
 .ARM.attributes
                0x0000000000000737       0x30 /usr/lib/gcc/arm-none-eabi/4.9.3/../../../arm-none-eabi/lib/libc.a(lib_a-memchr.o)
 .ARM.attributes
                0x0000000000000767       0x30 /usr/lib/gcc/arm-none-eabi/4.9.3/../../../arm-none-eabi/lib/libc.a(lib_a-memcpy.o)
 .ARM.attributes
                0x0000000000000797       0x30 /usr/lib/gcc/arm-none-eabi/4.9.3/../../../arm-none-eabi/lib/libc.a(lib_a-mprec.o)
 .ARM.attributes
                0x00000000000007c7       0x30 /usr/lib/gcc/arm-none-eabi/4.9.3/../../../arm-none-eabi/lib/libc.a(lib_a-s_fpclassify.o)
 .ARM.attributes
                0x00000000000007f7       0x16 /usr/lib/gcc/arm-none-eabi/4.9.3/../../../arm-none-eabi/lib/libc.a(lib_a-strcmp.o)
 .ARM.attributes
                0x000000000000080d       0x30 /usr/lib/gcc/arm-none-eabi/4.9.3/../../../arm-none-eabi/lib/libc.a(lib_a-vfiprintf.o)
 .ARM.attributes
                0x000000000000083d       0x30 /usr/lib/gcc/arm-none-eabi/4.9.3/../../../arm-none-eabi/lib/libc.a(lib_a-callocr.o)
 .ARM.attributes
                0x000000000000086d       0x30 /usr/lib/gcc/arm-none-eabi/4.9.3/../../../arm-none-eabi/lib/libc.a(lib_a-fputwc.o)
 .ARM.attributes
                0x000000000000089d       0x30 /usr/lib/gcc/arm-none-eabi/4.9.3/../../../arm-none-eabi/lib/libc.a(lib_a-fstatr.o)
 .ARM.attributes
                0x00000000000008cd       0x30 /usr/lib/gcc/arm-none-eabi/4.9.3/../../../arm-none-eabi/lib/libc.a(lib_a-fvwrite.o)
 .ARM.attributes
                0x00000000000008fd       0x30 /usr/lib/gcc/arm-none-eabi/4.9.3/../../../arm-none-eabi/lib/libc.a(lib_a-isattyr.o)
 .ARM.attributes
                0x000000000000092d       0x30 /usr/lib/gcc/arm-none-eabi/4.9.3/../../../arm-none-eabi/lib/libc.a(lib_a-memmove.o)
 .ARM.attributes
                0x000000000000095d       0x30 /usr/lib/gcc/arm-none-eabi/4.9.3/../../../arm-none-eabi/lib/libc.a(lib_a-reallocr.o)
 .ARM.attributes
                0x000000000000098d       0x30 /usr/lib/gcc/arm-none-eabi/4.9.3/../../../arm-none-eabi/lib/libc.a(lib_a-wbuf.o)
 .ARM.attributes
                0x00000000000009bd       0x30 /usr/lib/gcc/arm-none-eabi/4.9.3/../../../arm-none-eabi/lib/libc.a(lib_a-wcrtomb.o)
 .ARM.attributes
                0x00000000000009ed       0x30 /usr/lib/gcc/arm-none-eabi/4.9.3/../../../arm-none-eabi/lib/libc.a(lib_a-wctomb_r.o)
 .ARM.attributes
                0x0000000000000a1d       0x18 /usr/lib/gcc/arm-none-eabi/4.9.3/libgcc.a(_udivsi3.o)
 .ARM.attributes
                0x0000000000000a35       0x18 /usr/lib/gcc/arm-none-eabi/4.9.3/libgcc.a(_divsi3.o)
 .ARM.attributes
                0x0000000000000a4d       0x18 /usr/lib/gcc/arm-none-eabi/4.9.3/libgcc.a(_dvmd_tls.o)
 .ARM.attributes
                0x0000000000000a65       0x18 /usr/lib/gcc/arm-none-eabi/4.9.3/libgcc.a(_arm_muldivdf3.o)
 .ARM.attributes
                0x0000000000000a7d       0x18 /usr/lib/gcc/arm-none-eabi/4.9.3/libgcc.a(_arm_cmpdf2.o)
 .ARM.attributes
                0x0000000000000a95       0x18 /usr/lib/gcc/arm-none-eabi/4.9.3/libgcc.a(_arm_fixdfsi.o)
 .ARM.attributes
                0x0000000000000aad       0x18 /usr/lib/gcc/arm-none-eabi/4.9.3/libgcc.a(_aeabi_uldivmod.o)
 .ARM.attributes
                0x0000000000000ac5       0x30 /usr/lib/gcc/arm-none-eabi/4.9.3/libgcc.a(bpabi.o)
 .ARM.attributes
                0x0000000000000af5       0x30 /usr/lib/gcc/arm-none-eabi/4.9.3/libgcc.a(_divdi3.o)
 .ARM.attributes
                0x0000000000000b25       0x30 /usr/lib/gcc/arm-none-eabi/4.9.3/libgcc.a(_udivdi3.o)
 .ARM.attributes
                0x0000000000000b55       0x18 /usr/lib/gcc/arm-none-eabi/4.9.3/libgcc.a(_clzdi2.o)
 .ARM.attributes
                0x0000000000000b6d       0x18 /usr/lib/gcc/arm-none-eabi/4.9.3/libgcc.a(_clzsi2.o)

.comment        0x0000000000000000       0x70
 .comment       0x0000000000000000       0x38 /usr/lib/gcc/arm-none-eabi/4.9.3/crtbegin.o
                                         0x39 (size before relaxing)
 .comment       0x0000000000000038       0x39 /tmp/ccQ2fIOo.ltrans0.ltrans.o
 .comment       0x0000000000000038       0x38 /usr/lib/gcc/arm-none-eabi/4.9.3/../../../arm-none-eabi/lib/libc.a(lib_a-atexit.o)
                                         0x39 (size before relaxing)
 .comment       0x0000000000000070       0x39 /usr/lib/gcc/arm-none-eabi/4.9.3/../../../arm-none-eabi/lib/libc.a(lib_a-exit.o)
 .comment       0x0000000000000070       0x39 /usr/lib/gcc/arm-none-eabi/4.9.3/../../../arm-none-eabi/lib/libc.a(lib_a-fini.o)
 .comment       0x0000000000000070       0x39 /usr/lib/gcc/arm-none-eabi/4.9.3/../../../arm-none-eabi/lib/libc.a(lib_a-impure.o)
 .comment       0x0000000000000070       0x39 /usr/lib/gcc/arm-none-eabi/4.9.3/../../../arm-none-eabi/lib/libc.a(lib_a-init.o)
 .comment       0x0000000000000070       0x39 /usr/lib/gcc/arm-none-eabi/4.9.3/../../../arm-none-eabi/lib/libc.a(lib_a-memset.o)
 .comment       0x0000000000000070       0x39 /usr/lib/gcc/arm-none-eabi/4.9.3/../../../arm-none-eabi/lib/libc.a(lib_a-__atexit.o)
 .comment       0x0000000000000070       0x39 /usr/lib/gcc/arm-none-eabi/4.9.3/../../../arm-none-eabi/lib/libc.a(lib_a-__call_atexit.o)
 .comment       0x0000000000000070       0x39 /usr/lib/gcc/arm-none-eabi/4.9.3/../../../arm-none-eabi/lib/librdimon.a(rdimon-syscalls.o)
 .comment       0x0000000000000070       0x39 /usr/lib/gcc/arm-none-eabi/4.9.3/../../../arm-none-eabi/lib/librdimon.a(rdimon-_exit.o)
 .comment       0x0000000000000070       0x39 /usr/lib/gcc/arm-none-eabi/4.9.3/../../../arm-none-eabi/lib/librdimon.a(rdimon-_kill.o)
 .comment       0x0000000000000070       0x39 /usr/lib/gcc/arm-none-eabi/4.9.3/../../../arm-none-eabi/lib/libc.a(lib_a-errno.o)
 .comment       0x0000000000000070       0x39 /usr/lib/gcc/arm-none-eabi/4.9.3/../../../arm-none-eabi/lib/libc.a(lib_a-findfp.o)
 .comment       0x0000000000000070       0x39 /usr/lib/gcc/arm-none-eabi/4.9.3/../../../arm-none-eabi/lib/libc.a(lib_a-fwalk.o)
 .comment       0x0000000000000070       0x39 /usr/lib/gcc/arm-none-eabi/4.9.3/../../../arm-none-eabi/lib/libc.a(lib_a-mallocr.o)
 .comment       0x0000000000000070       0x39 /usr/lib/gcc/arm-none-eabi/4.9.3/../../../arm-none-eabi/lib/libc.a(lib_a-mlock.o)
 .comment       0x0000000000000070       0x39 /usr/lib/gcc/arm-none-eabi/4.9.3/../../../arm-none-eabi/lib/libc.a(lib_a-sbrkr.o)
 .comment       0x0000000000000070       0x39 /usr/lib/gcc/arm-none-eabi/4.9.3/../../../arm-none-eabi/lib/libc.a(lib_a-stdio.o)
 .comment       0x0000000000000070       0x39 /usr/lib/gcc/arm-none-eabi/4.9.3/../../../arm-none-eabi/lib/libc.a(lib_a-strlen.o)
 .comment       0x0000000000000070       0x39 /usr/lib/gcc/arm-none-eabi/4.9.3/../../../arm-none-eabi/lib/libc.a(lib_a-writer.o)
 .comment       0x0000000000000070       0x39 /usr/lib/gcc/arm-none-eabi/4.9.3/../../../arm-none-eabi/lib/libc.a(lib_a-closer.o)
 .comment       0x0000000000000070       0x39 /usr/lib/gcc/arm-none-eabi/4.9.3/../../../arm-none-eabi/lib/libc.a(lib_a-fclose.o)
 .comment       0x0000000000000070       0x39 /usr/lib/gcc/arm-none-eabi/4.9.3/../../../arm-none-eabi/lib/libc.a(lib_a-fflush.o)
 .comment       0x0000000000000070       0x39 /usr/lib/gcc/arm-none-eabi/4.9.3/../../../arm-none-eabi/lib/libc.a(lib_a-freer.o)
 .comment       0x0000000000000070       0x39 /usr/lib/gcc/arm-none-eabi/4.9.3/../../../arm-none-eabi/lib/libc.a(lib_a-lseekr.o)
 .comment       0x0000000000000070       0x39 /usr/lib/gcc/arm-none-eabi/4.9.3/../../../arm-none-eabi/lib/libc.a(lib_a-readr.o)
 .comment       0x0000000000000070       0x39 /usr/lib/gcc/arm-none-eabi/4.9.3/../../../arm-none-eabi/lib/libc.a(lib_a-reent.o)
 .comment       0x0000000000000070       0x39 /usr/lib/gcc/arm-none-eabi/4.9.3/crtend.o
 .comment       0x0000000000000070       0x39 /usr/lib/gcc/arm-none-eabi/4.9.3/../../../arm-none-eabi/lib/libc.a(lib_a-printf.o)
 .comment       0x0000000000000070       0x39 /usr/lib/gcc/arm-none-eabi/4.9.3/../../../arm-none-eabi/lib/libc.a(lib_a-vfprintf.o)
 .comment       0x0000000000000070       0x39 /usr/lib/gcc/arm-none-eabi/4.9.3/../../../arm-none-eabi/lib/libc.a(lib_a-wsetup.o)
 .comment       0x0000000000000070       0x39 /usr/lib/gcc/arm-none-eabi/4.9.3/../../../arm-none-eabi/lib/libc.a(lib_a-dtoa.o)
 .comment       0x0000000000000070       0x39 /usr/lib/gcc/arm-none-eabi/4.9.3/../../../arm-none-eabi/lib/libc.a(lib_a-locale.o)
 .comment       0x0000000000000070       0x39 /usr/lib/gcc/arm-none-eabi/4.9.3/../../../arm-none-eabi/lib/libc.a(lib_a-makebuf.o)
 .comment       0x0000000000000070       0x39 /usr/lib/gcc/arm-none-eabi/4.9.3/../../../arm-none-eabi/lib/libc.a(lib_a-memchr.o)
 .comment       0x0000000000000070       0x39 /usr/lib/gcc/arm-none-eabi/4.9.3/../../../arm-none-eabi/lib/libc.a(lib_a-memcpy.o)
 .comment       0x0000000000000070       0x39 /usr/lib/gcc/arm-none-eabi/4.9.3/../../../arm-none-eabi/lib/libc.a(lib_a-mprec.o)
 .comment       0x0000000000000070       0x39 /usr/lib/gcc/arm-none-eabi/4.9.3/../../../arm-none-eabi/lib/libc.a(lib_a-s_fpclassify.o)
 .comment       0x0000000000000070       0x39 /usr/lib/gcc/arm-none-eabi/4.9.3/../../../arm-none-eabi/lib/libc.a(lib_a-vfiprintf.o)
 .comment       0x0000000000000070       0x39 /usr/lib/gcc/arm-none-eabi/4.9.3/../../../arm-none-eabi/lib/libc.a(lib_a-callocr.o)
 .comment       0x0000000000000070       0x39 /usr/lib/gcc/arm-none-eabi/4.9.3/../../../arm-none-eabi/lib/libc.a(lib_a-fputwc.o)
 .comment       0x0000000000000070       0x39 /usr/lib/gcc/arm-none-eabi/4.9.3/../../../arm-none-eabi/lib/libc.a(lib_a-fstatr.o)
 .comment       0x0000000000000070       0x39 /usr/lib/gcc/arm-none-eabi/4.9.3/../../../arm-none-eabi/lib/libc.a(lib_a-fvwrite.o)
 .comment       0x0000000000000070       0x39 /usr/lib/gcc/arm-none-eabi/4.9.3/../../../arm-none-eabi/lib/libc.a(lib_a-isattyr.o)
 .comment       0x0000000000000070       0x39 /usr/lib/gcc/arm-none-eabi/4.9.3/../../../arm-none-eabi/lib/libc.a(lib_a-memmove.o)
 .comment       0x0000000000000070       0x39 /usr/lib/gcc/arm-none-eabi/4.9.3/../../../arm-none-eabi/lib/libc.a(lib_a-reallocr.o)
 .comment       0x0000000000000070       0x39 /usr/lib/gcc/arm-none-eabi/4.9.3/../../../arm-none-eabi/lib/libc.a(lib_a-wbuf.o)
 .comment       0x0000000000000070       0x39 /usr/lib/gcc/arm-none-eabi/4.9.3/../../../arm-none-eabi/lib/libc.a(lib_a-wcrtomb.o)
 .comment       0x0000000000000070       0x39 /usr/lib/gcc/arm-none-eabi/4.9.3/../../../arm-none-eabi/lib/libc.a(lib_a-wctomb_r.o)
 .comment       0x0000000000000070       0x39 /usr/lib/gcc/arm-none-eabi/4.9.3/libgcc.a(bpabi.o)
 .comment       0x0000000000000070       0x39 /usr/lib/gcc/arm-none-eabi/4.9.3/libgcc.a(_divdi3.o)
 .comment       0x0000000000000070       0x39 /usr/lib/gcc/arm-none-eabi/4.9.3/libgcc.a(_udivdi3.o)

.debug_line     0x0000000000000000     0x7055
 .debug_line    0x0000000000000000       0xac /usr/lib/gcc/arm-none-eabi/4.9.3/../../../arm-none-eabi/lib/rdimon-crt0.o
 .debug_line    0x00000000000000ac       0xc0 /usr/lib/gcc/arm-none-eabi/4.9.3/../../../arm-none-eabi/lib/libc.a(lib_a-atexit.o)
 .debug_line    0x000000000000016c      0x172 /usr/lib/gcc/arm-none-eabi/4.9.3/../../../arm-none-eabi/lib/libc.a(lib_a-exit.o)
 .debug_line    0x00000000000002de       0x99 /usr/lib/gcc/arm-none-eabi/4.9.3/../../../arm-none-eabi/lib/libc.a(lib_a-fini.o)
 .debug_line    0x0000000000000377       0xee /usr/lib/gcc/arm-none-eabi/4.9.3/../../../arm-none-eabi/lib/libc.a(lib_a-impure.o)
 .debug_line    0x0000000000000465       0xb3 /usr/lib/gcc/arm-none-eabi/4.9.3/../../../arm-none-eabi/lib/libc.a(lib_a-init.o)
 .debug_line    0x0000000000000518      0x11a /usr/lib/gcc/arm-none-eabi/4.9.3/../../../arm-none-eabi/lib/libc.a(lib_a-memset.o)
 .debug_line    0x0000000000000632      0x18f /usr/lib/gcc/arm-none-eabi/4.9.3/../../../arm-none-eabi/lib/libc.a(lib_a-__atexit.o)
 .debug_line    0x00000000000007c1      0x1c3 /usr/lib/gcc/arm-none-eabi/4.9.3/../../../arm-none-eabi/lib/libc.a(lib_a-__call_atexit.o)
 .debug_line    0x0000000000000984      0x70d /usr/lib/gcc/arm-none-eabi/4.9.3/../../../arm-none-eabi/lib/librdimon.a(rdimon-syscalls.o)
 .debug_line    0x0000000000001091       0x50 /usr/lib/gcc/arm-none-eabi/4.9.3/../../../arm-none-eabi/lib/librdimon.a(rdimon-_exit.o)
 .debug_line    0x00000000000010e1       0x65 /usr/lib/gcc/arm-none-eabi/4.9.3/../../../arm-none-eabi/lib/librdimon.a(rdimon-_kill.o)
 .debug_line    0x0000000000001146      0x109 /usr/lib/gcc/arm-none-eabi/4.9.3/../../../arm-none-eabi/lib/libc.a(lib_a-errno.o)
 .debug_line    0x000000000000124f      0x320 /usr/lib/gcc/arm-none-eabi/4.9.3/../../../arm-none-eabi/lib/libc.a(lib_a-findfp.o)
 .debug_line    0x000000000000156f      0x1a0 /usr/lib/gcc/arm-none-eabi/4.9.3/../../../arm-none-eabi/lib/libc.a(lib_a-fwalk.o)
 .debug_line    0x000000000000170f      0x34d /usr/lib/gcc/arm-none-eabi/4.9.3/../../../arm-none-eabi/lib/libc.a(lib_a-mallocr.o)
 .debug_line    0x0000000000001a5c      0x10c /usr/lib/gcc/arm-none-eabi/4.9.3/../../../arm-none-eabi/lib/libc.a(lib_a-mlock.o)
 .debug_line    0x0000000000001b68      0x166 /usr/lib/gcc/arm-none-eabi/4.9.3/../../../arm-none-eabi/lib/libc.a(lib_a-sbrkr.o)
 .debug_line    0x0000000000001cce      0x1cb /usr/lib/gcc/arm-none-eabi/4.9.3/../../../arm-none-eabi/lib/libc.a(lib_a-stdio.o)
 .debug_line    0x0000000000001e99       0xef /usr/lib/gcc/arm-none-eabi/4.9.3/../../../arm-none-eabi/lib/libc.a(lib_a-strlen.o)
 .debug_line    0x0000000000001f88      0x166 /usr/lib/gcc/arm-none-eabi/4.9.3/../../../arm-none-eabi/lib/libc.a(lib_a-writer.o)
 .debug_line    0x00000000000020ee      0x164 /usr/lib/gcc/arm-none-eabi/4.9.3/../../../arm-none-eabi/lib/libc.a(lib_a-closer.o)
 .debug_line    0x0000000000002252      0x1b6 /usr/lib/gcc/arm-none-eabi/4.9.3/../../../arm-none-eabi/lib/libc.a(lib_a-fclose.o)
 .debug_line    0x0000000000002408      0x25e /usr/lib/gcc/arm-none-eabi/4.9.3/../../../arm-none-eabi/lib/libc.a(lib_a-fflush.o)
 .debug_line    0x0000000000002666      0x261 /usr/lib/gcc/arm-none-eabi/4.9.3/../../../arm-none-eabi/lib/libc.a(lib_a-freer.o)
 .debug_line    0x00000000000028c7      0x166 /usr/lib/gcc/arm-none-eabi/4.9.3/../../../arm-none-eabi/lib/libc.a(lib_a-lseekr.o)
 .debug_line    0x0000000000002a2d      0x165 /usr/lib/gcc/arm-none-eabi/4.9.3/../../../arm-none-eabi/lib/libc.a(lib_a-readr.o)
 .debug_line    0x0000000000002b92      0x19b /usr/lib/gcc/arm-none-eabi/4.9.3/../../../arm-none-eabi/lib/libc.a(lib_a-reent.o)
 .debug_line    0x0000000000002d2d      0x15e /usr/lib/gcc/arm-none-eabi/4.9.3/libgcc.a(_arm_addsubdf3.o)
 .debug_line    0x0000000000002e8b      0x188 /usr/lib/gcc/arm-none-eabi/4.9.3/../../../arm-none-eabi/lib/libc.a(lib_a-printf.o)
 .debug_line    0x0000000000003013      0x9d6 /usr/lib/gcc/arm-none-eabi/4.9.3/../../../arm-none-eabi/lib/libc.a(lib_a-vfprintf.o)
 .debug_line    0x00000000000039e9      0x1d6 /usr/lib/gcc/arm-none-eabi/4.9.3/../../../arm-none-eabi/lib/libc.a(lib_a-wsetup.o)
 .debug_line    0x0000000000003bbf      0x689 /usr/lib/gcc/arm-none-eabi/4.9.3/../../../arm-none-eabi/lib/libc.a(lib_a-dtoa.o)
 .debug_line    0x0000000000004248      0x207 /usr/lib/gcc/arm-none-eabi/4.9.3/../../../arm-none-eabi/lib/libc.a(lib_a-locale.o)
 .debug_line    0x000000000000444f      0x1df /usr/lib/gcc/arm-none-eabi/4.9.3/../../../arm-none-eabi/lib/libc.a(lib_a-makebuf.o)
 .debug_line    0x000000000000462e      0x11c /usr/lib/gcc/arm-none-eabi/4.9.3/../../../arm-none-eabi/lib/libc.a(lib_a-memchr.o)
 .debug_line    0x000000000000474a      0x119 /usr/lib/gcc/arm-none-eabi/4.9.3/../../../arm-none-eabi/lib/libc.a(lib_a-memcpy.o)
 .debug_line    0x0000000000004863      0x6d9 /usr/lib/gcc/arm-none-eabi/4.9.3/../../../arm-none-eabi/lib/libc.a(lib_a-mprec.o)
 .debug_line    0x0000000000004f3c      0x12a /usr/lib/gcc/arm-none-eabi/4.9.3/../../../arm-none-eabi/lib/libc.a(lib_a-s_fpclassify.o)
 .debug_line    0x0000000000005066       0xf9 /usr/lib/gcc/arm-none-eabi/4.9.3/../../../arm-none-eabi/lib/libc.a(lib_a-strcmp.o)
 .debug_line    0x000000000000515f      0x74c /usr/lib/gcc/arm-none-eabi/4.9.3/../../../arm-none-eabi/lib/libc.a(lib_a-vfiprintf.o)
 .debug_line    0x00000000000058ab      0x12d /usr/lib/gcc/arm-none-eabi/4.9.3/../../../arm-none-eabi/lib/libc.a(lib_a-callocr.o)
 .debug_line    0x00000000000059d8      0x1e9 /usr/lib/gcc/arm-none-eabi/4.9.3/../../../arm-none-eabi/lib/libc.a(lib_a-fputwc.o)
 .debug_line    0x0000000000005bc1      0x179 /usr/lib/gcc/arm-none-eabi/4.9.3/../../../arm-none-eabi/lib/libc.a(lib_a-fstatr.o)
 .debug_line    0x0000000000005d3a      0x2a8 /usr/lib/gcc/arm-none-eabi/4.9.3/../../../arm-none-eabi/lib/libc.a(lib_a-fvwrite.o)
 .debug_line    0x0000000000005fe2      0x165 /usr/lib/gcc/arm-none-eabi/4.9.3/../../../arm-none-eabi/lib/libc.a(lib_a-isattyr.o)
 .debug_line    0x0000000000006147      0x127 /usr/lib/gcc/arm-none-eabi/4.9.3/../../../arm-none-eabi/lib/libc.a(lib_a-memmove.o)
 .debug_line    0x000000000000626e      0x258 /usr/lib/gcc/arm-none-eabi/4.9.3/../../../arm-none-eabi/lib/libc.a(lib_a-reallocr.o)
 .debug_line    0x00000000000064c6      0x1cd /usr/lib/gcc/arm-none-eabi/4.9.3/../../../arm-none-eabi/lib/libc.a(lib_a-wbuf.o)
 .debug_line    0x0000000000006693      0x19a /usr/lib/gcc/arm-none-eabi/4.9.3/../../../arm-none-eabi/lib/libc.a(lib_a-wcrtomb.o)
 .debug_line    0x000000000000682d      0x189 /usr/lib/gcc/arm-none-eabi/4.9.3/../../../arm-none-eabi/lib/libc.a(lib_a-wctomb_r.o)
 .debug_line    0x00000000000069b6       0x78 /usr/lib/gcc/arm-none-eabi/4.9.3/libgcc.a(_udivsi3.o)
 .debug_line    0x0000000000006a2e       0x84 /usr/lib/gcc/arm-none-eabi/4.9.3/libgcc.a(_divsi3.o)
 .debug_line    0x0000000000006ab2       0x5b /usr/lib/gcc/arm-none-eabi/4.9.3/libgcc.a(_dvmd_tls.o)
 .debug_line    0x0000000000006b0d      0x17a /usr/lib/gcc/arm-none-eabi/4.9.3/libgcc.a(_arm_muldivdf3.o)
 .debug_line    0x0000000000006c87       0xa8 /usr/lib/gcc/arm-none-eabi/4.9.3/libgcc.a(_arm_cmpdf2.o)
 .debug_line    0x0000000000006d2f       0x72 /usr/lib/gcc/arm-none-eabi/4.9.3/libgcc.a(_arm_fixdfsi.o)
 .debug_line    0x0000000000006da1       0x5e /usr/lib/gcc/arm-none-eabi/4.9.3/libgcc.a(_aeabi_uldivmod.o)
 .debug_line    0x0000000000006dff       0x5f /usr/lib/gcc/arm-none-eabi/4.9.3/libgcc.a(bpabi.o)
 .debug_line    0x0000000000006e5e       0x98 /usr/lib/gcc/arm-none-eabi/4.9.3/libgcc.a(_divdi3.o)
 .debug_line    0x0000000000006ef6       0x92 /usr/lib/gcc/arm-none-eabi/4.9.3/libgcc.a(_udivdi3.o)
 .debug_line    0x0000000000006f88       0x65 /usr/lib/gcc/arm-none-eabi/4.9.3/libgcc.a(_clzdi2.o)
 .debug_line    0x0000000000006fed       0x68 /usr/lib/gcc/arm-none-eabi/4.9.3/libgcc.a(_clzsi2.o)

.debug_info     0x0000000000000000    0x1d64c
 .debug_info    0x0000000000000000       0x9d /usr/lib/gcc/arm-none-eabi/4.9.3/../../../arm-none-eabi/lib/rdimon-crt0.o
 .debug_info    0x000000000000009d      0x10a /usr/lib/gcc/arm-none-eabi/4.9.3/../../../arm-none-eabi/lib/libc.a(lib_a-atexit.o)
 .debug_info    0x00000000000001a7      0x8e4 /usr/lib/gcc/arm-none-eabi/4.9.3/../../../arm-none-eabi/lib/libc.a(lib_a-exit.o)
 .debug_info    0x0000000000000a8b       0xef /usr/lib/gcc/arm-none-eabi/4.9.3/../../../arm-none-eabi/lib/libc.a(lib_a-fini.o)
 .debug_info    0x0000000000000b7a      0x894 /usr/lib/gcc/arm-none-eabi/4.9.3/../../../arm-none-eabi/lib/libc.a(lib_a-impure.o)
 .debug_info    0x000000000000140e      0x105 /usr/lib/gcc/arm-none-eabi/4.9.3/../../../arm-none-eabi/lib/libc.a(lib_a-init.o)
 .debug_info    0x0000000000001513      0x117 /usr/lib/gcc/arm-none-eabi/4.9.3/../../../arm-none-eabi/lib/libc.a(lib_a-memset.o)
 .debug_info    0x000000000000162a      0x934 /usr/lib/gcc/arm-none-eabi/4.9.3/../../../arm-none-eabi/lib/libc.a(lib_a-__atexit.o)
 .debug_info    0x0000000000001f5e      0x9a9 /usr/lib/gcc/arm-none-eabi/4.9.3/../../../arm-none-eabi/lib/libc.a(lib_a-__call_atexit.o)
 .debug_info    0x0000000000002907     0x1ebe /usr/lib/gcc/arm-none-eabi/4.9.3/../../../arm-none-eabi/lib/librdimon.a(rdimon-syscalls.o)
 .debug_info    0x00000000000047c5       0x7f /usr/lib/gcc/arm-none-eabi/4.9.3/../../../arm-none-eabi/lib/librdimon.a(rdimon-_exit.o)
 .debug_info    0x0000000000004844      0x142 /usr/lib/gcc/arm-none-eabi/4.9.3/../../../arm-none-eabi/lib/librdimon.a(rdimon-_kill.o)
 .debug_info    0x0000000000004986      0x889 /usr/lib/gcc/arm-none-eabi/4.9.3/../../../arm-none-eabi/lib/libc.a(lib_a-errno.o)
 .debug_info    0x000000000000520f      0xdc8 /usr/lib/gcc/arm-none-eabi/4.9.3/../../../arm-none-eabi/lib/libc.a(lib_a-findfp.o)
 .debug_info    0x0000000000005fd7      0x99e /usr/lib/gcc/arm-none-eabi/4.9.3/../../../arm-none-eabi/lib/libc.a(lib_a-fwalk.o)
 .debug_info    0x0000000000006975      0xd72 /usr/lib/gcc/arm-none-eabi/4.9.3/../../../arm-none-eabi/lib/libc.a(lib_a-mallocr.o)
 .debug_info    0x00000000000076e7      0x8b4 /usr/lib/gcc/arm-none-eabi/4.9.3/../../../arm-none-eabi/lib/libc.a(lib_a-mlock.o)
 .debug_info    0x0000000000007f9b      0x8f4 /usr/lib/gcc/arm-none-eabi/4.9.3/../../../arm-none-eabi/lib/libc.a(lib_a-sbrkr.o)
 .debug_info    0x000000000000888f      0xb89 /usr/lib/gcc/arm-none-eabi/4.9.3/../../../arm-none-eabi/lib/libc.a(lib_a-stdio.o)
 .debug_info    0x0000000000009418       0xb5 /usr/lib/gcc/arm-none-eabi/4.9.3/../../../arm-none-eabi/lib/libc.a(lib_a-strlen.o)
 .debug_info    0x00000000000094cd      0x929 /usr/lib/gcc/arm-none-eabi/4.9.3/../../../arm-none-eabi/lib/libc.a(lib_a-writer.o)
 .debug_info    0x0000000000009df6      0x8e0 /usr/lib/gcc/arm-none-eabi/4.9.3/../../../arm-none-eabi/lib/libc.a(lib_a-closer.o)
 .debug_info    0x000000000000a6d6      0xa28 /usr/lib/gcc/arm-none-eabi/4.9.3/../../../arm-none-eabi/lib/libc.a(lib_a-fclose.o)
 .debug_info    0x000000000000b0fe      0xaba /usr/lib/gcc/arm-none-eabi/4.9.3/../../../arm-none-eabi/lib/libc.a(lib_a-fflush.o)
 .debug_info    0x000000000000bbb8      0xc1a /usr/lib/gcc/arm-none-eabi/4.9.3/../../../arm-none-eabi/lib/libc.a(lib_a-freer.o)
 .debug_info    0x000000000000c7d2      0x90c /usr/lib/gcc/arm-none-eabi/4.9.3/../../../arm-none-eabi/lib/libc.a(lib_a-lseekr.o)
 .debug_info    0x000000000000d0de      0x922 /usr/lib/gcc/arm-none-eabi/4.9.3/../../../arm-none-eabi/lib/libc.a(lib_a-readr.o)
 .debug_info    0x000000000000da00      0x9f9 /usr/lib/gcc/arm-none-eabi/4.9.3/../../../arm-none-eabi/lib/libc.a(lib_a-reent.o)
 .debug_info    0x000000000000e3f9       0xaf /usr/lib/gcc/arm-none-eabi/4.9.3/libgcc.a(_arm_addsubdf3.o)
 .debug_info    0x000000000000e4a8      0x9ab /usr/lib/gcc/arm-none-eabi/4.9.3/../../../arm-none-eabi/lib/libc.a(lib_a-printf.o)
 .debug_info    0x000000000000ee53     0x18db /usr/lib/gcc/arm-none-eabi/4.9.3/../../../arm-none-eabi/lib/libc.a(lib_a-vfprintf.o)
 .debug_info    0x000000000001072e      0x93b /usr/lib/gcc/arm-none-eabi/4.9.3/../../../arm-none-eabi/lib/libc.a(lib_a-wsetup.o)
 .debug_info    0x0000000000011069     0x1360 /usr/lib/gcc/arm-none-eabi/4.9.3/../../../arm-none-eabi/lib/libc.a(lib_a-dtoa.o)
 .debug_info    0x00000000000123c9      0xc24 /usr/lib/gcc/arm-none-eabi/4.9.3/../../../arm-none-eabi/lib/libc.a(lib_a-locale.o)
 .debug_info    0x0000000000012fed      0xae6 /usr/lib/gcc/arm-none-eabi/4.9.3/../../../arm-none-eabi/lib/libc.a(lib_a-makebuf.o)
 .debug_info    0x0000000000013ad3      0x129 /usr/lib/gcc/arm-none-eabi/4.9.3/../../../arm-none-eabi/lib/libc.a(lib_a-memchr.o)
 .debug_info    0x0000000000013bfc      0x131 /usr/lib/gcc/arm-none-eabi/4.9.3/../../../arm-none-eabi/lib/libc.a(lib_a-memcpy.o)
 .debug_info    0x0000000000013d2d     0x168c /usr/lib/gcc/arm-none-eabi/4.9.3/../../../arm-none-eabi/lib/libc.a(lib_a-mprec.o)
 .debug_info    0x00000000000153b9       0xd3 /usr/lib/gcc/arm-none-eabi/4.9.3/../../../arm-none-eabi/lib/libc.a(lib_a-s_fpclassify.o)
 .debug_info    0x000000000001548c       0xc1 /usr/lib/gcc/arm-none-eabi/4.9.3/../../../arm-none-eabi/lib/libc.a(lib_a-strcmp.o)
 .debug_info    0x000000000001554d     0x153d /usr/lib/gcc/arm-none-eabi/4.9.3/../../../arm-none-eabi/lib/libc.a(lib_a-vfiprintf.o)
 .debug_info    0x0000000000016a8a      0x9e0 /usr/lib/gcc/arm-none-eabi/4.9.3/../../../arm-none-eabi/lib/libc.a(lib_a-callocr.o)
 .debug_info    0x000000000001746a      0xabb /usr/lib/gcc/arm-none-eabi/4.9.3/../../../arm-none-eabi/lib/libc.a(lib_a-fputwc.o)
 .debug_info    0x0000000000017f25      0xa5e /usr/lib/gcc/arm-none-eabi/4.9.3/../../../arm-none-eabi/lib/libc.a(lib_a-fstatr.o)
 .debug_info    0x0000000000018983      0xc3f /usr/lib/gcc/arm-none-eabi/4.9.3/../../../arm-none-eabi/lib/libc.a(lib_a-fvwrite.o)
 .debug_info    0x00000000000195c2      0x8e0 /usr/lib/gcc/arm-none-eabi/4.9.3/../../../arm-none-eabi/lib/libc.a(lib_a-isattyr.o)
 .debug_info    0x0000000000019ea2      0x131 /usr/lib/gcc/arm-none-eabi/4.9.3/../../../arm-none-eabi/lib/libc.a(lib_a-memmove.o)
 .debug_info    0x0000000000019fd3      0xcce /usr/lib/gcc/arm-none-eabi/4.9.3/../../../arm-none-eabi/lib/libc.a(lib_a-reallocr.o)
 .debug_info    0x000000000001aca1      0x9cc /usr/lib/gcc/arm-none-eabi/4.9.3/../../../arm-none-eabi/lib/libc.a(lib_a-wbuf.o)
 .debug_info    0x000000000001b66d      0xa77 /usr/lib/gcc/arm-none-eabi/4.9.3/../../../arm-none-eabi/lib/libc.a(lib_a-wcrtomb.o)
 .debug_info    0x000000000001c0e4      0x9b7 /usr/lib/gcc/arm-none-eabi/4.9.3/../../../arm-none-eabi/lib/libc.a(lib_a-wctomb_r.o)
 .debug_info    0x000000000001ca9b       0xae /usr/lib/gcc/arm-none-eabi/4.9.3/libgcc.a(_udivsi3.o)
 .debug_info    0x000000000001cb49       0xae /usr/lib/gcc/arm-none-eabi/4.9.3/libgcc.a(_divsi3.o)
 .debug_info    0x000000000001cbf7       0xae /usr/lib/gcc/arm-none-eabi/4.9.3/libgcc.a(_dvmd_tls.o)
 .debug_info    0x000000000001cca5       0xaf /usr/lib/gcc/arm-none-eabi/4.9.3/libgcc.a(_arm_muldivdf3.o)
 .debug_info    0x000000000001cd54       0xaf /usr/lib/gcc/arm-none-eabi/4.9.3/libgcc.a(_arm_cmpdf2.o)
 .debug_info    0x000000000001ce03       0xaf /usr/lib/gcc/arm-none-eabi/4.9.3/libgcc.a(_arm_fixdfsi.o)
 .debug_info    0x000000000001ceb2       0xaa /usr/lib/gcc/arm-none-eabi/4.9.3/libgcc.a(_aeabi_uldivmod.o)
 .debug_info    0x000000000001cf5c      0x164 /usr/lib/gcc/arm-none-eabi/4.9.3/libgcc.a(bpabi.o)
 .debug_info    0x000000000001d0c0      0x269 /usr/lib/gcc/arm-none-eabi/4.9.3/libgcc.a(_divdi3.o)
 .debug_info    0x000000000001d329      0x1c7 /usr/lib/gcc/arm-none-eabi/4.9.3/libgcc.a(_udivdi3.o)
 .debug_info    0x000000000001d4f0       0xae /usr/lib/gcc/arm-none-eabi/4.9.3/libgcc.a(_clzdi2.o)
 .debug_info    0x000000000001d59e       0xae /usr/lib/gcc/arm-none-eabi/4.9.3/libgcc.a(_clzsi2.o)

.debug_abbrev   0x0000000000000000     0x6326
 .debug_abbrev  0x0000000000000000       0x14 /usr/lib/gcc/arm-none-eabi/4.9.3/../../../arm-none-eabi/lib/rdimon-crt0.o
 .debug_abbrev  0x0000000000000014       0xb5 /usr/lib/gcc/arm-none-eabi/4.9.3/../../../arm-none-eabi/lib/libc.a(lib_a-atexit.o)
 .debug_abbrev  0x00000000000000c9      0x1e6 /usr/lib/gcc/arm-none-eabi/4.9.3/../../../arm-none-eabi/lib/libc.a(lib_a-exit.o)
 .debug_abbrev  0x00000000000002af       0xba /usr/lib/gcc/arm-none-eabi/4.9.3/../../../arm-none-eabi/lib/libc.a(lib_a-fini.o)
 .debug_abbrev  0x0000000000000369      0x180 /usr/lib/gcc/arm-none-eabi/4.9.3/../../../arm-none-eabi/lib/libc.a(lib_a-impure.o)
 .debug_abbrev  0x00000000000004e9       0xba /usr/lib/gcc/arm-none-eabi/4.9.3/../../../arm-none-eabi/lib/libc.a(lib_a-init.o)
 .debug_abbrev  0x00000000000005a3       0x9f /usr/lib/gcc/arm-none-eabi/4.9.3/../../../arm-none-eabi/lib/libc.a(lib_a-memset.o)
 .debug_abbrev  0x0000000000000642      0x20f /usr/lib/gcc/arm-none-eabi/4.9.3/../../../arm-none-eabi/lib/libc.a(lib_a-__atexit.o)
 .debug_abbrev  0x0000000000000851      0x282 /usr/lib/gcc/arm-none-eabi/4.9.3/../../../arm-none-eabi/lib/libc.a(lib_a-__call_atexit.o)
 .debug_abbrev  0x0000000000000ad3      0x4d8 /usr/lib/gcc/arm-none-eabi/4.9.3/../../../arm-none-eabi/lib/librdimon.a(rdimon-syscalls.o)
 .debug_abbrev  0x0000000000000fab       0x79 /usr/lib/gcc/arm-none-eabi/4.9.3/../../../arm-none-eabi/lib/librdimon.a(rdimon-_exit.o)
 .debug_abbrev  0x0000000000001024       0xd6 /usr/lib/gcc/arm-none-eabi/4.9.3/../../../arm-none-eabi/lib/librdimon.a(rdimon-_kill.o)
 .debug_abbrev  0x00000000000010fa      0x18f /usr/lib/gcc/arm-none-eabi/4.9.3/../../../arm-none-eabi/lib/libc.a(lib_a-errno.o)
 .debug_abbrev  0x0000000000001289      0x36a /usr/lib/gcc/arm-none-eabi/4.9.3/../../../arm-none-eabi/lib/libc.a(lib_a-findfp.o)
 .debug_abbrev  0x00000000000015f3      0x1c2 /usr/lib/gcc/arm-none-eabi/4.9.3/../../../arm-none-eabi/lib/libc.a(lib_a-fwalk.o)
 .debug_abbrev  0x00000000000017b5      0x2b4 /usr/lib/gcc/arm-none-eabi/4.9.3/../../../arm-none-eabi/lib/libc.a(lib_a-mallocr.o)
 .debug_abbrev  0x0000000000001a69      0x19a /usr/lib/gcc/arm-none-eabi/4.9.3/../../../arm-none-eabi/lib/libc.a(lib_a-mlock.o)
 .debug_abbrev  0x0000000000001c03      0x1fd /usr/lib/gcc/arm-none-eabi/4.9.3/../../../arm-none-eabi/lib/libc.a(lib_a-sbrkr.o)
 .debug_abbrev  0x0000000000001e00      0x22b /usr/lib/gcc/arm-none-eabi/4.9.3/../../../arm-none-eabi/lib/libc.a(lib_a-stdio.o)
 .debug_abbrev  0x000000000000202b       0x70 /usr/lib/gcc/arm-none-eabi/4.9.3/../../../arm-none-eabi/lib/libc.a(lib_a-strlen.o)
 .debug_abbrev  0x000000000000209b      0x1f4 /usr/lib/gcc/arm-none-eabi/4.9.3/../../../arm-none-eabi/lib/libc.a(lib_a-writer.o)
 .debug_abbrev  0x000000000000228f      0x1ef /usr/lib/gcc/arm-none-eabi/4.9.3/../../../arm-none-eabi/lib/libc.a(lib_a-closer.o)
 .debug_abbrev  0x000000000000247e      0x2aa /usr/lib/gcc/arm-none-eabi/4.9.3/../../../arm-none-eabi/lib/libc.a(lib_a-fclose.o)
 .debug_abbrev  0x0000000000002728      0x2ab /usr/lib/gcc/arm-none-eabi/4.9.3/../../../arm-none-eabi/lib/libc.a(lib_a-fflush.o)
 .debug_abbrev  0x00000000000029d3      0x26b /usr/lib/gcc/arm-none-eabi/4.9.3/../../../arm-none-eabi/lib/libc.a(lib_a-freer.o)
 .debug_abbrev  0x0000000000002c3e      0x1fe /usr/lib/gcc/arm-none-eabi/4.9.3/../../../arm-none-eabi/lib/libc.a(lib_a-lseekr.o)
 .debug_abbrev  0x0000000000002e3c      0x1ef /usr/lib/gcc/arm-none-eabi/4.9.3/../../../arm-none-eabi/lib/libc.a(lib_a-readr.o)
 .debug_abbrev  0x000000000000302b      0x25c /usr/lib/gcc/arm-none-eabi/4.9.3/../../../arm-none-eabi/lib/libc.a(lib_a-reent.o)
 .debug_abbrev  0x0000000000003287       0x14 /usr/lib/gcc/arm-none-eabi/4.9.3/libgcc.a(_arm_addsubdf3.o)
 .debug_abbrev  0x000000000000329b      0x227 /usr/lib/gcc/arm-none-eabi/4.9.3/../../../arm-none-eabi/lib/libc.a(lib_a-printf.o)
 .debug_abbrev  0x00000000000034c2      0x3e0 /usr/lib/gcc/arm-none-eabi/4.9.3/../../../arm-none-eabi/lib/libc.a(lib_a-vfprintf.o)
 .debug_abbrev  0x00000000000038a2      0x20b /usr/lib/gcc/arm-none-eabi/4.9.3/../../../arm-none-eabi/lib/libc.a(lib_a-wsetup.o)
 .debug_abbrev  0x0000000000003aad      0x2da /usr/lib/gcc/arm-none-eabi/4.9.3/../../../arm-none-eabi/lib/libc.a(lib_a-dtoa.o)
 .debug_abbrev  0x0000000000003d87      0x2ac /usr/lib/gcc/arm-none-eabi/4.9.3/../../../arm-none-eabi/lib/libc.a(lib_a-locale.o)
 .debug_abbrev  0x0000000000004033      0x206 /usr/lib/gcc/arm-none-eabi/4.9.3/../../../arm-none-eabi/lib/libc.a(lib_a-makebuf.o)
 .debug_abbrev  0x0000000000004239       0xba /usr/lib/gcc/arm-none-eabi/4.9.3/../../../arm-none-eabi/lib/libc.a(lib_a-memchr.o)
 .debug_abbrev  0x00000000000042f3       0xab /usr/lib/gcc/arm-none-eabi/4.9.3/../../../arm-none-eabi/lib/libc.a(lib_a-memcpy.o)
 .debug_abbrev  0x000000000000439e      0x3bd /usr/lib/gcc/arm-none-eabi/4.9.3/../../../arm-none-eabi/lib/libc.a(lib_a-mprec.o)
 .debug_abbrev  0x000000000000475b       0x6d /usr/lib/gcc/arm-none-eabi/4.9.3/../../../arm-none-eabi/lib/libc.a(lib_a-s_fpclassify.o)
 .debug_abbrev  0x00000000000047c8       0x14 /usr/lib/gcc/arm-none-eabi/4.9.3/../../../arm-none-eabi/lib/libc.a(lib_a-strcmp.o)
 .debug_abbrev  0x00000000000047dc      0x3c9 /usr/lib/gcc/arm-none-eabi/4.9.3/../../../arm-none-eabi/lib/libc.a(lib_a-vfiprintf.o)
 .debug_abbrev  0x0000000000004ba5      0x213 /usr/lib/gcc/arm-none-eabi/4.9.3/../../../arm-none-eabi/lib/libc.a(lib_a-callocr.o)
 .debug_abbrev  0x0000000000004db8      0x26e /usr/lib/gcc/arm-none-eabi/4.9.3/../../../arm-none-eabi/lib/libc.a(lib_a-fputwc.o)
 .debug_abbrev  0x0000000000005026      0x1fe /usr/lib/gcc/arm-none-eabi/4.9.3/../../../arm-none-eabi/lib/libc.a(lib_a-fstatr.o)
 .debug_abbrev  0x0000000000005224      0x247 /usr/lib/gcc/arm-none-eabi/4.9.3/../../../arm-none-eabi/lib/libc.a(lib_a-fvwrite.o)
 .debug_abbrev  0x000000000000546b      0x1ef /usr/lib/gcc/arm-none-eabi/4.9.3/../../../arm-none-eabi/lib/libc.a(lib_a-isattyr.o)
 .debug_abbrev  0x000000000000565a       0xab /usr/lib/gcc/arm-none-eabi/4.9.3/../../../arm-none-eabi/lib/libc.a(lib_a-memmove.o)
 .debug_abbrev  0x0000000000005705      0x25b /usr/lib/gcc/arm-none-eabi/4.9.3/../../../arm-none-eabi/lib/libc.a(lib_a-reallocr.o)
 .debug_abbrev  0x0000000000005960      0x25b /usr/lib/gcc/arm-none-eabi/4.9.3/../../../arm-none-eabi/lib/libc.a(lib_a-wbuf.o)
 .debug_abbrev  0x0000000000005bbb      0x213 /usr/lib/gcc/arm-none-eabi/4.9.3/../../../arm-none-eabi/lib/libc.a(lib_a-wcrtomb.o)
 .debug_abbrev  0x0000000000005dce      0x203 /usr/lib/gcc/arm-none-eabi/4.9.3/../../../arm-none-eabi/lib/libc.a(lib_a-wctomb_r.o)
 .debug_abbrev  0x0000000000005fd1       0x14 /usr/lib/gcc/arm-none-eabi/4.9.3/libgcc.a(_udivsi3.o)
 .debug_abbrev  0x0000000000005fe5       0x14 /usr/lib/gcc/arm-none-eabi/4.9.3/libgcc.a(_divsi3.o)
 .debug_abbrev  0x0000000000005ff9       0x14 /usr/lib/gcc/arm-none-eabi/4.9.3/libgcc.a(_dvmd_tls.o)
 .debug_abbrev  0x000000000000600d       0x14 /usr/lib/gcc/arm-none-eabi/4.9.3/libgcc.a(_arm_muldivdf3.o)
 .debug_abbrev  0x0000000000006021       0x14 /usr/lib/gcc/arm-none-eabi/4.9.3/libgcc.a(_arm_cmpdf2.o)
 .debug_abbrev  0x0000000000006035       0x14 /usr/lib/gcc/arm-none-eabi/4.9.3/libgcc.a(_arm_fixdfsi.o)
 .debug_abbrev  0x0000000000006049       0x14 /usr/lib/gcc/arm-none-eabi/4.9.3/libgcc.a(_aeabi_uldivmod.o)
 .debug_abbrev  0x000000000000605d       0xb7 /usr/lib/gcc/arm-none-eabi/4.9.3/libgcc.a(bpabi.o)
 .debug_abbrev  0x0000000000006114      0x123 /usr/lib/gcc/arm-none-eabi/4.9.3/libgcc.a(_divdi3.o)
 .debug_abbrev  0x0000000000006237       0xc7 /usr/lib/gcc/arm-none-eabi/4.9.3/libgcc.a(_udivdi3.o)
 .debug_abbrev  0x00000000000062fe       0x14 /usr/lib/gcc/arm-none-eabi/4.9.3/libgcc.a(_clzdi2.o)
 .debug_abbrev  0x0000000000006312       0x14 /usr/lib/gcc/arm-none-eabi/4.9.3/libgcc.a(_clzsi2.o)

.debug_aranges  0x0000000000000000      0xa98
 .debug_aranges
                0x0000000000000000       0x20 /usr/lib/gcc/arm-none-eabi/4.9.3/../../../arm-none-eabi/lib/rdimon-crt0.o
 .debug_aranges
                0x0000000000000020       0x20 /usr/lib/gcc/arm-none-eabi/4.9.3/../../../arm-none-eabi/lib/libc.a(lib_a-atexit.o)
 .debug_aranges
                0x0000000000000040       0x20 /usr/lib/gcc/arm-none-eabi/4.9.3/../../../arm-none-eabi/lib/libc.a(lib_a-exit.o)
 .debug_aranges
                0x0000000000000060       0x20 /usr/lib/gcc/arm-none-eabi/4.9.3/../../../arm-none-eabi/lib/libc.a(lib_a-fini.o)
 .debug_aranges
                0x0000000000000080       0x18 /usr/lib/gcc/arm-none-eabi/4.9.3/../../../arm-none-eabi/lib/libc.a(lib_a-impure.o)
 .debug_aranges
                0x0000000000000098       0x20 /usr/lib/gcc/arm-none-eabi/4.9.3/../../../arm-none-eabi/lib/libc.a(lib_a-init.o)
 .debug_aranges
                0x00000000000000b8       0x20 /usr/lib/gcc/arm-none-eabi/4.9.3/../../../arm-none-eabi/lib/libc.a(lib_a-memset.o)
 .debug_aranges
                0x00000000000000d8       0x20 /usr/lib/gcc/arm-none-eabi/4.9.3/../../../arm-none-eabi/lib/libc.a(lib_a-__atexit.o)
 .debug_aranges
                0x00000000000000f8       0x28 /usr/lib/gcc/arm-none-eabi/4.9.3/../../../arm-none-eabi/lib/libc.a(lib_a-__call_atexit.o)
 .debug_aranges
                0x0000000000000120       0xe8 /usr/lib/gcc/arm-none-eabi/4.9.3/../../../arm-none-eabi/lib/librdimon.a(rdimon-syscalls.o)
 .debug_aranges
                0x0000000000000208       0x20 /usr/lib/gcc/arm-none-eabi/4.9.3/../../../arm-none-eabi/lib/librdimon.a(rdimon-_exit.o)
 .debug_aranges
                0x0000000000000228       0x20 /usr/lib/gcc/arm-none-eabi/4.9.3/../../../arm-none-eabi/lib/librdimon.a(rdimon-_kill.o)
 .debug_aranges
                0x0000000000000248       0x20 /usr/lib/gcc/arm-none-eabi/4.9.3/../../../arm-none-eabi/lib/libc.a(lib_a-errno.o)
 .debug_aranges
                0x0000000000000268       0x88 /usr/lib/gcc/arm-none-eabi/4.9.3/../../../arm-none-eabi/lib/libc.a(lib_a-findfp.o)
 .debug_aranges
                0x00000000000002f0       0x28 /usr/lib/gcc/arm-none-eabi/4.9.3/../../../arm-none-eabi/lib/libc.a(lib_a-fwalk.o)
 .debug_aranges
                0x0000000000000318       0x20 /usr/lib/gcc/arm-none-eabi/4.9.3/../../../arm-none-eabi/lib/libc.a(lib_a-mallocr.o)
 .debug_aranges
                0x0000000000000338       0x28 /usr/lib/gcc/arm-none-eabi/4.9.3/../../../arm-none-eabi/lib/libc.a(lib_a-mlock.o)
 .debug_aranges
                0x0000000000000360       0x20 /usr/lib/gcc/arm-none-eabi/4.9.3/../../../arm-none-eabi/lib/libc.a(lib_a-sbrkr.o)
 .debug_aranges
                0x0000000000000380       0x40 /usr/lib/gcc/arm-none-eabi/4.9.3/../../../arm-none-eabi/lib/libc.a(lib_a-stdio.o)
 .debug_aranges
                0x00000000000003c0       0x20 /usr/lib/gcc/arm-none-eabi/4.9.3/../../../arm-none-eabi/lib/libc.a(lib_a-strlen.o)
 .debug_aranges
                0x00000000000003e0       0x20 /usr/lib/gcc/arm-none-eabi/4.9.3/../../../arm-none-eabi/lib/libc.a(lib_a-writer.o)
 .debug_aranges
                0x0000000000000400       0x20 /usr/lib/gcc/arm-none-eabi/4.9.3/../../../arm-none-eabi/lib/libc.a(lib_a-closer.o)
 .debug_aranges
                0x0000000000000420       0x28 /usr/lib/gcc/arm-none-eabi/4.9.3/../../../arm-none-eabi/lib/libc.a(lib_a-fclose.o)
 .debug_aranges
                0x0000000000000448       0x30 /usr/lib/gcc/arm-none-eabi/4.9.3/../../../arm-none-eabi/lib/libc.a(lib_a-fflush.o)
 .debug_aranges
                0x0000000000000478       0x28 /usr/lib/gcc/arm-none-eabi/4.9.3/../../../arm-none-eabi/lib/libc.a(lib_a-freer.o)
 .debug_aranges
                0x00000000000004a0       0x20 /usr/lib/gcc/arm-none-eabi/4.9.3/../../../arm-none-eabi/lib/libc.a(lib_a-lseekr.o)
 .debug_aranges
                0x00000000000004c0       0x20 /usr/lib/gcc/arm-none-eabi/4.9.3/../../../arm-none-eabi/lib/libc.a(lib_a-readr.o)
 .debug_aranges
                0x00000000000004e0       0x28 /usr/lib/gcc/arm-none-eabi/4.9.3/../../../arm-none-eabi/lib/libc.a(lib_a-reent.o)
 .debug_aranges
                0x0000000000000508       0x20 /usr/lib/gcc/arm-none-eabi/4.9.3/libgcc.a(_arm_addsubdf3.o)
 .debug_aranges
                0x0000000000000528       0x28 /usr/lib/gcc/arm-none-eabi/4.9.3/../../../arm-none-eabi/lib/libc.a(lib_a-printf.o)
 .debug_aranges
                0x0000000000000550       0x30 /usr/lib/gcc/arm-none-eabi/4.9.3/../../../arm-none-eabi/lib/libc.a(lib_a-vfprintf.o)
 .debug_aranges
                0x0000000000000580       0x20 /usr/lib/gcc/arm-none-eabi/4.9.3/../../../arm-none-eabi/lib/libc.a(lib_a-wsetup.o)
 .debug_aranges
                0x00000000000005a0       0x28 /usr/lib/gcc/arm-none-eabi/4.9.3/../../../arm-none-eabi/lib/libc.a(lib_a-dtoa.o)
 .debug_aranges
                0x00000000000005c8       0x58 /usr/lib/gcc/arm-none-eabi/4.9.3/../../../arm-none-eabi/lib/libc.a(lib_a-locale.o)
 .debug_aranges
                0x0000000000000620       0x20 /usr/lib/gcc/arm-none-eabi/4.9.3/../../../arm-none-eabi/lib/libc.a(lib_a-makebuf.o)
 .debug_aranges
                0x0000000000000640       0x20 /usr/lib/gcc/arm-none-eabi/4.9.3/../../../arm-none-eabi/lib/libc.a(lib_a-memchr.o)
 .debug_aranges
                0x0000000000000660       0x20 /usr/lib/gcc/arm-none-eabi/4.9.3/../../../arm-none-eabi/lib/libc.a(lib_a-memcpy.o)
 .debug_aranges
                0x0000000000000680       0xb0 /usr/lib/gcc/arm-none-eabi/4.9.3/../../../arm-none-eabi/lib/libc.a(lib_a-mprec.o)
 .debug_aranges
                0x0000000000000730       0x20 /usr/lib/gcc/arm-none-eabi/4.9.3/../../../arm-none-eabi/lib/libc.a(lib_a-s_fpclassify.o)
 .debug_aranges
                0x0000000000000750       0x20 /usr/lib/gcc/arm-none-eabi/4.9.3/../../../arm-none-eabi/lib/libc.a(lib_a-strcmp.o)
 .debug_aranges
                0x0000000000000770       0x40 /usr/lib/gcc/arm-none-eabi/4.9.3/../../../arm-none-eabi/lib/libc.a(lib_a-vfiprintf.o)
 .debug_aranges
                0x00000000000007b0       0x20 /usr/lib/gcc/arm-none-eabi/4.9.3/../../../arm-none-eabi/lib/libc.a(lib_a-callocr.o)
 .debug_aranges
                0x00000000000007d0       0x30 /usr/lib/gcc/arm-none-eabi/4.9.3/../../../arm-none-eabi/lib/libc.a(lib_a-fputwc.o)
 .debug_aranges
                0x0000000000000800       0x20 /usr/lib/gcc/arm-none-eabi/4.9.3/../../../arm-none-eabi/lib/libc.a(lib_a-fstatr.o)
 .debug_aranges
                0x0000000000000820       0x20 /usr/lib/gcc/arm-none-eabi/4.9.3/../../../arm-none-eabi/lib/libc.a(lib_a-fvwrite.o)
 .debug_aranges
                0x0000000000000840       0x20 /usr/lib/gcc/arm-none-eabi/4.9.3/../../../arm-none-eabi/lib/libc.a(lib_a-isattyr.o)
 .debug_aranges
                0x0000000000000860       0x20 /usr/lib/gcc/arm-none-eabi/4.9.3/../../../arm-none-eabi/lib/libc.a(lib_a-memmove.o)
 .debug_aranges
                0x0000000000000880       0x20 /usr/lib/gcc/arm-none-eabi/4.9.3/../../../arm-none-eabi/lib/libc.a(lib_a-reallocr.o)
 .debug_aranges
                0x00000000000008a0       0x28 /usr/lib/gcc/arm-none-eabi/4.9.3/../../../arm-none-eabi/lib/libc.a(lib_a-wbuf.o)
 .debug_aranges
                0x00000000000008c8       0x28 /usr/lib/gcc/arm-none-eabi/4.9.3/../../../arm-none-eabi/lib/libc.a(lib_a-wcrtomb.o)
 .debug_aranges
                0x00000000000008f0       0x28 /usr/lib/gcc/arm-none-eabi/4.9.3/../../../arm-none-eabi/lib/libc.a(lib_a-wctomb_r.o)
 .debug_aranges
                0x0000000000000918       0x20 /usr/lib/gcc/arm-none-eabi/4.9.3/libgcc.a(_udivsi3.o)
 .debug_aranges
                0x0000000000000938       0x20 /usr/lib/gcc/arm-none-eabi/4.9.3/libgcc.a(_divsi3.o)
 .debug_aranges
                0x0000000000000958       0x20 /usr/lib/gcc/arm-none-eabi/4.9.3/libgcc.a(_dvmd_tls.o)
 .debug_aranges
                0x0000000000000978       0x20 /usr/lib/gcc/arm-none-eabi/4.9.3/libgcc.a(_arm_muldivdf3.o)
 .debug_aranges
                0x0000000000000998       0x20 /usr/lib/gcc/arm-none-eabi/4.9.3/libgcc.a(_arm_cmpdf2.o)
 .debug_aranges
                0x00000000000009b8       0x20 /usr/lib/gcc/arm-none-eabi/4.9.3/libgcc.a(_arm_fixdfsi.o)
 .debug_aranges
                0x00000000000009d8       0x20 /usr/lib/gcc/arm-none-eabi/4.9.3/libgcc.a(_aeabi_uldivmod.o)
 .debug_aranges
                0x00000000000009f8       0x20 /usr/lib/gcc/arm-none-eabi/4.9.3/libgcc.a(bpabi.o)
 .debug_aranges
                0x0000000000000a18       0x20 /usr/lib/gcc/arm-none-eabi/4.9.3/libgcc.a(_divdi3.o)
 .debug_aranges
                0x0000000000000a38       0x20 /usr/lib/gcc/arm-none-eabi/4.9.3/libgcc.a(_udivdi3.o)
 .debug_aranges
                0x0000000000000a58       0x20 /usr/lib/gcc/arm-none-eabi/4.9.3/libgcc.a(_clzdi2.o)
 .debug_aranges
                0x0000000000000a78       0x20 /usr/lib/gcc/arm-none-eabi/4.9.3/libgcc.a(_clzsi2.o)

.debug_loc      0x0000000000000000     0xfb34
 .debug_loc     0x0000000000000000       0x2c /usr/lib/gcc/arm-none-eabi/4.9.3/../../../arm-none-eabi/lib/libc.a(lib_a-atexit.o)
 .debug_loc     0x000000000000002c       0x1e /usr/lib/gcc/arm-none-eabi/4.9.3/../../../arm-none-eabi/lib/libc.a(lib_a-exit.o)
 .debug_loc     0x000000000000004a       0x5c /usr/lib/gcc/arm-none-eabi/4.9.3/../../../arm-none-eabi/lib/libc.a(lib_a-fini.o)
 .debug_loc     0x00000000000000a6       0xa2 /usr/lib/gcc/arm-none-eabi/4.9.3/../../../arm-none-eabi/lib/libc.a(lib_a-init.o)
 .debug_loc     0x0000000000000148      0x198 /usr/lib/gcc/arm-none-eabi/4.9.3/../../../arm-none-eabi/lib/libc.a(lib_a-memset.o)
 .debug_loc     0x00000000000002e0      0x11b /usr/lib/gcc/arm-none-eabi/4.9.3/../../../arm-none-eabi/lib/libc.a(lib_a-__atexit.o)
 .debug_loc     0x00000000000003fb      0x1ac /usr/lib/gcc/arm-none-eabi/4.9.3/../../../arm-none-eabi/lib/libc.a(lib_a-__call_atexit.o)
 .debug_loc     0x00000000000005a7     0x13d6 /usr/lib/gcc/arm-none-eabi/4.9.3/../../../arm-none-eabi/lib/librdimon.a(rdimon-syscalls.o)
 .debug_loc     0x000000000000197d       0x21 /usr/lib/gcc/arm-none-eabi/4.9.3/../../../arm-none-eabi/lib/librdimon.a(rdimon-_exit.o)
 .debug_loc     0x000000000000199e       0x42 /usr/lib/gcc/arm-none-eabi/4.9.3/../../../arm-none-eabi/lib/librdimon.a(rdimon-_kill.o)
 .debug_loc     0x00000000000019e0      0x234 /usr/lib/gcc/arm-none-eabi/4.9.3/../../../arm-none-eabi/lib/libc.a(lib_a-findfp.o)
 .debug_loc     0x0000000000001c14      0x27f /usr/lib/gcc/arm-none-eabi/4.9.3/../../../arm-none-eabi/lib/libc.a(lib_a-fwalk.o)
 .debug_loc     0x0000000000001e93      0xaaa /usr/lib/gcc/arm-none-eabi/4.9.3/../../../arm-none-eabi/lib/libc.a(lib_a-mallocr.o)
 .debug_loc     0x000000000000293d       0x66 /usr/lib/gcc/arm-none-eabi/4.9.3/../../../arm-none-eabi/lib/libc.a(lib_a-sbrkr.o)
 .debug_loc     0x00000000000029a3      0x2b5 /usr/lib/gcc/arm-none-eabi/4.9.3/../../../arm-none-eabi/lib/libc.a(lib_a-stdio.o)
 .debug_loc     0x0000000000002c58       0x21 /usr/lib/gcc/arm-none-eabi/4.9.3/../../../arm-none-eabi/lib/libc.a(lib_a-strlen.o)
 .debug_loc     0x0000000000002c79       0xa5 /usr/lib/gcc/arm-none-eabi/4.9.3/../../../arm-none-eabi/lib/libc.a(lib_a-writer.o)
 .debug_loc     0x0000000000002d1e       0x4d /usr/lib/gcc/arm-none-eabi/4.9.3/../../../arm-none-eabi/lib/libc.a(lib_a-closer.o)
 .debug_loc     0x0000000000002d6b      0x1ed /usr/lib/gcc/arm-none-eabi/4.9.3/../../../arm-none-eabi/lib/libc.a(lib_a-fclose.o)
 .debug_loc     0x0000000000002f58      0x31b /usr/lib/gcc/arm-none-eabi/4.9.3/../../../arm-none-eabi/lib/libc.a(lib_a-fflush.o)
 .debug_loc     0x0000000000003273      0x4c4 /usr/lib/gcc/arm-none-eabi/4.9.3/../../../arm-none-eabi/lib/libc.a(lib_a-freer.o)
 .debug_loc     0x0000000000003737       0xa5 /usr/lib/gcc/arm-none-eabi/4.9.3/../../../arm-none-eabi/lib/libc.a(lib_a-lseekr.o)
 .debug_loc     0x00000000000037dc       0xa5 /usr/lib/gcc/arm-none-eabi/4.9.3/../../../arm-none-eabi/lib/libc.a(lib_a-readr.o)
 .debug_loc     0x0000000000003881      0x115 /usr/lib/gcc/arm-none-eabi/4.9.3/../../../arm-none-eabi/lib/libc.a(lib_a-reent.o)
 .debug_loc     0x0000000000003996       0x34 /usr/lib/gcc/arm-none-eabi/4.9.3/../../../arm-none-eabi/lib/libc.a(lib_a-printf.o)
 .debug_loc     0x00000000000039ca     0x255b /usr/lib/gcc/arm-none-eabi/4.9.3/../../../arm-none-eabi/lib/libc.a(lib_a-vfprintf.o)
 .debug_loc     0x0000000000005f25       0xd4 /usr/lib/gcc/arm-none-eabi/4.9.3/../../../arm-none-eabi/lib/libc.a(lib_a-wsetup.o)
 .debug_loc     0x0000000000005ff9     0x2caa /usr/lib/gcc/arm-none-eabi/4.9.3/../../../arm-none-eabi/lib/libc.a(lib_a-dtoa.o)
 .debug_loc     0x0000000000008ca3      0x166 /usr/lib/gcc/arm-none-eabi/4.9.3/../../../arm-none-eabi/lib/libc.a(lib_a-locale.o)
 .debug_loc     0x0000000000008e09      0x170 /usr/lib/gcc/arm-none-eabi/4.9.3/../../../arm-none-eabi/lib/libc.a(lib_a-makebuf.o)
 .debug_loc     0x0000000000008f79      0x175 /usr/lib/gcc/arm-none-eabi/4.9.3/../../../arm-none-eabi/lib/libc.a(lib_a-memchr.o)
 .debug_loc     0x00000000000090ee      0x217 /usr/lib/gcc/arm-none-eabi/4.9.3/../../../arm-none-eabi/lib/libc.a(lib_a-memcpy.o)
 .debug_loc     0x0000000000009305     0x2796 /usr/lib/gcc/arm-none-eabi/4.9.3/../../../arm-none-eabi/lib/libc.a(lib_a-mprec.o)
 .debug_loc     0x000000000000ba9b       0x48 /usr/lib/gcc/arm-none-eabi/4.9.3/../../../arm-none-eabi/lib/libc.a(lib_a-s_fpclassify.o)
 .debug_loc     0x000000000000bae3     0x1962 /usr/lib/gcc/arm-none-eabi/4.9.3/../../../arm-none-eabi/lib/libc.a(lib_a-vfiprintf.o)
 .debug_loc     0x000000000000d445      0x20c /usr/lib/gcc/arm-none-eabi/4.9.3/../../../arm-none-eabi/lib/libc.a(lib_a-callocr.o)
 .debug_loc     0x000000000000d651      0x271 /usr/lib/gcc/arm-none-eabi/4.9.3/../../../arm-none-eabi/lib/libc.a(lib_a-fputwc.o)
 .debug_loc     0x000000000000d8c2       0x79 /usr/lib/gcc/arm-none-eabi/4.9.3/../../../arm-none-eabi/lib/libc.a(lib_a-fstatr.o)
 .debug_loc     0x000000000000d93b      0x640 /usr/lib/gcc/arm-none-eabi/4.9.3/../../../arm-none-eabi/lib/libc.a(lib_a-fvwrite.o)
 .debug_loc     0x000000000000df7b       0x4d /usr/lib/gcc/arm-none-eabi/4.9.3/../../../arm-none-eabi/lib/libc.a(lib_a-isattyr.o)
 .debug_loc     0x000000000000dfc8      0x2c1 /usr/lib/gcc/arm-none-eabi/4.9.3/../../../arm-none-eabi/lib/libc.a(lib_a-memmove.o)
 .debug_loc     0x000000000000e289      0xf20 /usr/lib/gcc/arm-none-eabi/4.9.3/../../../arm-none-eabi/lib/libc.a(lib_a-reallocr.o)
 .debug_loc     0x000000000000f1a9      0x14f /usr/lib/gcc/arm-none-eabi/4.9.3/../../../arm-none-eabi/lib/libc.a(lib_a-wbuf.o)
 .debug_loc     0x000000000000f2f8      0x25e /usr/lib/gcc/arm-none-eabi/4.9.3/../../../arm-none-eabi/lib/libc.a(lib_a-wcrtomb.o)
 .debug_loc     0x000000000000f556      0x113 /usr/lib/gcc/arm-none-eabi/4.9.3/../../../arm-none-eabi/lib/libc.a(lib_a-wctomb_r.o)
 .debug_loc     0x000000000000f669       0xa0 /usr/lib/gcc/arm-none-eabi/4.9.3/libgcc.a(bpabi.o)
 .debug_loc     0x000000000000f709      0x248 /usr/lib/gcc/arm-none-eabi/4.9.3/libgcc.a(_divdi3.o)
 .debug_loc     0x000000000000f951      0x1e3 /usr/lib/gcc/arm-none-eabi/4.9.3/libgcc.a(_udivdi3.o)

.debug_ranges   0x0000000000000000      0xea8
 .debug_ranges  0x0000000000000000       0x10 /usr/lib/gcc/arm-none-eabi/4.9.3/../../../arm-none-eabi/lib/libc.a(lib_a-atexit.o)
 .debug_ranges  0x0000000000000010       0x10 /usr/lib/gcc/arm-none-eabi/4.9.3/../../../arm-none-eabi/lib/libc.a(lib_a-exit.o)
 .debug_ranges  0x0000000000000020       0x10 /usr/lib/gcc/arm-none-eabi/4.9.3/../../../arm-none-eabi/lib/libc.a(lib_a-fini.o)
 .debug_ranges  0x0000000000000030       0x10 /usr/lib/gcc/arm-none-eabi/4.9.3/../../../arm-none-eabi/lib/libc.a(lib_a-init.o)
 .debug_ranges  0x0000000000000040       0x10 /usr/lib/gcc/arm-none-eabi/4.9.3/../../../arm-none-eabi/lib/libc.a(lib_a-memset.o)
 .debug_ranges  0x0000000000000050       0x10 /usr/lib/gcc/arm-none-eabi/4.9.3/../../../arm-none-eabi/lib/libc.a(lib_a-__atexit.o)
 .debug_ranges  0x0000000000000060       0x40 /usr/lib/gcc/arm-none-eabi/4.9.3/../../../arm-none-eabi/lib/libc.a(lib_a-__call_atexit.o)
 .debug_ranges  0x00000000000000a0      0x3d0 /usr/lib/gcc/arm-none-eabi/4.9.3/../../../arm-none-eabi/lib/librdimon.a(rdimon-syscalls.o)
 .debug_ranges  0x0000000000000470       0x10 /usr/lib/gcc/arm-none-eabi/4.9.3/../../../arm-none-eabi/lib/librdimon.a(rdimon-_exit.o)
 .debug_ranges  0x0000000000000480       0x10 /usr/lib/gcc/arm-none-eabi/4.9.3/../../../arm-none-eabi/lib/librdimon.a(rdimon-_kill.o)
 .debug_ranges  0x0000000000000490       0x10 /usr/lib/gcc/arm-none-eabi/4.9.3/../../../arm-none-eabi/lib/libc.a(lib_a-errno.o)
 .debug_ranges  0x00000000000004a0       0xe0 /usr/lib/gcc/arm-none-eabi/4.9.3/../../../arm-none-eabi/lib/libc.a(lib_a-findfp.o)
 .debug_ranges  0x0000000000000580       0x18 /usr/lib/gcc/arm-none-eabi/4.9.3/../../../arm-none-eabi/lib/libc.a(lib_a-fwalk.o)
 .debug_ranges  0x0000000000000598       0x30 /usr/lib/gcc/arm-none-eabi/4.9.3/../../../arm-none-eabi/lib/libc.a(lib_a-mallocr.o)
 .debug_ranges  0x00000000000005c8       0x18 /usr/lib/gcc/arm-none-eabi/4.9.3/../../../arm-none-eabi/lib/libc.a(lib_a-mlock.o)
 .debug_ranges  0x00000000000005e0       0x10 /usr/lib/gcc/arm-none-eabi/4.9.3/../../../arm-none-eabi/lib/libc.a(lib_a-sbrkr.o)
 .debug_ranges  0x00000000000005f0       0x30 /usr/lib/gcc/arm-none-eabi/4.9.3/../../../arm-none-eabi/lib/libc.a(lib_a-stdio.o)
 .debug_ranges  0x0000000000000620       0x10 /usr/lib/gcc/arm-none-eabi/4.9.3/../../../arm-none-eabi/lib/libc.a(lib_a-strlen.o)
 .debug_ranges  0x0000000000000630       0x10 /usr/lib/gcc/arm-none-eabi/4.9.3/../../../arm-none-eabi/lib/libc.a(lib_a-writer.o)
 .debug_ranges  0x0000000000000640       0x10 /usr/lib/gcc/arm-none-eabi/4.9.3/../../../arm-none-eabi/lib/libc.a(lib_a-closer.o)
 .debug_ranges  0x0000000000000650       0x50 /usr/lib/gcc/arm-none-eabi/4.9.3/../../../arm-none-eabi/lib/libc.a(lib_a-fclose.o)
 .debug_ranges  0x00000000000006a0       0x58 /usr/lib/gcc/arm-none-eabi/4.9.3/../../../arm-none-eabi/lib/libc.a(lib_a-fflush.o)