Archive member included to satisfy reference by file (symbol)

/usr/lib/gcc/arm-none-eabi/4.9.3/../../../arm-none-eabi/lib/libc.a(lib_a-atexit.o)
                              /usr/lib/gcc/arm-none-eabi/4.9.3/../../../arm-none-eabi/lib/rdimon-crt0.o (atexit)
/usr/lib/gcc/arm-none-eabi/4.9.3/../../../arm-none-eabi/lib/libc.a(lib_a-exit.o)
                              /usr/lib/gcc/arm-none-eabi/4.9.3/../../../arm-none-eabi/lib/rdimon-crt0.o (exit)
/usr/lib/gcc/arm-none-eabi/4.9.3/../../../arm-none-eabi/lib/libc.a(lib_a-fini.o)
                              /usr/lib/gcc/arm-none-eabi/4.9.3/../../../arm-none-eabi/lib/rdimon-crt0.o (__libc_fini_array)
/usr/lib/gcc/arm-none-eabi/4.9.3/../../../arm-none-eabi/lib/libc.a(lib_a-impure.o)
                              /usr/lib/gcc/arm-none-eabi/4.9.3/../../../arm-none-eabi/lib/libc.a(lib_a-exit.o) (_global_impure_ptr)
/usr/lib/gcc/arm-none-eabi/4.9.3/../../../arm-none-eabi/lib/libc.a(lib_a-init.o)
                              /usr/lib/gcc/arm-none-eabi/4.9.3/../../../arm-none-eabi/lib/rdimon-crt0.o (__libc_init_array)
/usr/lib/gcc/arm-none-eabi/4.9.3/../../../arm-none-eabi/lib/libc.a(lib_a-memset.o)
                              /usr/lib/gcc/arm-none-eabi/4.9.3/../../../arm-none-eabi/lib/rdimon-crt0.o (memset)
/usr/lib/gcc/arm-none-eabi/4.9.3/../../../arm-none-eabi/lib/libc.a(lib_a-__atexit.o)
                              /usr/lib/gcc/arm-none-eabi/4.9.3/../../../arm-none-eabi/lib/libc.a(lib_a-atexit.o) (__register_exitproc)
/usr/lib/gcc/arm-none-eabi/4.9.3/../../../arm-none-eabi/lib/libc.a(lib_a-__call_atexit.o)
                              /usr/lib/gcc/arm-none-eabi/4.9.3/../../../arm-none-eabi/lib/libc.a(lib_a-exit.o) (__call_exitprocs)
/usr/lib/gcc/arm-none-eabi/4.9.3/../../../arm-none-eabi/lib/librdimon.a(rdimon-syscalls.o)
                              /usr/lib/gcc/arm-none-eabi/4.9.3/../../../arm-none-eabi/lib/rdimon-crt0.o (initialise_monitor_handles)
/usr/lib/gcc/arm-none-eabi/4.9.3/../../../arm-none-eabi/lib/librdimon.a(rdimon-_exit.o)
                              /usr/lib/gcc/arm-none-eabi/4.9.3/../../../arm-none-eabi/lib/libc.a(lib_a-exit.o) (_exit)
/usr/lib/gcc/arm-none-eabi/4.9.3/../../../arm-none-eabi/lib/librdimon.a(rdimon-_kill.o)
                              /usr/lib/gcc/arm-none-eabi/4.9.3/../../../arm-none-eabi/lib/librdimon.a(rdimon-_exit.o) (_kill)
/usr/lib/gcc/arm-none-eabi/4.9.3/../../../arm-none-eabi/lib/libc.a(lib_a-errno.o)
                              /usr/lib/gcc/arm-none-eabi/4.9.3/../../../arm-none-eabi/lib/librdimon.a(rdimon-syscalls.o) (__errno)
/usr/lib/gcc/arm-none-eabi/4.9.3/../../../arm-none-eabi/lib/libc.a(lib_a-findfp.o)
                              /usr/lib/gcc/arm-none-eabi/4.9.3/../../../arm-none-eabi/lib/librdimon.a(rdimon-syscalls.o) (__sinit)
/usr/lib/gcc/arm-none-eabi/4.9.3/../../../arm-none-eabi/lib/libc.a(lib_a-fwalk.o)
                              /usr/lib/gcc/arm-none-eabi/4.9.3/../../../arm-none-eabi/lib/libc.a(lib_a-findfp.o) (_fwalk)
/usr/lib/gcc/arm-none-eabi/4.9.3/../../../arm-none-eabi/lib/libc.a(lib_a-mallocr.o)
                              /usr/lib/gcc/arm-none-eabi/4.9.3/../../../arm-none-eabi/lib/libc.a(lib_a-findfp.o) (_malloc_r)
/usr/lib/gcc/arm-none-eabi/4.9.3/../../../arm-none-eabi/lib/libc.a(lib_a-mlock.o)
                              /usr/lib/gcc/arm-none-eabi/4.9.3/../../../arm-none-eabi/lib/libc.a(lib_a-mallocr.o) (__malloc_lock)
/usr/lib/gcc/arm-none-eabi/4.9.3/../../../arm-none-eabi/lib/libc.a(lib_a-sbrkr.o)
                              /usr/lib/gcc/arm-none-eabi/4.9.3/../../../arm-none-eabi/lib/libc.a(lib_a-mallocr.o) (_sbrk_r)
/usr/lib/gcc/arm-none-eabi/4.9.3/../../../arm-none-eabi/lib/libc.a(lib_a-stdio.o)
                              /usr/lib/gcc/arm-none-eabi/4.9.3/../../../arm-none-eabi/lib/libc.a(lib_a-findfp.o) (__sread)
/usr/lib/gcc/arm-none-eabi/4.9.3/../../../arm-none-eabi/lib/libc.a(lib_a-strlen.o)
                              /usr/lib/gcc/arm-none-eabi/4.9.3/../../../arm-none-eabi/lib/librdimon.a(rdimon-syscalls.o) (strlen)
/usr/lib/gcc/arm-none-eabi/4.9.3/../../../arm-none-eabi/lib/libc.a(lib_a-writer.o)
                              /usr/lib/gcc/arm-none-eabi/4.9.3/../../../arm-none-eabi/lib/libc.a(lib_a-stdio.o) (_write_r)
/usr/lib/gcc/arm-none-eabi/4.9.3/../../../arm-none-eabi/lib/libc.a(lib_a-closer.o)
                              /usr/lib/gcc/arm-none-eabi/4.9.3/../../../arm-none-eabi/lib/libc.a(lib_a-stdio.o) (_close_r)
/usr/lib/gcc/arm-none-eabi/4.9.3/../../../arm-none-eabi/lib/libc.a(lib_a-fclose.o)
                              /usr/lib/gcc/arm-none-eabi/4.9.3/../../../arm-none-eabi/lib/libc.a(lib_a-findfp.o) (_fclose_r)
/usr/lib/gcc/arm-none-eabi/4.9.3/../../../arm-none-eabi/lib/libc.a(lib_a-fflush.o)
                              /usr/lib/gcc/arm-none-eabi/4.9.3/../../../arm-none-eabi/lib/libc.a(lib_a-fclose.o) (__sflush_r)
/usr/lib/gcc/arm-none-eabi/4.9.3/../../../arm-none-eabi/lib/libc.a(lib_a-freer.o)
[...]
Memory Configuration

Name             Origin             Length             Attributes
RAM              0x0000000020000000 0x0000000000080000 xrw
FLASH            0x0000000000200000 0x0000000000200000 xr
*default*        0x0000000000000000 0xffffffffffffffff

Linker script and memory map

LOAD /usr/lib/gcc/arm-none-eabi/4.9.3/crti.o
LOAD /usr/lib/gcc/arm-none-eabi/4.9.3/crtbegin.o
LOAD /usr/lib/gcc/arm-none-eabi/4.9.3/../../../arm-none-eabi/lib/rdimon-crt0.o
LOAD /tmp/ccTCmC1r.o
LOAD /tmp/ccQ5Viui.ltrans0.ltrans.o
LOAD /tmp/ccbvZD6F.o
START GROUP
LOAD /usr/lib/gcc/arm-none-eabi/4.9.3/libgcc.a
LOAD /usr/lib/gcc/arm-none-eabi/4.9.3/../../../arm-none-eabi/lib/libc.a
END GROUP
START GROUP
LOAD /usr/lib/gcc/arm-none-eabi/4.9.3/libgcc.a
LOAD /usr/lib/gcc/arm-none-eabi/4.9.3/../../../arm-none-eabi/lib/libc.a
LOAD /usr/lib/gcc/arm-none-eabi/4.9.3/../../../arm-none-eabi/lib/librdimon.a
END GROUP
LOAD /usr/lib/gcc/arm-none-eabi/4.9.3/crtend.o
LOAD /usr/lib/gcc/arm-none-eabi/4.9.3/crtn.o

.text           0x0000000000200000     0xfe78
 *(.isr_vector)
 .isr_vector    0x0000000000200000       0x44 /tmp/ccbvZD6F.o
                0x0000000000200000                __isr_vector
 *(.text*)
 .text          0x0000000000200044      0x108 /usr/lib/gcc/arm-none-eabi/4.9.3/crtbegin.o
 .text          0x000000000020014c      0x148 /usr/lib/gcc/arm-none-eabi/4.9.3/../../../arm-none-eabi/lib/rdimon-crt0.o
                0x000000000020014c                _mainCRTStartup
                0x000000000020014c                _start
 .text.SystemInit
                0x0000000000200294        0x2 /tmp/ccQ5Viui.ltrans0.ltrans.o
                0x0000000000200294                SystemInit
 *fill*         0x0000000000200296        0x2 
 .text.startup.main
                0x0000000000200298       0x44 /tmp/ccQ5Viui.ltrans0.ltrans.o
                0x0000000000200298                main
 .text          0x00000000002002dc       0x2c /tmp/ccbvZD6F.o
                0x00000000002002dc                Reset_Handler
                0x0000000000200304                DebugMon_Handler
                0x0000000000200304                HardFault_Handler
                0x0000000000200304                SysTick_Handler
                0x0000000000200304                PendSV_Handler
                0x0000000000200304                NMI_Handler
                0x0000000000200304                UsageFault_Handler
                0x0000000000200304                Default_Handler
                0x0000000000200304                MemManage_Handler
                0x0000000000200304                SVC_Handler
                0x0000000000200304                DEF_IRQHandler
                0x0000000000200304                BusFault_Handler
 .text.atexit   0x0000000000200308       0x20 /usr/lib/gcc/arm-none-eabi/4.9.3/../../../arm-none-eabi/lib/libc.a(lib_a-atexit.o)
                0x0000000000200308                atexit
 .text.exit     0x0000000000200328       0x34 /usr/lib/gcc/arm-none-eabi/4.9.3/../../../arm-none-eabi/lib/libc.a(lib_a-exit.o)
                0x0000000000200328                exit
 .text.__libc_fini_array
                0x000000000020035c       0x48 /usr/lib/gcc/arm-none-eabi/4.9.3/../../../arm-none-eabi/lib/libc.a(lib_a-fini.o)
                0x000000000020035c                __libc_fini_array
 .text.__libc_init_array
                0x00000000002003a4       0x80 /usr/lib/gcc/arm-none-eabi/4.9.3/../../../arm-none-eabi/lib/libc.a(lib_a-init.o)
                0x00000000002003a4                __libc_init_array
 .text.memset   0x0000000000200424       0xf4 /usr/lib/gcc/arm-none-eabi/4.9.3/../../../arm-none-eabi/lib/libc.a(lib_a-memset.o)
                0x0000000000200424                memset
 .text.__register_exitproc
                0x0000000000200518       0xe0 /usr/lib/gcc/arm-none-eabi/4.9.3/../../../arm-none-eabi/lib/libc.a(lib_a-__atexit.o)
                0x0000000000200518                __register_exitproc
 .text.startup.register_fini
                0x00000000002005f8       0x24 /usr/lib/gcc/arm-none-eabi/4.9.3/../../../arm-none-eabi/lib/libc.a(lib_a-__call_atexit.o)
 .text.__call_exitprocs
                0x000000000020061c      0x16c /usr/lib/gcc/arm-none-eabi/4.9.3/../../../arm-none-eabi/lib/libc.a(lib_a-__call_atexit.o)
                0x000000000020061c                __call_exitprocs
 .text.findslot
                0x0000000000200788       0x6c /usr/lib/gcc/arm-none-eabi/4.9.3/../../../arm-none-eabi/lib/librdimon.a(rdimon-syscalls.o)
 .text.checkerror.part.0
                0x00000000002007f4       0x34 /usr/lib/gcc/arm-none-eabi/4.9.3/../../../arm-none-eabi/lib/librdimon.a(rdimon-syscalls.o)
 .text.initialise_monitor_handles
                0x0000000000200828      0x100 /usr/lib/gcc/arm-none-eabi/4.9.3/../../../arm-none-eabi/lib/librdimon.a(rdimon-syscalls.o)
                0x0000000000200828                initialise_monitor_handles
 .text._swiread
                0x0000000000200928       0x4c /usr/lib/gcc/arm-none-eabi/4.9.3/../../../arm-none-eabi/lib/librdimon.a(rdimon-syscalls.o)
                0x0000000000200928                _swiread
 .text._read    0x0000000000200974       0x60 /usr/lib/gcc/arm-none-eabi/4.9.3/../../../arm-none-eabi/lib/librdimon.a(rdimon-syscalls.o)
                0x0000000000200974                _read
 .text._swilseek
                0x00000000002009d4      0x104 /usr/lib/gcc/arm-none-eabi/4.9.3/../../../arm-none-eabi/lib/librdimon.a(rdimon-syscalls.o)
                0x00000000002009d4                _swilseek
 .text._lseek   0x0000000000200ad8        0x4 /usr/lib/gcc/arm-none-eabi/4.9.3/../../../arm-none-eabi/lib/librdimon.a(rdimon-syscalls.o)
                0x0000000000200ad8                _lseek
 .text._swiwrite
                0x0000000000200adc       0x4c /usr/lib/gcc/arm-none-eabi/4.9.3/../../../arm-none-eabi/lib/librdimon.a(rdimon-syscalls.o)
                0x0000000000200adc                _swiwrite
 .text._write   0x0000000000200b28       0xa4 /usr/lib/gcc/arm-none-eabi/4.9.3/../../../arm-none-eabi/lib/librdimon.a(rdimon-syscalls.o)
                0x0000000000200b28                _write
 .text._close   0x0000000000200bcc       0xb4 /usr/lib/gcc/arm-none-eabi/4.9.3/../../../arm-none-eabi/lib/librdimon.a(rdimon-syscalls.o)
                0x0000000000200bcc                _close
 .text._sbrk    0x0000000000200c80       0x84 /usr/lib/gcc/arm-none-eabi/4.9.3/../../../arm-none-eabi/lib/librdimon.a(rdimon-syscalls.o)
                0x0000000000200c80                _sbrk
 .text._swistat
                0x0000000000200d04       0x84 /usr/lib/gcc/arm-none-eabi/4.9.3/../../../arm-none-eabi/lib/librdimon.a(rdimon-syscalls.o)
                0x0000000000200d04                _swistat
 .text._fstat   0x0000000000200d88       0x2c /usr/lib/gcc/arm-none-eabi/4.9.3/../../../arm-none-eabi/lib/librdimon.a(rdimon-syscalls.o)
                0x0000000000200d88                _fstat
 .text._isatty  0x0000000000200db4       0x6c /usr/lib/gcc/arm-none-eabi/4.9.3/../../../arm-none-eabi/lib/librdimon.a(rdimon-syscalls.o)
                0x0000000000200db4                _isatty
 .text._exit    0x0000000000200e20       0x14 /usr/lib/gcc/arm-none-eabi/4.9.3/../../../arm-none-eabi/lib/librdimon.a(rdimon-_exit.o)
                0x0000000000200e20                _exit
 .text._kill    0x0000000000200e34       0x38 /usr/lib/gcc/arm-none-eabi/4.9.3/../../../arm-none-eabi/lib/librdimon.a(rdimon-_kill.o)
                0x0000000000200e34                _kill
 .text.__errno  0x0000000000200e6c       0x10 /usr/lib/gcc/arm-none-eabi/4.9.3/../../../arm-none-eabi/lib/libc.a(lib_a-errno.o)
                0x0000000000200e6c                __errno
 .text._cleanup_r
                0x0000000000200e7c       0x18 /usr/lib/gcc/arm-none-eabi/4.9.3/../../../arm-none-eabi/lib/libc.a(lib_a-findfp.o)
                0x0000000000200e7c                _cleanup_r
 .text.__sinit.part.1
                0x0000000000200e94      0x160 /usr/lib/gcc/arm-none-eabi/4.9.3/../../../arm-none-eabi/lib/libc.a(lib_a-findfp.o)
 .text.__sinit  0x0000000000200ff4       0x10 /usr/lib/gcc/arm-none-eabi/4.9.3/../../../arm-none-eabi/lib/libc.a(lib_a-findfp.o)
                0x0000000000200ff4                __sinit
 .text.__sfp_lock_acquire
                0x0000000000201004        0x4 /usr/lib/gcc/arm-none-eabi/4.9.3/../../../arm-none-eabi/lib/libc.a(lib_a-findfp.o)
                0x0000000000201004                __sfp_lock_acquire
 .text.__sfp_lock_release
                0x0000000000201008        0x4 /usr/lib/gcc/arm-none-eabi/4.9.3/../../../arm-none-eabi/lib/libc.a(lib_a-findfp.o)
                0x0000000000201008                __sfp_lock_release
 .text._fwalk_reent
                0x000000000020100c       0x8c /usr/lib/gcc/arm-none-eabi/4.9.3/../../../arm-none-eabi/lib/libc.a(lib_a-fwalk.o)
                0x000000000020100c                _fwalk_reent
 .text._malloc_r
                0x0000000000201098      0x750 /usr/lib/gcc/arm-none-eabi/4.9.3/../../../arm-none-eabi/lib/libc.a(lib_a-mallocr.o)
                0x0000000000201098                _malloc_r
 .text.__malloc_lock
                0x00000000002017e8        0x4 /usr/lib/gcc/arm-none-eabi/4.9.3/../../../arm-none-eabi/lib/libc.a(lib_a-mlock.o)
                0x00000000002017e8                __malloc_lock
 .text.__malloc_unlock
                0x00000000002017ec        0x4 /usr/lib/gcc/arm-none-eabi/4.9.3/../../../arm-none-eabi/lib/libc.a(lib_a-mlock.o)
                0x00000000002017ec                __malloc_unlock
 .text._sbrk_r  0x00000000002017f0       0x44 /usr/lib/gcc/arm-none-eabi/4.9.3/../../../arm-none-eabi/lib/libc.a(lib_a-sbrkr.o)
                0x00000000002017f0                _sbrk_r
 .text.__sread  0x0000000000201834       0x34 /usr/lib/gcc/arm-none-eabi/4.9.3/../../../arm-none-eabi/lib/libc.a(lib_a-stdio.o)
                0x0000000000201834                __sread
 .text.__seofread
                0x0000000000201868        0x8 /usr/lib/gcc/arm-none-eabi/4.9.3/../../../arm-none-eabi/lib/libc.a(lib_a-stdio.o)
                0x0000000000201868                __seofread
 .text.__swrite
                0x0000000000201870       0x58 /usr/lib/gcc/arm-none-eabi/4.9.3/../../../arm-none-eabi/lib/libc.a(lib_a-stdio.o)
                0x0000000000201870                __swrite
 .text.__sseek  0x00000000002018c8       0x30 /usr/lib/gcc/arm-none-eabi/4.9.3/../../../arm-none-eabi/lib/libc.a(lib_a-stdio.o)
                0x00000000002018c8                __sseek
 .text.__sclose
                0x00000000002018f8       0x14 /usr/lib/gcc/arm-none-eabi/4.9.3/../../../arm-none-eabi/lib/libc.a(lib_a-stdio.o)
                0x00000000002018f8                __sclose
 .text.strlen   0x000000000020190c       0x60 /usr/lib/gcc/arm-none-eabi/4.9.3/../../../arm-none-eabi/lib/libc.a(lib_a-strlen.o)
                0x000000000020190c                strlen
 .text._write_r
                0x000000000020196c       0x44 /usr/lib/gcc/arm-none-eabi/4.9.3/../../../arm-none-eabi/lib/libc.a(lib_a-writer.o)
                0x000000000020196c                _write_r
 .text._close_r
                0x00000000002019b0       0x3c /usr/lib/gcc/arm-none-eabi/4.9.3/../../../arm-none-eabi/lib/libc.a(lib_a-closer.o)
                0x00000000002019b0                _close_r
 .text._fclose_r
                0x00000000002019ec       0xfc /usr/lib/gcc/arm-none-eabi/4.9.3/../../../arm-none-eabi/lib/libc.a(lib_a-fclose.o)
                0x00000000002019ec                _fclose_r
 .text.__sflush_r
                0x0000000000201ae8      0x240 /usr/lib/gcc/arm-none-eabi/4.9.3/../../../arm-none-eabi/lib/libc.a(lib_a-fflush.o)
                0x0000000000201ae8                __sflush_r
 .text._fflush_r
                0x0000000000201d28       0x54 /usr/lib/gcc/arm-none-eabi/4.9.3/../../../arm-none-eabi/lib/libc.a(lib_a-fflush.o)
                0x0000000000201d28                _fflush_r
 .text._malloc_trim_r
                0x0000000000201d7c      0x100 /usr/lib/gcc/arm-none-eabi/4.9.3/../../../arm-none-eabi/lib/libc.a(lib_a-freer.o)
                0x0000000000201d7c                _malloc_trim_r
 .text._free_r  0x0000000000201e7c      0x2bc /usr/lib/gcc/arm-none-eabi/4.9.3/../../../arm-none-eabi/lib/libc.a(lib_a-freer.o)
                0x0000000000201e7c                _free_r
 .text._lseek_r
                0x0000000000202138       0x44 /usr/lib/gcc/arm-none-eabi/4.9.3/../../../arm-none-eabi/lib/libc.a(lib_a-lseekr.o)
                0x0000000000202138                _lseek_r
 .text._read_r  0x000000000020217c       0x44 /usr/lib/gcc/arm-none-eabi/4.9.3/../../../arm-none-eabi/lib/libc.a(lib_a-readr.o)
                0x000000000020217c                _read_r
 .text          0x00000000002021c0      0x41c /usr/lib/gcc/arm-none-eabi/4.9.3/libgcc.a(_arm_addsubdf3.o)
                0x00000000002021c0                __aeabi_drsub
                0x00000000002021c8                __aeabi_dsub
                0x00000000002021c8                __subdf3
                0x00000000002021cc                __adddf3
                0x00000000002021cc                __aeabi_dadd
                0x00000000002024dc                __aeabi_ui2d
                0x00000000002024dc                __floatunsidf
                0x0000000000202500                __floatsidf
                0x0000000000202500                __aeabi_i2d
                0x0000000000202528                __extendsfdf2
                0x0000000000202528                __aeabi_f2d
                0x0000000000202568                __aeabi_ul2d
                0x0000000000202568                __floatundidf
                0x000000000020257c                __floatdidf
                0x000000000020257c                __aeabi_l2d
 .text.printf   0x00000000002025dc       0x40 /usr/lib/gcc/arm-none-eabi/4.9.3/../../../arm-none-eabi/lib/libc.a(lib_a-printf.o)
                0x00000000002025dc                printf
 .text.sscanf   0x000000000020261c       0x80 /usr/lib/gcc/arm-none-eabi/4.9.3/../../../arm-none-eabi/lib/libc.a(lib_a-sscanf.o)
                0x000000000020261c                sscanf
 .text.__ssvfscanf_r
                0x000000000020269c     0x15bc /usr/lib/gcc/arm-none-eabi/4.9.3/../../../arm-none-eabi/lib/libc.a(lib_a-svfscanf.o)
                0x000000000020269c                __ssvfscanf_r
 .text._vfprintf_r
                0x0000000000203c58     0x2088 /usr/lib/gcc/arm-none-eabi/4.9.3/../../../arm-none-eabi/lib/libc.a(lib_a-vfprintf.o)
                0x0000000000203c58                _vfprintf_r
 .text.__sbprintf
                0x0000000000205ce0       0xac /usr/lib/gcc/arm-none-eabi/4.9.3/../../../arm-none-eabi/lib/libc.a(lib_a-vfprintf.o)
 .text.__swsetup_r
                0x0000000000205d8c      0x15c /usr/lib/gcc/arm-none-eabi/4.9.3/../../../arm-none-eabi/lib/libc.a(lib_a-wsetup.o)
                0x0000000000205d8c                __swsetup_r
 .text.quorem   0x0000000000205ee8      0x1d8 /usr/lib/gcc/arm-none-eabi/4.9.3/../../../arm-none-eabi/lib/libc.a(lib_a-dtoa.o)
 .text._dtoa_r  0x00000000002060c0     0x16a0 /usr/lib/gcc/arm-none-eabi/4.9.3/../../../arm-none-eabi/lib/libc.a(lib_a-dtoa.o)
                0x00000000002060c0                _dtoa_r
 .text.iswspace
                0x0000000000207760       0x24 /usr/lib/gcc/arm-none-eabi/4.9.3/../../../arm-none-eabi/lib/libc.a(lib_a-iswspace.o)
                0x0000000000207760                iswspace
 .text.__locale_charset
                0x0000000000207784        0xc /usr/lib/gcc/arm-none-eabi/4.9.3/../../../arm-none-eabi/lib/libc.a(lib_a-locale.o)
                0x0000000000207784                __locale_charset
 .text.__locale_mb_cur_max
                0x0000000000207790       0x10 /usr/lib/gcc/arm-none-eabi/4.9.3/../../../arm-none-eabi/lib/libc.a(lib_a-locale.o)
                0x0000000000207790                __locale_mb_cur_max
 .text._localeconv_r
                0x00000000002077a0        0xc /usr/lib/gcc/arm-none-eabi/4.9.3/../../../arm-none-eabi/lib/libc.a(lib_a-locale.o)
                0x00000000002077a0                _localeconv_r
 .text.__smakebuf_r
                0x00000000002077ac      0x168 /usr/lib/gcc/arm-none-eabi/4.9.3/../../../arm-none-eabi/lib/libc.a(lib_a-makebuf.o)
                0x00000000002077ac                __smakebuf_r
 .text._mbrtowc_r
                0x0000000000207914       0x9c /usr/lib/gcc/arm-none-eabi/4.9.3/../../../arm-none-eabi/lib/libc.a(lib_a-mbrtowc.o)
                0x0000000000207914                _mbrtowc_r
 .text.__ascii_mbtowc
                0x00000000002079b0       0x4c /usr/lib/gcc/arm-none-eabi/4.9.3/../../../arm-none-eabi/lib/libc.a(lib_a-mbtowc_r.o)
                0x00000000002079b0                __ascii_mbtowc
 .text.memchr   0x00000000002079fc      0x118 /usr/lib/gcc/arm-none-eabi/4.9.3/../../../arm-none-eabi/lib/libc.a(lib_a-memchr.o)
                0x00000000002079fc                memchr
 .text.memcpy   0x0000000000207b14       0xf0 /usr/lib/gcc/arm-none-eabi/4.9.3/../../../arm-none-eabi/lib/libc.a(lib_a-memcpy.o)
                0x0000000000207b14                memcpy
 .text._Balloc  0x0000000000207c04       0x90 /usr/lib/gcc/arm-none-eabi/4.9.3/../../../arm-none-eabi/lib/libc.a(lib_a-mprec.o)
                0x0000000000207c04                _Balloc
 .text._Bfree   0x0000000000207c94       0x1c /usr/lib/gcc/arm-none-eabi/4.9.3/../../../arm-none-eabi/lib/libc.a(lib_a-mprec.o)
                0x0000000000207c94                _Bfree
 .text.__multadd
                0x0000000000207cb0       0xdc /usr/lib/gcc/arm-none-eabi/4.9.3/../../../arm-none-eabi/lib/libc.a(lib_a-mprec.o)
                0x0000000000207cb0                __multadd
 .text.__s2b    0x0000000000207d8c       0xe8 /usr/lib/gcc/arm-none-eabi/4.9.3/../../../arm-none-eabi/lib/libc.a(lib_a-mprec.o)
                0x0000000000207d8c                __s2b
 .text.__hi0bits
                0x0000000000207e74       0x5c /usr/lib/gcc/arm-none-eabi/4.9.3/../../../arm-none-eabi/lib/libc.a(lib_a-mprec.o)
                0x0000000000207e74                __hi0bits
 .text.__lo0bits
                0x0000000000207ed0       0x94 /usr/lib/gcc/arm-none-eabi/4.9.3/../../../arm-none-eabi/lib/libc.a(lib_a-mprec.o)
                0x0000000000207ed0                __lo0bits
 .text.__i2b    0x0000000000207f64       0x24 /usr/lib/gcc/arm-none-eabi/4.9.3/../../../arm-none-eabi/lib/libc.a(lib_a-mprec.o)
                0x0000000000207f64                __i2b
 .text.__multiply
                0x0000000000207f88      0x1f0 /usr/lib/gcc/arm-none-eabi/4.9.3/../../../arm-none-eabi/lib/libc.a(lib_a-mprec.o)
                0x0000000000207f88                __multiply
 .text.__pow5mult
                0x0000000000208178      0x104 /usr/lib/gcc/arm-none-eabi/4.9.3/../../../arm-none-eabi/lib/libc.a(lib_a-mprec.o)
                0x0000000000208178                __pow5mult
 .text.__lshift
                0x000000000020827c       0xf8 /usr/lib/gcc/arm-none-eabi/4.9.3/../../../arm-none-eabi/lib/libc.a(lib_a-mprec.o)
                0x000000000020827c                __lshift
 .text.__mcmp   0x0000000000208374       0x64 /usr/lib/gcc/arm-none-eabi/4.9.3/../../../arm-none-eabi/lib/libc.a(lib_a-mprec.o)
                0x0000000000208374                __mcmp
 .text.__mdiff  0x00000000002083d8      0x154 /usr/lib/gcc/arm-none-eabi/4.9.3/../../../arm-none-eabi/lib/libc.a(lib_a-mprec.o)
                0x00000000002083d8                __mdiff
 .text.__ulp    0x000000000020852c       0x64 /usr/lib/gcc/arm-none-eabi/4.9.3/../../../arm-none-eabi/lib/libc.a(lib_a-mprec.o)
                0x000000000020852c                __ulp
 .text.__b2d    0x0000000000208590       0xfc /usr/lib/gcc/arm-none-eabi/4.9.3/../../../arm-none-eabi/lib/libc.a(lib_a-mprec.o)
                0x0000000000208590                __b2d
 .text.__d2b    0x000000000020868c      0x10c /usr/lib/gcc/arm-none-eabi/4.9.3/../../../arm-none-eabi/lib/libc.a(lib_a-mprec.o)
                0x000000000020868c                __d2b
 .text.__ratio  0x0000000000208798       0x98 /usr/lib/gcc/arm-none-eabi/4.9.3/../../../arm-none-eabi/lib/libc.a(lib_a-mprec.o)
                0x0000000000208798                __ratio
 .text.__copybits
                0x0000000000208830       0x70 /usr/lib/gcc/arm-none-eabi/4.9.3/../../../arm-none-eabi/lib/libc.a(lib_a-mprec.o)
                0x0000000000208830                __copybits
 .text.__any_on
                0x00000000002088a0       0x80 /usr/lib/gcc/arm-none-eabi/4.9.3/../../../arm-none-eabi/lib/libc.a(lib_a-mprec.o)
                0x00000000002088a0                __any_on
 .text.__fpclassifyd
                0x0000000000208920       0x6c /usr/lib/gcc/arm-none-eabi/4.9.3/../../../arm-none-eabi/lib/libc.a(lib_a-s_fpclassify.o)
                0x0000000000208920                __fpclassifyd
 .text.__sccl   0x000000000020898c       0xdc /usr/lib/gcc/arm-none-eabi/4.9.3/../../../arm-none-eabi/lib/libc.a(lib_a-sccl.o)
                0x000000000020898c                __sccl
 .text.nanf     0x0000000000208a68        0xc /usr/lib/gcc/arm-none-eabi/4.9.3/../../../arm-none-eabi/lib/libc.a(lib_a-sf_nan.o)
                0x0000000000208a68                nanf
 .text.sprintf  0x0000000000208a74       0x74 /usr/lib/gcc/arm-none-eabi/4.9.3/../../../arm-none-eabi/lib/libc.a(lib_a-sprintf.o)
                0x0000000000208a74                sprintf
 .text.unlikely.sulp
                0x0000000000208ae8       0x6c /usr/lib/gcc/arm-none-eabi/4.9.3/../../../arm-none-eabi/lib/libc.a(lib_a-strtod.o)
 *fill*         0x0000000000208b54        0x4 
 .text._strtod_r
                0x0000000000208b58     0x1640 /usr/lib/gcc/arm-none-eabi/4.9.3/../../../arm-none-eabi/lib/libc.a(lib_a-strtod.o)
                0x0000000000208b58                _strtod_r
 .text._strtol_r
                0x000000000020a198      0x1dc /usr/lib/gcc/arm-none-eabi/4.9.3/../../../arm-none-eabi/lib/libc.a(lib_a-strtol.o)
                0x000000000020a198                _strtol_r
 .text._strtoll_r
                0x000000000020a374      0x2e8 /usr/lib/gcc/arm-none-eabi/4.9.3/../../../arm-none-eabi/lib/libc.a(lib_a-strtoll_r.o)
                0x000000000020a374                _strtoll_r
 .text._strtoul_r
                0x000000000020a65c      0x1cc /usr/lib/gcc/arm-none-eabi/4.9.3/../../../arm-none-eabi/lib/libc.a(lib_a-strtoul.o)
                0x000000000020a65c                _strtoul_r
 .text._strtoull_r
                0x000000000020a828      0x270 /usr/lib/gcc/arm-none-eabi/4.9.3/../../../arm-none-eabi/lib/libc.a(lib_a-strtoull_r.o)
                0x000000000020a828                _strtoull_r
 .text._sungetc_r
                0x000000000020aa98       0xf4 /usr/lib/gcc/arm-none-eabi/4.9.3/../../../arm-none-eabi/lib/libc.a(lib_a-svfiscanf.o)
                0x000000000020aa98                _sungetc_r
 .text.__ssrefill_r
                0x000000000020ab8c       0x6c /usr/lib/gcc/arm-none-eabi/4.9.3/../../../arm-none-eabi/lib/libc.a(lib_a-svfiscanf.o)
                0x000000000020ab8c                __ssrefill_r
 .text._sfread_r
                0x000000000020abf8       0xd4 /usr/lib/gcc/arm-none-eabi/4.9.3/../../../arm-none-eabi/lib/libc.a(lib_a-svfiscanf.o)
                0x000000000020abf8                _sfread_r
 .text._svfprintf_r
                0x000000000020accc     0x2018 /usr/lib/gcc/arm-none-eabi/4.9.3/../../../arm-none-eabi/lib/libc.a(lib_a-svfprintf.o)
                0x000000000020accc                _svfprintf_r
 .text.__submore
                0x000000000020cce4       0xb0 /usr/lib/gcc/arm-none-eabi/4.9.3/../../../arm-none-eabi/lib/libc.a(lib_a-ungetc.o)
                0x000000000020cce4                __submore
 .text.__sprint_r.part.0
                0x000000000020cd94       0xac /usr/lib/gcc/arm-none-eabi/4.9.3/../../../arm-none-eabi/lib/libc.a(lib_a-vfiprintf.o)
 .text.__sprint_r
                0x000000000020ce40       0x18 /usr/lib/gcc/arm-none-eabi/4.9.3/../../../arm-none-eabi/lib/libc.a(lib_a-vfiprintf.o)
                0x000000000020ce40                __sprint_r
 .text._calloc_r
                0x000000000020ce58       0x9c /usr/lib/gcc/arm-none-eabi/4.9.3/../../../arm-none-eabi/lib/libc.a(lib_a-callocr.o)
                0x000000000020ce58                _calloc_r
 .text.__fputwc
                0x000000000020cef4      0x12c /usr/lib/gcc/arm-none-eabi/4.9.3/../../../arm-none-eabi/lib/libc.a(lib_a-fputwc.o)
                0x000000000020cef4                __fputwc
 .text._fputwc_r
                0x000000000020d020       0x20 /usr/lib/gcc/arm-none-eabi/4.9.3/../../../arm-none-eabi/lib/libc.a(lib_a-fputwc.o)
                0x000000000020d020                _fputwc_r
 .text._fstat_r
                0x000000000020d040       0x40 /usr/lib/gcc/arm-none-eabi/4.9.3/../../../arm-none-eabi/lib/libc.a(lib_a-fstatr.o)
                0x000000000020d040                _fstat_r
 .text.__sfvwrite_r
                0x000000000020d080      0x4ec /usr/lib/gcc/arm-none-eabi/4.9.3/../../../arm-none-eabi/lib/libc.a(lib_a-fvwrite.o)
                0x000000000020d080                __sfvwrite_r
 .text.rshift   0x000000000020d56c       0xf4 /usr/lib/gcc/arm-none-eabi/4.9.3/../../../arm-none-eabi/lib/libc.a(lib_a-gdtoa-gethex.o)
 .text.__gethex
                0x000000000020d660      0x7f0 /usr/lib/gcc/arm-none-eabi/4.9.3/../../../arm-none-eabi/lib/libc.a(lib_a-gdtoa-gethex.o)
                0x000000000020d660                __gethex
 .text.__hexnan
                0x000000000020de50      0x26c /usr/lib/gcc/arm-none-eabi/4.9.3/../../../arm-none-eabi/lib/libc.a(lib_a-gdtoa-hexnan.o)
                0x000000000020de50                __hexnan
 .text._isatty_r
                0x000000000020e0bc       0x3c /usr/lib/gcc/arm-none-eabi/4.9.3/../../../arm-none-eabi/lib/libc.a(lib_a-isattyr.o)
                0x000000000020e0bc                _isatty_r
 .text.memmove  0x000000000020e0f8      0x12c /usr/lib/gcc/arm-none-eabi/4.9.3/../../../arm-none-eabi/lib/libc.a(lib_a-memmove.o)
                0x000000000020e0f8                memmove
 .text._realloc_r
                0x000000000020e224      0x584 /usr/lib/gcc/arm-none-eabi/4.9.3/../../../arm-none-eabi/lib/libc.a(lib_a-reallocr.o)
                0x000000000020e224                _realloc_r
 .text.strncmp  0x000000000020e7a8      0x118 /usr/lib/gcc/arm-none-eabi/4.9.3/../../../arm-none-eabi/lib/libc.a(lib_a-strncmp.o)
                0x000000000020e7a8                strncmp
 .text.__ssprint_r
                0x000000000020e8c0      0x1b0 /usr/lib/gcc/arm-none-eabi/4.9.3/../../../arm-none-eabi/lib/libc.a(lib_a-svfiprintf.o)
                0x000000000020e8c0                __ssprint_r
 .text.__swbuf_r
                0x000000000020ea70      0x128 /usr/lib/gcc/arm-none-eabi/4.9.3/../../../arm-none-eabi/lib/libc.a(lib_a-wbuf.o)
                0x000000000020ea70                __swbuf_r
 .text._wcrtomb_r
                0x000000000020eb98       0x94 /usr/lib/gcc/arm-none-eabi/4.9.3/../../../arm-none-eabi/lib/libc.a(lib_a-wcrtomb.o)
                0x000000000020eb98                _wcrtomb_r
 .text.__ascii_wctomb
                0x000000000020ec2c       0x28 /usr/lib/gcc/arm-none-eabi/4.9.3/../../../arm-none-eabi/lib/libc.a(lib_a-wctomb_r.o)
                0x000000000020ec2c                __ascii_wctomb
 .text          0x000000000020ec54      0x114 /usr/lib/gcc/arm-none-eabi/4.9.3/libgcc.a(_udivsi3.o)
                0x000000000020ec54                __udivsi3
                0x000000000020ec54                __aeabi_uidiv
                0x000000000020ed48                __aeabi_uidivmod
 .text          0x000000000020ed68      0x148 /usr/lib/gcc/arm-none-eabi/4.9.3/libgcc.a(_divsi3.o)
                0x000000000020ed68                __aeabi_idiv
                0x000000000020ed68                __divsi3
                0x000000000020ee90                __aeabi_idivmod
 .text          0x000000000020eeb0        0x4 /usr/lib/gcc/arm-none-eabi/4.9.3/libgcc.a(_dvmd_tls.o)
                0x000000000020eeb0                __aeabi_ldiv0
                0x000000000020eeb0                __aeabi_idiv0
 .text          0x000000000020eeb4      0x49c /usr/lib/gcc/arm-none-eabi/4.9.3/libgcc.a(_arm_muldivdf3.o)
                0x000000000020eeb4                __aeabi_dmul
                0x000000000020eeb4                __muldf3
                0x000000000020f144                __aeabi_ddiv
                0x000000000020f144                __divdf3
 .text          0x000000000020f350      0x144 /usr/lib/gcc/arm-none-eabi/4.9.3/libgcc.a(_arm_cmpdf2.o)
                0x000000000020f350                __gtdf2
                0x000000000020f350                __gedf2
                0x000000000020f358                __ltdf2
                0x000000000020f358                __ledf2
                0x000000000020f360                __cmpdf2
                0x000000000020f360                __eqdf2
                0x000000000020f360                __nedf2
                0x000000000020f3e8                __aeabi_cdrcmple
                0x000000000020f404                __aeabi_cdcmple
                0x000000000020f404                __aeabi_cdcmpeq
                0x000000000020f41c                __aeabi_dcmpeq
                0x000000000020f434                __aeabi_dcmplt
                0x000000000020f44c                __aeabi_dcmple
                0x000000000020f464                __aeabi_dcmpge
                0x000000000020f47c                __aeabi_dcmpgt
 .text          0x000000000020f494       0x5c /usr/lib/gcc/arm-none-eabi/4.9.3/libgcc.a(_arm_fixdfsi.o)
                0x000000000020f494                __fixdfsi
                0x000000000020f494                __aeabi_d2iz
 .text          0x000000000020f4f0       0x54 /usr/lib/gcc/arm-none-eabi/4.9.3/libgcc.a(_arm_fixunsdfsi.o)
                0x000000000020f4f0                __fixunsdfsi
                0x000000000020f4f0                __aeabi_d2uiz
 .text          0x000000000020f544       0xa0 /usr/lib/gcc/arm-none-eabi/4.9.3/libgcc.a(_arm_truncdfsf2.o)
                0x000000000020f544                __aeabi_d2f
                0x000000000020f544                __truncdfsf2
 .text          0x000000000020f5e4       0x3c /usr/lib/gcc/arm-none-eabi/4.9.3/libgcc.a(_aeabi_uldivmod.o)
                0x000000000020f5e4                __aeabi_uldivmod
 .text          0x000000000020f620       0x84 /usr/lib/gcc/arm-none-eabi/4.9.3/libgcc.a(bpabi.o)
                0x000000000020f620                __gnu_ldivmod_helper
                0x000000000020f664                __gnu_uldivmod_helper
 .text          0x000000000020f6a4      0x178 /usr/lib/gcc/arm-none-eabi/4.9.3/libgcc.a(_divdi3.o)
                0x000000000020f6a4                __divdi3
 .text          0x000000000020f81c      0x120 /usr/lib/gcc/arm-none-eabi/4.9.3/libgcc.a(_udivdi3.o)
                0x000000000020f81c                __udivdi3
 .text          0x000000000020f93c       0x28 /usr/lib/gcc/arm-none-eabi/4.9.3/libgcc.a(_clzdi2.o)
                0x000000000020f93c                __clzdi2
 .text          0x000000000020f964       0x48 /usr/lib/gcc/arm-none-eabi/4.9.3/libgcc.a(_clzsi2.o)
                0x000000000020f964                __clzsi2
 *(.init)
 .init          0x000000000020f9ac        0xc /usr/lib/gcc/arm-none-eabi/4.9.3/crti.o
                0x000000000020f9ac                _init
 .init          0x000000000020f9b8        0xc /usr/lib/gcc/arm-none-eabi/4.9.3/crtn.o
 *(.fini)
 .fini          0x000000000020f9c4        0xc /usr/lib/gcc/arm-none-eabi/4.9.3/crti.o
                0x000000000020f9c4                _fini
 .fini          0x000000000020f9d0        0xc /usr/lib/gcc/arm-none-eabi/4.9.3/crtn.o
 *crtbegin.o(.ctors)
 *crtbegin?.o(.ctors)
 *(EXCLUDE_FILE(*crtend.o *crtend?.o) .ctors)
 *(SORT(.ctors.*))
 *(.ctors)
 *crtbegin.o(.dtors)
 *crtbegin?.o(.dtors)
 *(EXCLUDE_FILE(*crtend.o *crtend?.o) .dtors)
 *(SORT(.dtors.*))
 *(.dtors)
 *(.rodata*)
 .rodata.str1.1
                0x000000000020f9dc       0x14 /tmp/ccQ5Viui.ltrans0.ltrans.o
 .rodata.str1.4
                0x000000000020f9f0        0x2 /usr/lib/gcc/arm-none-eabi/4.9.3/../../../arm-none-eabi/lib/libc.a(lib_a-impure.o)
                                          0x4 (size before relaxing)
 *fill*         0x000000000020f9f2        0x2 
 .rodata._global_impure_ptr
                0x000000000020f9f4        0x4 /usr/lib/gcc/arm-none-eabi/4.9.3/../../../arm-none-eabi/lib/libc.a(lib_a-impure.o)
                0x000000000020f9f4                _global_impure_ptr
 .rodata.str1.4
                0x000000000020f9f8        0x4 /usr/lib/gcc/arm-none-eabi/4.9.3/../../../arm-none-eabi/lib/librdimon.a(rdimon-syscalls.o)
 .rodata.str1.4
                0x000000000020f9fc        0x5 /usr/lib/gcc/arm-none-eabi/4.9.3/../../../arm-none-eabi/lib/libc.a(lib_a-svfscanf.o)
                                          0x8 (size before relaxing)
 *fill*         0x000000000020fa01        0x3 
 .rodata.basefix.6862
                0x000000000020fa04       0x24 /usr/lib/gcc/arm-none-eabi/4.9.3/../../../arm-none-eabi/lib/libc.a(lib_a-svfscanf.o)
 .rodata.zeroes.6926
                0x000000000020fa28       0x10 /usr/lib/gcc/arm-none-eabi/4.9.3/../../../arm-none-eabi/lib/libc.a(lib_a-vfprintf.o)
 .rodata.str1.4
                0x000000000020fa38       0x42 /usr/lib/gcc/arm-none-eabi/4.9.3/../../../arm-none-eabi/lib/libc.a(lib_a-vfprintf.o)
                                         0x44 (size before relaxing)
 *fill*         0x000000000020fa7a        0x2 
 .rodata.blanks.6925
                0x000000000020fa7c       0x10 /usr/lib/gcc/arm-none-eabi/4.9.3/../../../arm-none-eabi/lib/libc.a(lib_a-vfprintf.o)
 .rodata._ctype_
                0x000000000020fa8c      0x104 /usr/lib/gcc/arm-none-eabi/4.9.3/../../../arm-none-eabi/lib/libc.a(lib_a-ctype_.o)
                0x000000000020fa8c                _ctype_
 .rodata.str1.4
                0x000000000020fb90       0x10 /usr/lib/gcc/arm-none-eabi/4.9.3/../../../arm-none-eabi/lib/libc.a(lib_a-dtoa.o)
                                         0x14 (size before relaxing)
 .rodata.str1.4
                0x000000000020fba0        0xa /usr/lib/gcc/arm-none-eabi/4.9.3/../../../arm-none-eabi/lib/libc.a(lib_a-locale.o)
                                         0x14 (size before relaxing)
 .rodata.str1.4
                0x000000000020fbaa        0x4 /usr/lib/gcc/arm-none-eabi/4.9.3/../../../arm-none-eabi/lib/libc.a(lib_a-mbrtowc.o)
 *fill*         0x000000000020fbaa        0x6 
 .rodata.__mprec_tens
                0x000000000020fbb0       0xc8 /usr/lib/gcc/arm-none-eabi/4.9.3/../../../arm-none-eabi/lib/libc.a(lib_a-mprec.o)
                0x000000000020fbb0                __mprec_tens
 .rodata.p05.5302
                0x000000000020fc78        0xc /usr/lib/gcc/arm-none-eabi/4.9.3/../../../arm-none-eabi/lib/libc.a(lib_a-mprec.o)
 *fill*         0x000000000020fc84        0x4 
 .rodata.__mprec_bigtens
                0x000000000020fc88       0x28 /usr/lib/gcc/arm-none-eabi/4.9.3/../../../arm-none-eabi/lib/libc.a(lib_a-mprec.o)
                0x000000000020fc88                __mprec_bigtens
 .rodata.tinytens
                0x000000000020fcb0       0x28 /usr/lib/gcc/arm-none-eabi/4.9.3/../../../arm-none-eabi/lib/libc.a(lib_a-strtod.o)
 .rodata.fpinan.5307
                0x000000000020fcd8       0x14 /usr/lib/gcc/arm-none-eabi/4.9.3/../../../arm-none-eabi/lib/libc.a(lib_a-strtod.o)
 .rodata.str1.4
                0x000000000020fcec       0x10 /usr/lib/gcc/arm-none-eabi/4.9.3/../../../arm-none-eabi/lib/libc.a(lib_a-strtod.o)
 .rodata.fpi.5271
                0x000000000020fcfc       0x14 /usr/lib/gcc/arm-none-eabi/4.9.3/../../../arm-none-eabi/lib/libc.a(lib_a-strtod.o)
 .rodata.zeroes.6911
                0x000000000020fd10       0x10 /usr/lib/gcc/arm-none-eabi/4.9.3/../../../arm-none-eabi/lib/libc.a(lib_a-svfprintf.o)
 .rodata.blanks.6910
                0x000000000020fd20       0x10 /usr/lib/gcc/arm-none-eabi/4.9.3/../../../arm-none-eabi/lib/libc.a(lib_a-svfprintf.o)
 .rodata.str1.4
                0x000000000020fd30       0x44 /usr/lib/gcc/arm-none-eabi/4.9.3/../../../arm-none-eabi/lib/libc.a(lib_a-svfprintf.o)
 .rodata.__hexdig
                0x000000000020fd30      0x100 /usr/lib/gcc/arm-none-eabi/4.9.3/../../../arm-none-eabi/lib/libc.a(lib_a-gdtoa-gethex.o)
                0x000000000020fd30                __hexdig
 *(.eh_frame*)
 .eh_frame      0x000000000020fe30        0x0 /usr/lib/gcc/arm-none-eabi/4.9.3/crtbegin.o
 .eh_frame      0x000000000020fe30        0x4 /usr/lib/gcc/arm-none-eabi/4.9.3/crtend.o
 .eh_frame      0x000000000020fe34       0x44 /usr/lib/gcc/arm-none-eabi/4.9.3/../../../arm-none-eabi/lib/libc.a(lib_a-strcmp.o)

.glue_7         0x000000000020fe78        0x0
 .glue_7        0x000000000020fe78        0x0 linker stubs

.glue_7t        0x000000000020fe78        0x0
 .glue_7t       0x000000000020fe78        0x0 linker stubs

.vfp11_veneer   0x000000000020fe78        0x0
 .vfp11_veneer  0x000000000020fe78        0x0 linker stubs

.v4_bx          0x000000000020fe78        0x0
 .v4_bx         0x000000000020fe78        0x0 linker stubs

.iplt           0x000000000020fe78        0x0
 .iplt          0x000000000020fe78        0x0 /usr/lib/gcc/arm-none-eabi/4.9.3/crtbegin.o

.ARM.extab
 *(.ARM.extab* .gnu.linkonce.armextab.*)
                0x000000000020fe78                __exidx_start = .

.ARM.exidx      0x000000000020fe78        0x8
 *(.ARM.exidx* .gnu.linkonce.armexidx.*)
 .ARM.exidx     0x000000000020fe78        0x8 /usr/lib/gcc/arm-none-eabi/4.9.3/../../../arm-none-eabi/lib/rdimon-crt0.o
 .ARM.exidx     0x000000000020fe80        0x0 /usr/lib/gcc/arm-none-eabi/4.9.3/libgcc.a(_divdi3.o)
                                          0x8 (size before relaxing)
 .ARM.exidx     0x000000000020fe80        0x0 /usr/lib/gcc/arm-none-eabi/4.9.3/libgcc.a(_udivdi3.o)
                                          0x8 (size before relaxing)
                0x000000000020fe80                __exidx_end = .
                0x000000000020fe80                __etext = ALIGN (0x4)

.rel.dyn        0x000000000020fe80        0x0
 .rel.iplt      0x000000000020fe80        0x0 /usr/lib/gcc/arm-none-eabi/4.9.3/crtbegin.o

.data           0x0000000020000000      0x9e8 load address 0x000000000020fe80
                0x0000000020000000                __data_start__ = .
 *(vtable)
 *(.data*)
 .data          0x0000000020000000      0x110 /usr/lib/gcc/arm-none-eabi/4.9.3/../../../arm-none-eabi/lib/rdimon-crt0.o
                0x0000000020000008                __stack_base__
 .data.d        0x0000000020000110        0x8 /tmp/ccQ5Viui.ltrans0.ltrans.o
 .data.f        0x0000000020000118        0x4 /tmp/ccQ5Viui.ltrans0.ltrans.o
 .data.s        0x000000002000011c        0xe /tmp/ccQ5Viui.ltrans0.ltrans.o
 *fill*         0x000000002000012a        0x6 
 .data.impure_data
                0x0000000020000130      0x428 /usr/lib/gcc/arm-none-eabi/4.9.3/../../../arm-none-eabi/lib/libc.a(lib_a-impure.o)
 .data._impure_ptr
                0x0000000020000558        0x4 /usr/lib/gcc/arm-none-eabi/4.9.3/../../../arm-none-eabi/lib/libc.a(lib_a-impure.o)
                0x0000000020000558                _impure_ptr
 .data.__heap_limit
                0x000000002000055c        0x4 /usr/lib/gcc/arm-none-eabi/4.9.3/../../../arm-none-eabi/lib/librdimon.a(rdimon-syscalls.o)
                0x000000002000055c                __heap_limit
 .data.__malloc_av_
                0x0000000020000560      0x408 /usr/lib/gcc/arm-none-eabi/4.9.3/../../../arm-none-eabi/lib/libc.a(lib_a-mallocr.o)
                0x0000000020000560                __malloc_av_
 .data.__malloc_trim_threshold
                0x0000000020000968        0x4 /usr/lib/gcc/arm-none-eabi/4.9.3/../../../arm-none-eabi/lib/libc.a(lib_a-mallocr.o)
                0x0000000020000968                __malloc_trim_threshold
 .data.__malloc_sbrk_base
                0x000000002000096c        0x4 /usr/lib/gcc/arm-none-eabi/4.9.3/../../../arm-none-eabi/lib/libc.a(lib_a-mallocr.o)
                0x000000002000096c                __malloc_sbrk_base
 .data.__ctype_ptr__
                0x0000000020000970        0x4 /usr/lib/gcc/arm-none-eabi/4.9.3/../../../arm-none-eabi/lib/libc.a(lib_a-ctype_.o)
                0x0000000020000970                __ctype_ptr__
 .data.lconv    0x0000000020000974       0x38 /usr/lib/gcc/arm-none-eabi/4.9.3/../../../arm-none-eabi/lib/libc.a(lib_a-locale.o)
 .data.lc_ctype_charset
                0x00000000200009ac       0x20 /usr/lib/gcc/arm-none-eabi/4.9.3/../../../arm-none-eabi/lib/libc.a(lib_a-locale.o)
 .data.__mb_cur_max
                0x00000000200009cc        0x4 /usr/lib/gcc/arm-none-eabi/4.9.3/../../../arm-none-eabi/lib/libc.a(lib_a-locale.o)
                0x00000000200009cc                __mb_cur_max
 .data.__mbtowc
                0x00000000200009d0        0x4 /usr/lib/gcc/arm-none-eabi/4.9.3/../../../arm-none-eabi/lib/libc.a(lib_a-mbtowc_r.o)
                0x00000000200009d0                __mbtowc
 .data.__wctomb
                0x00000000200009d4        0x4 /usr/lib/gcc/arm-none-eabi/4.9.3/../../../arm-none-eabi/lib/libc.a(lib_a-wctomb_r.o)
                0x00000000200009d4                __wctomb
                0x00000000200009d8                . = ALIGN (0x4)
                0x00000000200009d8                PROVIDE (__preinit_array_start, .)
 *(.preinit_array)
                0x00000000200009d8                PROVIDE (__preinit_array_end, .)
                0x00000000200009d8                . = ALIGN (0x4)
                0x00000000200009d8                PROVIDE (__init_array_start, .)
 *(SORT(.init_array.*))
 .init_array.00000
                0x00000000200009d8        0x4 /usr/lib/gcc/arm-none-eabi/4.9.3/../../../arm-none-eabi/lib/libc.a(lib_a-__call_atexit.o)
 *(.init_array)
 .init_array    0x00000000200009dc        0x4 /usr/lib/gcc/arm-none-eabi/4.9.3/crtbegin.o
                0x00000000200009e0                PROVIDE (__init_array_end, .)
                0x00000000200009e0                . = ALIGN (0x4)
                0x00000000200009e0                PROVIDE (__fini_array_start, .)
 *(SORT(.fini_array.*))
 *(.fini_array)
 .fini_array    0x00000000200009e0        0x4 /usr/lib/gcc/arm-none-eabi/4.9.3/crtbegin.o
                0x00000000200009e4                PROVIDE (__fini_array_end, .)
 *(.jcr*)
 .jcr           0x00000000200009e4        0x0 /usr/lib/gcc/arm-none-eabi/4.9.3/crtbegin.o
 .jcr           0x00000000200009e4        0x4 /usr/lib/gcc/arm-none-eabi/4.9.3/crtend.o
                0x00000000200009e8                . = ALIGN (0x4)
                0x00000000200009e8                __data_end__ = .

.tm_clone_table
                0x00000000200009e8        0x0 load address 0x0000000000210868
 .tm_clone_table
                0x00000000200009e8        0x0 /usr/lib/gcc/arm-none-eabi/4.9.3/crtbegin.o
 .tm_clone_table
                0x00000000200009e8        0x0 /usr/lib/gcc/arm-none-eabi/4.9.3/crtend.o

.igot.plt       0x00000000200009e8        0x0 load address 0x0000000000210868
 .igot.plt      0x00000000200009e8        0x0 /usr/lib/gcc/arm-none-eabi/4.9.3/crtbegin.o

.bss            0x00000000200009e8      0x104 load address 0x0000000000210868
                0x00000000200009e8                . = ALIGN (0x4)
                0x00000000200009e8                __bss_start__ = .
 *(.bss*)
 .bss           0x00000000200009e8       0x1c /usr/lib/gcc/arm-none-eabi/4.9.3/crtbegin.o
 .bss.monitor_stdout
                0x0000000020000a04        0x4 /usr/lib/gcc/arm-none-eabi/4.9.3/../../../arm-none-eabi/lib/librdimon.a(rdimon-syscalls.o)
 .bss.heap_end.5994
                0x0000000020000a08        0x4 /usr/lib/gcc/arm-none-eabi/4.9.3/../../../arm-none-eabi/lib/librdimon.a(rdimon-syscalls.o)
 .bss.monitor_stdin
                0x0000000020000a0c        0x4 /usr/lib/gcc/arm-none-eabi/4.9.3/../../../arm-none-eabi/lib/librdimon.a(rdimon-syscalls.o)
 .bss.monitor_stderr
                0x0000000020000a10        0x4 /usr/lib/gcc/arm-none-eabi/4.9.3/../../../arm-none-eabi/lib/librdimon.a(rdimon-syscalls.o)
 .bss.openfiles
                0x0000000020000a14       0xa0 /usr/lib/gcc/arm-none-eabi/4.9.3/../../../arm-none-eabi/lib/librdimon.a(rdimon-syscalls.o)
 .bss.__malloc_max_total_mem
                0x0000000020000ab4        0x4 /usr/lib/gcc/arm-none-eabi/4.9.3/../../../arm-none-eabi/lib/libc.a(lib_a-mallocr.o)
                0x0000000020000ab4                __malloc_max_total_mem
 .bss.__malloc_max_sbrked_mem
                0x0000000020000ab8        0x4 /usr/lib/gcc/arm-none-eabi/4.9.3/../../../arm-none-eabi/lib/libc.a(lib_a-mallocr.o)
                0x0000000020000ab8                __malloc_max_sbrked_mem
 .bss.__malloc_top_pad
                0x0000000020000abc        0x4 /usr/lib/gcc/arm-none-eabi/4.9.3/../../../arm-none-eabi/lib/libc.a(lib_a-mallocr.o)
                0x0000000020000abc                __malloc_top_pad
 .bss.__malloc_current_mallinfo
                0x0000000020000ac0       0x28 /usr/lib/gcc/arm-none-eabi/4.9.3/../../../arm-none-eabi/lib/libc.a(lib_a-mallocr.o)
                0x0000000020000ac0                __malloc_current_mallinfo
 *(COMMON)
 COMMON         0x0000000020000ae8        0x4 /usr/lib/gcc/arm-none-eabi/4.9.3/../../../arm-none-eabi/lib/libc.a(lib_a-reent.o)
                0x0000000020000ae8                errno
                0x0000000020000aec                . = ALIGN (0x4)
                0x0000000020000aec                __bss_end__ = .

.heap           0x0000000020000af0        0x0
                0x0000000020000af0                __end__ = .
                0x0000000020000af0                PROVIDE (end, .)
 *(.heap*)
 .heap          0x0000000020000af0        0x0 /tmp/ccbvZD6F.o
                0x0000000020000af0                __HeapLimit = .

.stack_dummy    0x0000000020000af0      0xc00
 *(.stack*)
 .stack         0x0000000020000af0      0xc00 /tmp/ccbvZD6F.o
                0x0000000020080000                __StackTop = (ORIGIN (RAM) + LENGTH (RAM))
                0x000000002007f400                __StackLimit = (__StackTop - SIZEOF (.stack_dummy))
                [!provide]                        PROVIDE (__stack, __StackTop)
                0x0000000000000001                ASSERT ((__StackLimit >= __HeapLimit), region RAM overflowed with stack)
OUTPUT(fpin-CM7.axf elf32-littlearm)

.ARM.attributes
                0x0000000000000000       0x31
 .ARM.attributes
                0x0000000000000000       0x16 /usr/lib/gcc/arm-none-eabi/4.9.3/crti.o
 .ARM.attributes
                0x0000000000000016       0x30 /usr/lib/gcc/arm-none-eabi/4.9.3/crtbegin.o
 .ARM.attributes
                0x0000000000000046       0x14 /usr/lib/gcc/arm-none-eabi/4.9.3/../../../arm-none-eabi/lib/rdimon-crt0.o
 .ARM.attributes
                0x000000000000005a       0x31 /tmp/ccQ5Viui.ltrans0.ltrans.o
 .ARM.attributes
                0x000000000000008b       0x1c /tmp/ccbvZD6F.o
 .ARM.attributes
                0x00000000000000a7       0x30 /usr/lib/gcc/arm-none-eabi/4.9.3/../../../arm-none-eabi/lib/libc.a(lib_a-atexit.o)
 .ARM.attributes
                0x00000000000000d7       0x30 /usr/lib/gcc/arm-none-eabi/4.9.3/../../../arm-none-eabi/lib/libc.a(lib_a-exit.o)
 .ARM.attributes
                0x0000000000000107       0x30 /usr/lib/gcc/arm-none-eabi/4.9.3/../../../arm-none-eabi/lib/libc.a(lib_a-fini.o)
 .ARM.attributes
                0x0000000000000137       0x30 /usr/lib/gcc/arm-none-eabi/4.9.3/../../../arm-none-eabi/lib/libc.a(lib_a-impure.o)
 .ARM.attributes
                0x0000000000000167       0x30 /usr/lib/gcc/arm-none-eabi/4.9.3/../../../arm-none-eabi/lib/libc.a(lib_a-init.o)
 .ARM.attributes
                0x0000000000000197       0x30 /usr/lib/gcc/arm-none-eabi/4.9.3/../../../arm-none-eabi/lib/libc.a(lib_a-memset.o)
 .ARM.attributes
                0x00000000000001c7       0x30 /usr/lib/gcc/arm-none-eabi/4.9.3/../../../arm-none-eabi/lib/libc.a(lib_a-__atexit.o)
 .ARM.attributes
                0x00000000000001f7       0x30 /usr/lib/gcc/arm-none-eabi/4.9.3/../../../arm-none-eabi/lib/libc.a(lib_a-__call_atexit.o)
 .ARM.attributes
                0x0000000000000227       0x30 /usr/lib/gcc/arm-none-eabi/4.9.3/../../../arm-none-eabi/lib/librdimon.a(rdimon-syscalls.o)
 .ARM.attributes
                0x0000000000000257       0x30 /usr/lib/gcc/arm-none-eabi/4.9.3/../../../arm-none-eabi/lib/librdimon.a(rdimon-_exit.o)
 .ARM.attributes
                0x0000000000000287       0x30 /usr/lib/gcc/arm-none-eabi/4.9.3/../../../arm-none-eabi/lib/librdimon.a(rdimon-_kill.o)
 .ARM.attributes
                0x00000000000002b7       0x30 /usr/lib/gcc/arm-none-eabi/4.9.3/../../../arm-none-eabi/lib/libc.a(lib_a-errno.o)
 .ARM.attributes
                0x00000000000002e7       0x30 /usr/lib/gcc/arm-none-eabi/4.9.3/../../../arm-none-eabi/lib/libc.a(lib_a-findfp.o)
 .ARM.attributes
                0x0000000000000317       0x30 /usr/lib/gcc/arm-none-eabi/4.9.3/../../../arm-none-eabi/lib/libc.a(lib_a-fwalk.o)
 .ARM.attributes
                0x0000000000000347       0x30 /usr/lib/gcc/arm-none-eabi/4.9.3/../../../arm-none-eabi/lib/libc.a(lib_a-mallocr.o)
 .ARM.attributes
                0x0000000000000377       0x30 /usr/lib/gcc/arm-none-eabi/4.9.3/../../../arm-none-eabi/lib/libc.a(lib_a-mlock.o)
 .ARM.attributes
                0x00000000000003a7       0x30 /usr/lib/gcc/arm-none-eabi/4.9.3/../../../arm-none-eabi/lib/libc.a(lib_a-sbrkr.o)
 .ARM.attributes
                0x00000000000003d7       0x30 /usr/lib/gcc/arm-none-eabi/4.9.3/../../../arm-none-eabi/lib/libc.a(lib_a-stdio.o)
 .ARM.attributes
                0x0000000000000407       0x30 /usr/lib/gcc/arm-none-eabi/4.9.3/../../../arm-none-eabi/lib/libc.a(lib_a-strlen.o)
 .ARM.attributes
                0x0000000000000437       0x30 /usr/lib/gcc/arm-none-eabi/4.9.3/../../../arm-none-eabi/lib/libc.a(lib_a-writer.o)
 .ARM.attributes
                0x0000000000000467       0x30 /usr/lib/gcc/arm-none-eabi/4.9.3/../../../arm-none-eabi/lib/libc.a(lib_a-closer.o)
 .ARM.attributes
                0x0000000000000497       0x30 /usr/lib/gcc/arm-none-eabi/4.9.3/../../../arm-none-eabi/lib/libc.a(lib_a-fclose.o)
 .ARM.attributes
                0x00000000000004c7       0x30 /usr/lib/gcc/arm-none-eabi/4.9.3/../../../arm-none-eabi/lib/libc.a(lib_a-fflush.o)
 .ARM.attributes
                0x00000000000004f7       0x30 /usr/lib/gcc/arm-none-eabi/4.9.3/../../../arm-none-eabi/lib/libc.a(lib_a-freer.o)
 .ARM.attributes
                0x0000000000000527       0x30 /usr/lib/gcc/arm-none-eabi/4.9.3/../../../arm-none-eabi/lib/libc.a(lib_a-lseekr.o)
 .ARM.attributes
                0x0000000000000557       0x30 /usr/lib/gcc/arm-none-eabi/4.9.3/../../../arm-none-eabi/lib/libc.a(lib_a-readr.o)
 .ARM.attributes
                0x0000000000000587       0x30 /usr/lib/gcc/arm-none-eabi/4.9.3/../../../arm-none-eabi/lib/libc.a(lib_a-reent.o)
 .ARM.attributes
                0x00000000000005b7       0x30 /usr/lib/gcc/arm-none-eabi/4.9.3/crtend.o
 .ARM.attributes
                0x00000000000005e7       0x18 /usr/lib/gcc/arm-none-eabi/4.9.3/crtn.o
 .ARM.attributes
                0x00000000000005ff       0x18 /usr/lib/gcc/arm-none-eabi/4.9.3/libgcc.a(_arm_addsubdf3.o)
 .ARM.attributes
                0x0000000000000617       0x30 /usr/lib/gcc/arm-none-eabi/4.9.3/../../../arm-none-eabi/lib/libc.a(lib_a-printf.o)
 .ARM.attributes
                0x0000000000000647       0x30 /usr/lib/gcc/arm-none-eabi/4.9.3/../../../arm-none-eabi/lib/libc.a(lib_a-sscanf.o)
 .ARM.attributes
                0x0000000000000677       0x30 /usr/lib/gcc/arm-none-eabi/4.9.3/../../../arm-none-eabi/lib/libc.a(lib_a-svfscanf.o)
 .ARM.attributes
                0x00000000000006a7       0x30 /usr/lib/gcc/arm-none-eabi/4.9.3/../../../arm-none-eabi/lib/libc.a(lib_a-vfprintf.o)
 .ARM.attributes
                0x00000000000006d7       0x30 /usr/lib/gcc/arm-none-eabi/4.9.3/../../../arm-none-eabi/lib/libc.a(lib_a-wsetup.o)
 .ARM.attributes
                0x0000000000000707       0x30 /usr/lib/gcc/arm-none-eabi/4.9.3/../../../arm-none-eabi/lib/libc.a(lib_a-ctype_.o)
 .ARM.attributes
                0x0000000000000737       0x30 /usr/lib/gcc/arm-none-eabi/4.9.3/../../../arm-none-eabi/lib/libc.a(lib_a-dtoa.o)
 .ARM.attributes
                0x0000000000000767       0x30 /usr/lib/gcc/arm-none-eabi/4.9.3/../../../arm-none-eabi/lib/libc.a(lib_a-iswspace.o)
 .ARM.attributes
                0x0000000000000797       0x30 /usr/lib/gcc/arm-none-eabi/4.9.3/../../../arm-none-eabi/lib/libc.a(lib_a-locale.o)
 .ARM.attributes
                0x00000000000007c7       0x30 /usr/lib/gcc/arm-none-eabi/4.9.3/../../../arm-none-eabi/lib/libc.a(lib_a-makebuf.o)
 .ARM.attributes
                0x00000000000007f7       0x30 /usr/lib/gcc/arm-none-eabi/4.9.3/../../../arm-none-eabi/lib/libc.a(lib_a-mbrtowc.o)
 .ARM.attributes
                0x0000000000000827       0x30 /usr/lib/gcc/arm-none-eabi/4.9.3/../../../arm-none-eabi/lib/libc.a(lib_a-mbtowc_r.o)
 .ARM.attributes
                0x0000000000000857       0x30 /usr/lib/gcc/arm-none-eabi/4.9.3/../../../arm-none-eabi/lib/libc.a(lib_a-memchr.o)
 .ARM.attributes
                0x0000000000000887       0x30 /usr/lib/gcc/arm-none-eabi/4.9.3/../../../arm-none-eabi/lib/libc.a(lib_a-memcpy.o)
 .ARM.attributes
                0x00000000000008b7       0x30 /usr/lib/gcc/arm-none-eabi/4.9.3/../../../arm-none-eabi/lib/libc.a(lib_a-mprec.o)
 .ARM.attributes
                0x00000000000008e7       0x30 /usr/lib/gcc/arm-none-eabi/4.9.3/../../../arm-none-eabi/lib/libc.a(lib_a-s_fpclassify.o)
 .ARM.attributes
                0x0000000000000917       0x30 /usr/lib/gcc/arm-none-eabi/4.9.3/../../../arm-none-eabi/lib/libc.a(lib_a-sccl.o)
 .ARM.attributes
                0x0000000000000947       0x30 /usr/lib/gcc/arm-none-eabi/4.9.3/../../../arm-none-eabi/lib/libc.a(lib_a-sf_nan.o)
 .ARM.attributes
                0x0000000000000977       0x30 /usr/lib/gcc/arm-none-eabi/4.9.3/../../../arm-none-eabi/lib/libc.a(lib_a-sprintf.o)
 .ARM.attributes
                0x00000000000009a7       0x16 /usr/lib/gcc/arm-none-eabi/4.9.3/../../../arm-none-eabi/lib/libc.a(lib_a-strcmp.o)
 .ARM.attributes
                0x00000000000009bd       0x30 /usr/lib/gcc/arm-none-eabi/4.9.3/../../../arm-none-eabi/lib/libc.a(lib_a-strtod.o)
 .ARM.attributes
                0x00000000000009ed       0x30 /usr/lib/gcc/arm-none-eabi/4.9.3/../../../arm-none-eabi/lib/libc.a(lib_a-strtol.o)
 .ARM.attributes
                0x0000000000000a1d       0x30 /usr/lib/gcc/arm-none-eabi/4.9.3/../../../arm-none-eabi/lib/libc.a(lib_a-strtoll_r.o)
 .ARM.attributes
                0x0000000000000a4d       0x30 /usr/lib/gcc/arm-none-eabi/4.9.3/../../../arm-none-eabi/lib/libc.a(lib_a-strtoul.o)
 .ARM.attributes
                0x0000000000000a7d       0x30 /usr/lib/gcc/arm-none-eabi/4.9.3/../../../arm-none-eabi/lib/libc.a(lib_a-strtoull_r.o)
 .ARM.attributes
                0x0000000000000aad       0x30 /usr/lib/gcc/arm-none-eabi/4.9.3/../../../arm-none-eabi/lib/libc.a(lib_a-svfiscanf.o)
 .ARM.attributes
                0x0000000000000add       0x30 /usr/lib/gcc/arm-none-eabi/4.9.3/../../../arm-none-eabi/lib/libc.a(lib_a-svfprintf.o)
 .ARM.attributes
                0x0000000000000b0d       0x30 /usr/lib/gcc/arm-none-eabi/4.9.3/../../../arm-none-eabi/lib/libc.a(lib_a-ungetc.o)
 .ARM.attributes
                0x0000000000000b3d       0x30 /usr/lib/gcc/arm-none-eabi/4.9.3/../../../arm-none-eabi/lib/libc.a(lib_a-vfiprintf.o)
 .ARM.attributes
                0x0000000000000b6d       0x30 /usr/lib/gcc/arm-none-eabi/4.9.3/../../../arm-none-eabi/lib/libc.a(lib_a-callocr.o)
 .ARM.attributes
                0x0000000000000b9d       0x30 /usr/lib/gcc/arm-none-eabi/4.9.3/../../../arm-none-eabi/lib/libc.a(lib_a-fputwc.o)
 .ARM.attributes
                0x0000000000000bcd       0x30 /usr/lib/gcc/arm-none-eabi/4.9.3/../../../arm-none-eabi/lib/libc.a(lib_a-fstatr.o)
 .ARM.attributes
                0x0000000000000bfd       0x30 /usr/lib/gcc/arm-none-eabi/4.9.3/../../../arm-none-eabi/lib/libc.a(lib_a-fvwrite.o)
 .ARM.attributes
                0x0000000000000c2d       0x30 /usr/lib/gcc/arm-none-eabi/4.9.3/../../../arm-none-eabi/lib/libc.a(lib_a-gdtoa-gethex.o)
 .ARM.attributes
                0x0000000000000c5d       0x30 /usr/lib/gcc/arm-none-eabi/4.9.3/../../../arm-none-eabi/lib/libc.a(lib_a-gdtoa-hexnan.o)
 .ARM.attributes
                0x0000000000000c8d       0x30 /usr/lib/gcc/arm-none-eabi/4.9.3/../../../arm-none-eabi/lib/libc.a(lib_a-isattyr.o)
 .ARM.attributes
                0x0000000000000cbd       0x30 /usr/lib/gcc/arm-none-eabi/4.9.3/../../../arm-none-eabi/lib/libc.a(lib_a-memmove.o)
 .ARM.attributes
                0x0000000000000ced       0x30 /usr/lib/gcc/arm-none-eabi/4.9.3/../../../arm-none-eabi/lib/libc.a(lib_a-reallocr.o)
 .ARM.attributes
                0x0000000000000d1d       0x30 /usr/lib/gcc/arm-none-eabi/4.9.3/../../../arm-none-eabi/lib/libc.a(lib_a-strncmp.o)
 .ARM.attributes
                0x0000000000000d4d       0x30 /usr/lib/gcc/arm-none-eabi/4.9.3/../../../arm-none-eabi/lib/libc.a(lib_a-svfiprintf.o)
 .ARM.attributes
                0x0000000000000d7d       0x30 /usr/lib/gcc/arm-none-eabi/4.9.3/../../../arm-none-eabi/lib/libc.a(lib_a-wbuf.o)
 .ARM.attributes
                0x0000000000000dad       0x30 /usr/lib/gcc/arm-none-eabi/4.9.3/../../../arm-none-eabi/lib/libc.a(lib_a-wcrtomb.o)
 .ARM.attributes
                0x0000000000000ddd       0x30 /usr/lib/gcc/arm-none-eabi/4.9.3/../../../arm-none-eabi/lib/libc.a(lib_a-wctomb_r.o)
 .ARM.attributes
                0x0000000000000e0d       0x18 /usr/lib/gcc/arm-none-eabi/4.9.3/libgcc.a(_udivsi3.o)
 .ARM.attributes
                0x0000000000000e25       0x18 /usr/lib/gcc/arm-none-eabi/4.9.3/libgcc.a(_divsi3.o)
 .ARM.attributes
                0x0000000000000e3d       0x18 /usr/lib/gcc/arm-none-eabi/4.9.3/libgcc.a(_dvmd_tls.o)
 .ARM.attributes
                0x0000000000000e55       0x18 /usr/lib/gcc/arm-none-eabi/4.9.3/libgcc.a(_arm_muldivdf3.o)
 .ARM.attributes
                0x0000000000000e6d       0x18 /usr/lib/gcc/arm-none-eabi/4.9.3/libgcc.a(_arm_cmpdf2.o)
 .ARM.attributes
                0x0000000000000e85       0x18 /usr/lib/gcc/arm-none-eabi/4.9.3/libgcc.a(_arm_fixdfsi.o)
 .ARM.attributes
                0x0000000000000e9d       0x18 /usr/lib/gcc/arm-none-eabi/4.9.3/libgcc.a(_arm_fixunsdfsi.o)
 .ARM.attributes
                0x0000000000000eb5       0x18 /usr/lib/gcc/arm-none-eabi/4.9.3/libgcc.a(_arm_truncdfsf2.o)
 .ARM.attributes
                0x0000000000000ecd       0x18 /usr/lib/gcc/arm-none-eabi/4.9.3/libgcc.a(_aeabi_uldivmod.o)
 .ARM.attributes
                0x0000000000000ee5       0x30 /usr/lib/gcc/arm-none-eabi/4.9.3/libgcc.a(bpabi.o)
 .ARM.attributes
                0x0000000000000f15       0x30 /usr/lib/gcc/arm-none-eabi/4.9.3/libgcc.a(_divdi3.o)
 .ARM.attributes
                0x0000000000000f45       0x30 /usr/lib/gcc/arm-none-eabi/4.9.3/libgcc.a(_udivdi3.o)
 .ARM.attributes
                0x0000000000000f75       0x18 /usr/lib/gcc/arm-none-eabi/4.9.3/libgcc.a(_clzdi2.o)
 .ARM.attributes
                0x0000000000000f8d       0x18 /usr/lib/gcc/arm-none-eabi/4.9.3/libgcc.a(_clzsi2.o)

.comment        0x0000000000000000       0x70
 .comment       0x0000000000000000       0x38 /usr/lib/gcc/arm-none-eabi/4.9.3/crtbegin.o
                                         0x39 (size before relaxing)
 .comment       0x0000000000000038       0x39 /tmp/ccQ5Viui.ltrans0.ltrans.o
 .comment       0x0000000000000038       0x38 /usr/lib/gcc/arm-none-eabi/4.9.3/../../../arm-none-eabi/lib/libc.a(lib_a-atexit.o)
                                         0x39 (size before relaxing)
 .comment       0x0000000000000070       0x39 /usr/lib/gcc/arm-none-eabi/4.9.3/../../../arm-none-eabi/lib/libc.a(lib_a-exit.o)
 .comment       0x0000000000000070       0x39 /usr/lib/gcc/arm-none-eabi/4.9.3/../../../arm-none-eabi/lib/libc.a(lib_a-fini.o)
 .comment       0x0000000000000070       0x39 /usr/lib/gcc/arm-none-eabi/4.9.3/../../../arm-none-eabi/lib/libc.a(lib_a-impure.o)
 .comment       0x0000000000000070       0x39 /usr/lib/gcc/arm-none-eabi/4.9.3/../../../arm-none-eabi/lib/libc.a(lib_a-init.o)
 .comment       0x0000000000000070       0x39 /usr/lib/gcc/arm-none-eabi/4.9.3/../../../arm-none-eabi/lib/libc.a(lib_a-memset.o)
 .comment       0x0000000000000070       0x39 /usr/lib/gcc/arm-none-eabi/4.9.3/../../../arm-none-eabi/lib/libc.a(lib_a-__atexit.o)
 .comment       0x0000000000000070       0x39 /usr/lib/gcc/arm-none-eabi/4.9.3/../../../arm-none-eabi/lib/libc.a(lib_a-__call_atexit.o)
 .comment       0x0000000000000070       0x39 /usr/lib/gcc/arm-none-eabi/4.9.3/../../../arm-none-eabi/lib/librdimon.a(rdimon-syscalls.o)
 .comment       0x0000000000000070       0x39 /usr/lib/gcc/arm-none-eabi/4.9.3/../../../arm-none-eabi/lib/librdimon.a(rdimon-_exit.o)
 .comment       0x0000000000000070       0x39 /usr/lib/gcc/arm-none-eabi/4.9.3/../../../arm-none-eabi/lib/librdimon.a(rdimon-_kill.o)
 .comment       0x0000000000000070       0x39 /usr/lib/gcc/arm-none-eabi/4.9.3/../../../arm-none-eabi/lib/libc.a(lib_a-errno.o)
 .comment       0x0000000000000070       0x39 /usr/lib/gcc/arm-none-eabi/4.9.3/../../../arm-none-eabi/lib/libc.a(lib_a-findfp.o)
 .comment       0x0000000000000070       0x39 /usr/lib/gcc/arm-none-eabi/4.9.3/../../../arm-none-eabi/lib/libc.a(lib_a-fwalk.o)
 .comment       0x0000000000000070       0x39 /usr/lib/gcc/arm-none-eabi/4.9.3/../../../arm-none-eabi/lib/libc.a(lib_a-mallocr.o)
 .comment       0x0000000000000070       0x39 /usr/lib/gcc/arm-none-eabi/4.9.3/../../../arm-none-eabi/lib/libc.a(lib_a-mlock.o)
 .comment       0x0000000000000070       0x39 /usr/lib/gcc/arm-none-eabi/4.9.3/../../../arm-none-eabi/lib/libc.a(lib_a-sbrkr.o)
 .comment       0x0000000000000070       0x39 /usr/lib/gcc/arm-none-eabi/4.9.3/../../../arm-none-eabi/lib/libc.a(lib_a-stdio.o)
 .comment       0x0000000000000070       0x39 /usr/lib/gcc/arm-none-eabi/4.9.3/../../../arm-none-eabi/lib/libc.a(lib_a-strlen.o)
 .comment       0x0000000000000070       0x39 /usr/lib/gcc/arm-none-eabi/4.9.3/../../../arm-none-eabi/lib/libc.a(lib_a-writer.o)
 .comment       0x0000000000000070       0x39 /usr/lib/gcc/arm-none-eabi/4.9.3/../../../arm-none-eabi/lib/libc.a(lib_a-closer.o)
 .comment       0x0000000000000070       0x39 /usr/lib/gcc/arm-none-eabi/4.9.3/../../../arm-none-eabi/lib/libc.a(lib_a-fclose.o)
 .comment       0x0000000000000070       0x39 /usr/lib/gcc/arm-none-eabi/4.9.3/../../../arm-none-eabi/lib/libc.a(lib_a-fflush.o)
 .comment       0x0000000000000070       0x39 /usr/lib/gcc/arm-none-eabi/4.9.3/../../../arm-none-eabi/lib/libc.a(lib_a-freer.o)
 .comment       0x0000000000000070       0x39 /usr/lib/gcc/arm-none-eabi/4.9.3/../../../arm-none-eabi/lib/libc.a(lib_a-lseekr.o)
 .comment       0x0000000000000070       0x39 /usr/lib/gcc/arm-none-eabi/4.9.3/../../../arm-none-eabi/lib/libc.a(lib_a-readr.o)
 .comment       0x0000000000000070       0x39 /usr/lib/gcc/arm-none-eabi/4.9.3/../../../arm-none-eabi/lib/libc.a(lib_a-reent.o)
 .comment       0x0000000000000070       0x39 /usr/lib/gcc/arm-none-eabi/4.9.3/crtend.o
 .comment       0x0000000000000070       0x39 /usr/lib/gcc/arm-none-eabi/4.9.3/../../../arm-none-eabi/lib/libc.a(lib_a-printf.o)
 .comment       0x0000000000000070       0x39 /usr/lib/gcc/arm-none-eabi/4.9.3/../../../arm-none-eabi/lib/libc.a(lib_a-sscanf.o)
 .comment       0x0000000000000070       0x39 /usr/lib/gcc/arm-none-eabi/4.9.3/../../../arm-none-eabi/lib/libc.a(lib_a-svfscanf.o)
 .comment       0x0000000000000070       0x39 /usr/lib/gcc/arm-none-eabi/4.9.3/../../../arm-none-eabi/lib/libc.a(lib_a-vfprintf.o)
 .comment       0x0000000000000070       0x39 /usr/lib/gcc/arm-none-eabi/4.9.3/../../../arm-none-eabi/lib/libc.a(lib_a-wsetup.o)
 .comment       0x0000000000000070       0x39 /usr/lib/gcc/arm-none-eabi/4.9.3/../../../arm-none-eabi/lib/libc.a(lib_a-ctype_.o)
 .comment       0x0000000000000070       0x39 /usr/lib/gcc/arm-none-eabi/4.9.3/../../../arm-none-eabi/lib/libc.a(lib_a-dtoa.o)
 .comment       0x0000000000000070       0x39 /usr/lib/gcc/arm-none-eabi/4.9.3/../../../arm-none-eabi/lib/libc.a(lib_a-iswspace.o)
 .comment       0x0000000000000070       0x39 /usr/lib/gcc/arm-none-eabi/4.9.3/../../../arm-none-eabi/lib/libc.a(lib_a-locale.o)
 .comment       0x0000000000000070       0x39 /usr/lib/gcc/arm-none-eabi/4.9.3/../../../arm-none-eabi/lib/libc.a(lib_a-makebuf.o)
 .comment       0x0000000000000070       0x39 /usr/lib/gcc/arm-none-eabi/4.9.3/../../../arm-none-eabi/lib/libc.a(lib_a-mbrtowc.o)
 .comment       0x0000000000000070       0x39 /usr/lib/gcc/arm-none-eabi/4.9.3/../../../arm-none-eabi/lib/libc.a(lib_a-mbtowc_r.o)
 .comment       0x0000000000000070       0x39 /usr/lib/gcc/arm-none-eabi/4.9.3/../../../arm-none-eabi/lib/libc.a(lib_a-memchr.o)
 .comment       0x0000000000000070       0x39 /usr/lib/gcc/arm-none-eabi/4.9.3/../../../arm-none-eabi/lib/libc.a(lib_a-memcpy.o)
 .comment       0x0000000000000070       0x39 /usr/lib/gcc/arm-none-eabi/4.9.3/../../../arm-none-eabi/lib/libc.a(lib_a-mprec.o)
 .comment       0x0000000000000070       0x39 /usr/lib/gcc/arm-none-eabi/4.9.3/../../../arm-none-eabi/lib/libc.a(lib_a-s_fpclassify.o)
 .comment       0x0000000000000070       0x39 /usr/lib/gcc/arm-none-eabi/4.9.3/../../../arm-none-eabi/lib/libc.a(lib_a-sccl.o)
 .comment       0x0000000000000070       0x39 /usr/lib/gcc/arm-none-eabi/4.9.3/../../../arm-none-eabi/lib/libc.a(lib_a-sf_nan.o)
 .comment       0x0000000000000070       0x39 /usr/lib/gcc/arm-none-eabi/4.9.3/../../../arm-none-eabi/lib/libc.a(lib_a-sprintf.o)
 .comment       0x0000000000000070       0x39 /usr/lib/gcc/arm-none-eabi/4.9.3/../../../arm-none-eabi/lib/libc.a(lib_a-strtod.o)
 .comment       0x0000000000000070       0x39 /usr/lib/gcc/arm-none-eabi/4.9.3/../../../arm-none-eabi/lib/libc.a(lib_a-strtol.o)
 .comment       0x0000000000000070       0x39 /usr/lib/gcc/arm-none-eabi/4.9.3/../../../arm-none-eabi/lib/libc.a(lib_a-strtoll_r.o)
 .comment       0x0000000000000070       0x39 /usr/lib/gcc/arm-none-eabi/4.9.3/../../../arm-none-eabi/lib/libc.a(lib_a-strtoul.o)
 .comment       0x0000000000000070       0x39 /usr/lib/gcc/arm-none-eabi/4.9.3/../../../arm-none-eabi/lib/libc.a(lib_a-strtoull_r.o)
 .comment       0x0000000000000070       0x39 /usr/lib/gcc/arm-none-eabi/4.9.3/../../../arm-none-eabi/lib/libc.a(lib_a-svfiscanf.o)
 .comment       0x0000000000000070       0x39 /usr/lib/gcc/arm-none-eabi/4.9.3/../../../arm-none-eabi/lib/libc.a(lib_a-svfprintf.o)
 .comment       0x0000000000000070       0x39 /usr/lib/gcc/arm-none-eabi/4.9.3/../../../arm-none-eabi/lib/libc.a(lib_a-ungetc.o)
 .comment       0x0000000000000070       0x39 /usr/lib/gcc/arm-none-eabi/4.9.3/../../../arm-none-eabi/lib/libc.a(lib_a-vfiprintf.o)
 .comment       0x0000000000000070       0x39 /usr/lib/gcc/arm-none-eabi/4.9.3/../../../arm-none-eabi/lib/libc.a(lib_a-callocr.o)
 .comment       0x0000000000000070       0x39 /usr/lib/gcc/arm-none-eabi/4.9.3/../../../arm-none-eabi/lib/libc.a(lib_a-fputwc.o)
 .comment       0x0000000000000070       0x39 /usr/lib/gcc/arm-none-eabi/4.9.3/../../../arm-none-eabi/lib/libc.a(lib_a-fstatr.o)
 .comment       0x0000000000000070       0x39 /usr/lib/gcc/arm-none-eabi/4.9.3/../../../arm-none-eabi/lib/libc.a(lib_a-fvwrite.o)
 .comment       0x0000000000000070       0x39 /usr/lib/gcc/arm-none-eabi/4.9.3/../../../arm-none-eabi/lib/libc.a(lib_a-gdtoa-gethex.o)
 .comment       0x0000000000000070       0x39 /usr/lib/gcc/arm-none-eabi/4.9.3/../../../arm-none-eabi/lib/libc.a(lib_a-gdtoa-hexnan.o)
 .comment       0x0000000000000070       0x39 /usr/lib/gcc/arm-none-eabi/4.9.3/../../../arm-none-eabi/lib/libc.a(lib_a-isattyr.o)
 .comment       0x0000000000000070       0x39 /usr/lib/gcc/arm-none-eabi/4.9.3/../../../arm-none-eabi/lib/libc.a(lib_a-memmove.o)
 .comment       0x0000000000000070       0x39 /usr/lib/gcc/arm-none-eabi/4.9.3/../../../arm-none-eabi/lib/libc.a(lib_a-reallocr.o)
 .comment       0x0000000000000070       0x39 /usr/lib/gcc/arm-none-eabi/4.9.3/../../../arm-none-eabi/lib/libc.a(lib_a-strncmp.o)
 .comment       0x0000000000000070       0x39 /usr/lib/gcc/arm-none-eabi/4.9.3/../../../arm-none-eabi/lib/libc.a(lib_a-svfiprintf.o)
 .comment       0x0000000000000070       0x39 /usr/lib/gcc/arm-none-eabi/4.9.3/../../../arm-none-eabi/lib/libc.a(lib_a-wbuf.o)
 .comment       0x0000000000000070       0x39 /usr/lib/gcc/arm-none-eabi/4.9.3/../../../arm-none-eabi/lib/libc.a(lib_a-wcrtomb.o)
 .comment       0x0000000000000070       0x39 /usr/lib/gcc/arm-none-eabi/4.9.3/../../../arm-none-eabi/lib/libc.a(lib_a-wctomb_r.o)
 .comment       0x0000000000000070       0x39 /usr/lib/gcc/arm-none-eabi/4.9.3/libgcc.a(bpabi.o)
 .comment       0x0000000000000070       0x39 /usr/lib/gcc/arm-none-eabi/4.9.3/libgcc.a(_divdi3.o)
 .comment       0x0000000000000070       0x39 /usr/lib/gcc/arm-none-eabi/4.9.3/libgcc.a(_udivdi3.o)

.debug_line     0x0000000000000000     0xad1b
 .debug_line    0x0000000000000000       0xac /usr/lib/gcc/arm-none-eabi/4.9.3/../../../arm-none-eabi/lib/rdimon-crt0.o
 .debug_line    0x00000000000000ac       0xc0 /usr/lib/gcc/arm-none-eabi/4.9.3/../../../arm-none-eabi/lib/libc.a(lib_a-atexit.o)
 .debug_line    0x000000000000016c      0x172 /usr/lib/gcc/arm-none-eabi/4.9.3/../../../arm-none-eabi/lib/libc.a(lib_a-exit.o)
 .debug_line    0x00000000000002de       0x99 /usr/lib/gcc/arm-none-eabi/4.9.3/../../../arm-none-eabi/lib/libc.a(lib_a-fini.o)
 .debug_line    0x0000000000000377       0xee /usr/lib/gcc/arm-none-eabi/4.9.3/../../../arm-none-eabi/lib/libc.a(lib_a-impure.o)
 .debug_line    0x0000000000000465       0xb3 /usr/lib/gcc/arm-none-eabi/4.9.3/../../../arm-none-eabi/lib/libc.a(lib_a-init.o)
 .debug_line    0x0000000000000518      0x11a /usr/lib/gcc/arm-none-eabi/4.9.3/../../../arm-none-eabi/lib/libc.a(lib_a-memset.o)
 .debug_line    0x0000000000000632      0x18f /usr/lib/gcc/arm-none-eabi/4.9.3/../../../arm-none-eabi/lib/libc.a(lib_a-__atexit.o)
 .debug_line    0x00000000000007c1      0x1c3 /usr/lib/gcc/arm-none-eabi/4.9.3/../../../arm-none-eabi/lib/libc.a(lib_a-__call_atexit.o)
 .debug_line    0x0000000000000984      0x70d /usr/lib/gcc/arm-none-eabi/4.9.3/../../../arm-none-eabi/lib/librdimon.a(rdimon-syscalls.o)
 .debug_line    0x0000000000001091       0x50 /usr/lib/gcc/arm-none-eabi/4.9.3/../../../arm-none-eabi/lib/librdimon.a(rdimon-_exit.o)
 .debug_line    0x00000000000010e1       0x65 /usr/lib/gcc/arm-none-eabi/4.9.3/../../../arm-none-eabi/lib/librdimon.a(rdimon-_kill.o)
 .debug_line    0x0000000000001146      0x109 /usr/lib/gcc/arm-none-eabi/4.9.3/../../../arm-none-eabi/lib/libc.a(lib_a-errno.o)
 .debug_line    0x000000000000124f      0x320 /usr/lib/gcc/arm-none-eabi/4.9.3/../../../arm-none-eabi/lib/libc.a(lib_a-findfp.o)
 .debug_line    0x000000000000156f      0x1a0 /usr/lib/gcc/arm-none-eabi/4.9.3/../../../arm-none-eabi/lib/libc.a(lib_a-fwalk.o)
 .debug_line    0x000000000000170f      0x34d /usr/lib/gcc/arm-none-eabi/4.9.3/../../../arm-none-eabi/lib/libc.a(lib_a-mallocr.o)
 .debug_line    0x0000000000001a5c      0x10c /usr/lib/gcc/arm-none-eabi/4.9.3/../../../arm-none-eabi/lib/libc.a(lib_a-mlock.o)
 .debug_line    0x0000000000001b68      0x166 /usr/lib/gcc/arm-none-eabi/4.9.3/../../../arm-none-eabi/lib/libc.a(lib_a-sbrkr.o)
 .debug_line    0x0000000000001cce      0x1cb /usr/lib/gcc/arm-none-eabi/4.9.3/../../../arm-none-eabi/lib/libc.a(lib_a-stdio.o)
 .debug_line    0x0000000000001e99       0xef /usr/lib/gcc/arm-none-eabi/4.9.3/../../../arm-none-eabi/lib/libc.a(lib_a-strlen.o)
 .debug_line    0x0000000000001f88      0x166 /usr/lib/gcc/arm-none-eabi/4.9.3/../../../arm-none-eabi/lib/libc.a(lib_a-writer.o)
 .debug_line    0x00000000000020ee      0x164 /usr/lib/gcc/arm-none-eabi/4.9.3/../../../arm-none-eabi/lib/libc.a(lib_a-closer.o)
 .debug_line    0x0000000000002252      0x1b6 /usr/lib/gcc/arm-none-eabi/4.9.3/../../../arm-none-eabi/lib/libc.a(lib_a-fclose.o)
 .debug_line    0x0000000000002408      0x25e /usr/lib/gcc/arm-none-eabi/4.9.3/../../../arm-none-eabi/lib/libc.a(lib_a-fflush.o)
 .debug_line    0x0000000000002666      0x261 /usr/lib/gcc/arm-none-eabi/4.9.3/../../../arm-none-eabi/lib/libc.a(lib_a-freer.o)
 .debug_line    0x00000000000028c7      0x166 /usr/lib/gcc/arm-none-eabi/4.9.3/../../../arm-none-eabi/lib/libc.a(lib_a-lseekr.o)
 .debug_line    0x0000000000002a2d      0x165 /usr/lib/gcc/arm-none-eabi/4.9.3/../../../arm-none-eabi/lib/libc.a(lib_a-readr.o)
 .debug_line    0x0000000000002b92      0x19b /usr/lib/gcc/arm-none-eabi/4.9.3/../../../arm-none-eabi/lib/libc.a(lib_a-reent.o)
 .debug_line    0x0000000000002d2d      0x15e /usr/lib/gcc/arm-none-eabi/4.9.3/libgcc.a(_arm_addsubdf3.o)
 .debug_line    0x0000000000002e8b      0x188 /usr/lib/gcc/arm-none-eabi/4.9.3/../../../arm-none-eabi/lib/libc.a(lib_a-printf.o)
 .debug_line    0x0000000000003013      0x1c4 /usr/lib/gcc/arm-none-eabi/4.9.3/../../../arm-none-eabi/lib/libc.a(lib_a-sscanf.o)
 .debug_line    0x00000000000031d7      0x67d /usr/lib/gcc/arm-none-eabi/4.9.3/../../../arm-none-eabi/lib/libc.a(lib_a-svfscanf.o)
 .debug_line    0x0000000000003854      0x9d6 /usr/lib/gcc/arm-none-eabi/4.9.3/../../../arm-none-eabi/lib/libc.a(lib_a-vfprintf.o)
 .debug_line    0x000000000000422a      0x1d6 /usr/lib/gcc/arm-none-eabi/4.9.3/../../../arm-none-eabi/lib/libc.a(lib_a-wsetup.o)
 .debug_line    0x0000000000004400       0x72 /usr/lib/gcc/arm-none-eabi/4.9.3/../../../arm-none-eabi/lib/libc.a(lib_a-ctype_.o)
 .debug_line    0x0000000000004472      0x689 /usr/lib/gcc/arm-none-eabi/4.9.3/../../../arm-none-eabi/lib/libc.a(lib_a-dtoa.o)
 .debug_line    0x0000000000004afb       0xf6 /usr/lib/gcc/arm-none-eabi/4.9.3/../../../arm-none-eabi/lib/libc.a(lib_a-iswspace.o)
 .debug_line    0x0000000000004bf1      0x207 /usr/lib/gcc/arm-none-eabi/4.9.3/../../../arm-none-eabi/lib/libc.a(lib_a-locale.o)
 .debug_line    0x0000000000004df8      0x1df /usr/lib/gcc/arm-none-eabi/4.9.3/../../../arm-none-eabi/lib/libc.a(lib_a-makebuf.o)
 .debug_line    0x0000000000004fd7      0x19a /usr/lib/gcc/arm-none-eabi/4.9.3/../../../arm-none-eabi/lib/libc.a(lib_a-mbrtowc.o)
 .debug_line    0x0000000000005171      0x195 /usr/lib/gcc/arm-none-eabi/4.9.3/../../../arm-none-eabi/lib/libc.a(lib_a-mbtowc_r.o)
 .debug_line    0x0000000000005306      0x11c /usr/lib/gcc/arm-none-eabi/4.9.3/../../../arm-none-eabi/lib/libc.a(lib_a-memchr.o)
 .debug_line    0x0000000000005422      0x119 /usr/lib/gcc/arm-none-eabi/4.9.3/../../../arm-none-eabi/lib/libc.a(lib_a-memcpy.o)
 .debug_line    0x000000000000553b      0x6d9 /usr/lib/gcc/arm-none-eabi/4.9.3/../../../arm-none-eabi/lib/libc.a(lib_a-mprec.o)
 .debug_line    0x0000000000005c14      0x12a /usr/lib/gcc/arm-none-eabi/4.9.3/../../../arm-none-eabi/lib/libc.a(lib_a-s_fpclassify.o)
 .debug_line    0x0000000000005d3e       0xf6 /usr/lib/gcc/arm-none-eabi/4.9.3/../../../arm-none-eabi/lib/libc.a(lib_a-sccl.o)
 .debug_line    0x0000000000005e34       0xaf /usr/lib/gcc/arm-none-eabi/4.9.3/../../../arm-none-eabi/lib/libc.a(lib_a-sf_nan.o)
 .debug_line    0x0000000000005ee3      0x1b2 /usr/lib/gcc/arm-none-eabi/4.9.3/../../../arm-none-eabi/lib/libc.a(lib_a-sprintf.o)
 .debug_line    0x0000000000006095       0xf9 /usr/lib/gcc/arm-none-eabi/4.9.3/../../../arm-none-eabi/lib/libc.a(lib_a-strcmp.o)
 .debug_line    0x000000000000618e      0x656 /usr/lib/gcc/arm-none-eabi/4.9.3/../../../arm-none-eabi/lib/libc.a(lib_a-strtod.o)
 .debug_line    0x00000000000067e4      0x1d2 /usr/lib/gcc/arm-none-eabi/4.9.3/../../../arm-none-eabi/lib/libc.a(lib_a-strtol.o)
 .debug_line    0x00000000000069b6      0x1cd /usr/lib/gcc/arm-none-eabi/4.9.3/../../../arm-none-eabi/lib/libc.a(lib_a-strtoll_r.o)
 .debug_line    0x0000000000006b83      0x1bb /usr/lib/gcc/arm-none-eabi/4.9.3/../../../arm-none-eabi/lib/libc.a(lib_a-strtoul.o)
 .debug_line    0x0000000000006d3e      0x1b1 /usr/lib/gcc/arm-none-eabi/4.9.3/../../../arm-none-eabi/lib/libc.a(lib_a-strtoull_r.o)
 .debug_line    0x0000000000006eef      0x645 /usr/lib/gcc/arm-none-eabi/4.9.3/../../../arm-none-eabi/lib/libc.a(lib_a-svfiscanf.o)
 .debug_line    0x0000000000007534      0x946 /usr/lib/gcc/arm-none-eabi/4.9.3/../../../arm-none-eabi/lib/libc.a(lib_a-svfprintf.o)
 .debug_line    0x0000000000007e7a      0x22d /usr/lib/gcc/arm-none-eabi/4.9.3/../../../arm-none-eabi/lib/libc.a(lib_a-ungetc.o)
 .debug_line    0x00000000000080a7      0x74c /usr/lib/gcc/arm-none-eabi/4.9.3/../../../arm-none-eabi/lib/libc.a(lib_a-vfiprintf.o)
 .debug_line    0x00000000000087f3      0x12d /usr/lib/gcc/arm-none-eabi/4.9.3/../../../arm-none-eabi/lib/libc.a(lib_a-callocr.o)
 .debug_line    0x0000000000008920      0x1e9 /usr/lib/gcc/arm-none-eabi/4.9.3/../../../arm-none-eabi/lib/libc.a(lib_a-fputwc.o)
 .debug_line    0x0000000000008b09      0x179 /usr/lib/gcc/arm-none-eabi/4.9.3/../../../arm-none-eabi/lib/libc.a(lib_a-fstatr.o)
 .debug_line    0x0000000000008c82      0x2a8 /usr/lib/gcc/arm-none-eabi/4.9.3/../../../arm-none-eabi/lib/libc.a(lib_a-fvwrite.o)
 .debug_line    0x0000000000008f2a      0x385 /usr/lib/gcc/arm-none-eabi/4.9.3/../../../arm-none-eabi/lib/libc.a(lib_a-gdtoa-gethex.o)
 .debug_line    0x00000000000092af      0x164 /usr/lib/gcc/arm-none-eabi/4.9.3/../../../arm-none-eabi/lib/libc.a(lib_a-gdtoa-hexnan.o)
 .debug_line    0x0000000000009413      0x165 /usr/lib/gcc/arm-none-eabi/4.9.3/../../../arm-none-eabi/lib/libc.a(lib_a-isattyr.o)
 .debug_line    0x0000000000009578      0x127 /usr/lib/gcc/arm-none-eabi/4.9.3/../../../arm-none-eabi/lib/libc.a(lib_a-memmove.o)
 .debug_line    0x000000000000969f      0x258 /usr/lib/gcc/arm-none-eabi/4.9.3/../../../arm-none-eabi/lib/libc.a(lib_a-reallocr.o)
 .debug_line    0x00000000000098f7      0x13e /usr/lib/gcc/arm-none-eabi/4.9.3/../../../arm-none-eabi/lib/libc.a(lib_a-strncmp.o)
 .debug_line    0x0000000000009a35      0x664 /usr/lib/gcc/arm-none-eabi/4.9.3/../../../arm-none-eabi/lib/libc.a(lib_a-svfiprintf.o)
 .debug_line    0x000000000000a099      0x1cd /usr/lib/gcc/arm-none-eabi/4.9.3/../../../arm-none-eabi/lib/libc.a(lib_a-wbuf.o)
 .debug_line    0x000000000000a266      0x19a /usr/lib/gcc/arm-none-eabi/4.9.3/../../../arm-none-eabi/lib/libc.a(lib_a-wcrtomb.o)
 .debug_line    0x000000000000a400      0x189 /usr/lib/gcc/arm-none-eabi/4.9.3/../../../arm-none-eabi/lib/libc.a(lib_a-wctomb_r.o)
 .debug_line    0x000000000000a589       0x78 /usr/lib/gcc/arm-none-eabi/4.9.3/libgcc.a(_udivsi3.o)
 .debug_line    0x000000000000a601       0x84 /usr/lib/gcc/arm-none-eabi/4.9.3/libgcc.a(_divsi3.o)
 .debug_line    0x000000000000a685       0x5b /usr/lib/gcc/arm-none-eabi/4.9.3/libgcc.a(_dvmd_tls.o)
 .debug_line    0x000000000000a6e0      0x17a /usr/lib/gcc/arm-none-eabi/4.9.3/libgcc.a(_arm_muldivdf3.o)
 .debug_line    0x000000000000a85a       0xa8 /usr/lib/gcc/arm-none-eabi/4.9.3/libgcc.a(_arm_cmpdf2.o)
 .debug_line    0x000000000000a902       0x72 /usr/lib/gcc/arm-none-eabi/4.9.3/libgcc.a(_arm_fixdfsi.o)
 .debug_line    0x000000000000a974       0x70 /usr/lib/gcc/arm-none-eabi/4.9.3/libgcc.a(_arm_fixunsdfsi.o)
 .debug_line    0x000000000000a9e4       0x83 /usr/lib/gcc/arm-none-eabi/4.9.3/libgcc.a(_arm_truncdfsf2.o)
 .debug_line    0x000000000000aa67       0x5e /usr/lib/gcc/arm-none-eabi/4.9.3/libgcc.a(_aeabi_uldivmod.o)
 .debug_line    0x000000000000aac5       0x5f /usr/lib/gcc/arm-none-eabi/4.9.3/libgcc.a(bpabi.o)
 .debug_line    0x000000000000ab24       0x98 /usr/lib/gcc/arm-none-eabi/4.9.3/libgcc.a(_divdi3.o)
 .debug_line    0x000000000000abbc       0x92 /usr/lib/gcc/arm-none-eabi/4.9.3/libgcc.a(_udivdi3.o)
 .debug_line    0x000000000000ac4e       0x65 /usr/lib/gcc/arm-none-eabi/4.9.3/libgcc.a(_clzdi2.o)
 .debug_line    0x000000000000acb3       0x68 /usr/lib/gcc/arm-none-eabi/4.9.3/libgcc.a(_clzsi2.o)

.debug_info     0x0000000000000000    0x2ae23
 .debug_info    0x0000000000000000       0x9d /usr/lib/gcc/arm-none-eabi/4.9.3/../../../arm-none-eabi/lib/rdimon-crt0.o
 .debug_info    0x000000000000009d      0x10a /usr/lib/gcc/arm-none-eabi/4.9.3/../../../arm-none-eabi/lib/libc.a(lib_a-atexit.o)
 .debug_info    0x00000000000001a7      0x8e4 /usr/lib/gcc/arm-none-eabi/4.9.3/../../../arm-none-eabi/lib/libc.a(lib_a-exit.o)
 .debug_info    0x0000000000000a8b       0xef /usr/lib/gcc/arm-none-eabi/4.9.3/../../../arm-none-eabi/lib/libc.a(lib_a-fini.o)
 .debug_info    0x0000000000000b7a      0x894 /usr/lib/gcc/arm-none-eabi/4.9.3/../../../arm-none-eabi/lib/libc.a(lib_a-impure.o)
 .debug_info    0x000000000000140e      0x105 /usr/lib/gcc/arm-none-eabi/4.9.3/../../../arm-none-eabi/lib/libc.a(lib_a-init.o)
 .debug_info    0x0000000000001513      0x117 /usr/lib/gcc/arm-none-eabi/4.9.3/../../../arm-none-eabi/lib/libc.a(lib_a-memset.o)
 .debug_info    0x000000000000162a      0x934 /usr/lib/gcc/arm-none-eabi/4.9.3/../../../arm-none-eabi/lib/libc.a(lib_a-__atexit.o)
 .debug_info    0x0000000000001f5e      0x9a9 /usr/lib/gcc/arm-none-eabi/4.9.3/../../../arm-none-eabi/lib/libc.a(lib_a-__call_atexit.o)
 .debug_info    0x0000000000002907     0x1ebe /usr/lib/gcc/arm-none-eabi/4.9.3/../../../arm-none-eabi/lib/librdimon.a(rdimon-syscalls.o)
 .debug_info    0x00000000000047c5       0x7f /usr/lib/gcc/arm-none-eabi/4.9.3/../../../arm-none-eabi/lib/librdimon.a(rdimon-_exit.o)
 .debug_info    0x0000000000004844      0x142 /usr/lib/gcc/arm-none-eabi/4.9.3/../../../arm-none-eabi/lib/librdimon.a(rdimon-_kill.o)
 .debug_info    0x0000000000004986      0x889 /usr/lib/gcc/arm-none-eabi/4.9.3/../../../arm-none-eabi/lib/libc.a(lib_a-errno.o)
 .debug_info    0x000000000000520f      0xdc8 /usr/lib/gcc/arm-none-eabi/4.9.3/../../../arm-none-eabi/lib/libc.a(lib_a-findfp.o)
 .debug_info    0x0000000000005fd7      0x99e /usr/lib/gcc/arm-none-eabi/4.9.3/../../../arm-none-eabi/lib/libc.a(lib_a-fwalk.o)
 .debug_info    0x0000000000006975      0xd72 /usr/lib/gcc/arm-none-eabi/4.9.3/../../../arm-none-eabi/lib/libc.a(lib_a-mallocr.o)
 .debug_info    0x00000000000076e7      0x8b4 /usr/lib/gcc/arm-none-eabi/4.9.3/../../../arm-none-eabi/lib/libc.a(lib_a-mlock.o)
 .debug_info    0x0000000000007f9b      0x8f4 /usr/lib/gcc/arm-none-eabi/4.9.3/../../../arm-none-eabi/lib/libc.a(lib_a-sbrkr.o)
 .debug_info    0x000000000000888f      0xb89 /usr/lib/gcc/arm-none-eabi/4.9.3/../../../arm-none-eabi/lib/libc.a(lib_a-stdio.o)
 .debug_info    0x0000000000009418       0xb5 /usr/lib/gcc/arm-none-eabi/4.9.3/../../../arm-none-eabi/lib/libc.a(lib_a-strlen.o)
 .debug_info    0x00000000000094cd      0x929 /usr/lib/gcc/arm-none-eabi/4.9.3/../../../arm-none-eabi/lib/libc.a(lib_a-writer.o)
 .debug_info    0x0000000000009df6      0x8e0 /usr/lib/gcc/arm-none-eabi/4.9.3/../../../arm-none-eabi/lib/libc.a(lib_a-closer.o)
 .debug_info    0x000000000000a6d6      0xa28 /usr/lib/gcc/arm-none-eabi/4.9.3/../../../arm-none-eabi/lib/libc.a(lib_a-fclose.o)
 .debug_info    0x000000000000b0fe      0xaba /usr/lib/gcc/arm-none-eabi/4.9.3/../../../arm-none-eabi/lib/libc.a(lib_a-fflush.o)
 .debug_info    0x000000000000bbb8      0xc1a /usr/lib/gcc/arm-none-eabi/4.9.3/../../../arm-none-eabi/lib/libc.a(lib_a-freer.o)
 .debug_info    0x000000000000c7d2      0x90c /usr/lib/gcc/arm-none-eabi/4.9.3/../../../arm-none-eabi/lib/libc.a(lib_a-lseekr.o)
 .debug_info    0x000000000000d0de      0x922 /usr/lib/gcc/arm-none-eabi/4.9.3/../../../arm-none-eabi/lib/libc.a(lib_a-readr.o)
 .debug_info    0x000000000000da00      0x9f9 /usr/lib/gcc/arm-none-eabi/4.9.3/../../../arm-none-eabi/lib/libc.a(lib_a-reent.o)
 .debug_info    0x000000000000e3f9       0xaf /usr/lib/gcc/arm-none-eabi/4.9.3/libgcc.a(_arm_addsubdf3.o)
 .debug_info    0x000000000000e4a8      0x9ab /usr/lib/gcc/arm-none-eabi/4.9.3/../../../arm-none-eabi/lib/libc.a(lib_a-printf.o)
 .debug_info    0x000000000000ee53      0xa37 /usr/lib/gcc/arm-none-eabi/4.9.3/../../../arm-none-eabi/lib/libc.a(lib_a-sscanf.o)
 .debug_info    0x000000000000f88a     0x144d /usr/lib/gcc/arm-none-eabi/4.9.3/../../../arm-none-eabi/lib/libc.a(lib_a-svfscanf.o)
 .debug_info    0x0000000000010cd7     0x18db /usr/lib/gcc/arm-none-eabi/4.9.3/../../../arm-none-eabi/lib/libc.a(lib_a-vfprintf.o)
 .debug_info    0x00000000000125b2      0x93b /usr/lib/gcc/arm-none-eabi/4.9.3/../../../arm-none-eabi/lib/libc.a(lib_a-wsetup.o)
 .debug_info    0x0000000000012eed       0x6f /usr/lib/gcc/arm-none-eabi/4.9.3/../../../arm-none-eabi/lib/libc.a(lib_a-ctype_.o)
 .debug_info    0x0000000000012f5c     0x1360 /usr/lib/gcc/arm-none-eabi/4.9.3/../../../arm-none-eabi/lib/libc.a(lib_a-dtoa.o)
 .debug_info    0x00000000000142bc       0xc3 /usr/lib/gcc/arm-none-eabi/4.9.3/../../../arm-none-eabi/lib/libc.a(lib_a-iswspace.o)
 .debug_info    0x000000000001437f      0xc24 /usr/lib/gcc/arm-none-eabi/4.9.3/../../../arm-none-eabi/lib/libc.a(lib_a-locale.o)
 .debug_info    0x0000000000014fa3      0xae6 /usr/lib/gcc/arm-none-eabi/4.9.3/../../../arm-none-eabi/lib/libc.a(lib_a-makebuf.o)
 .debug_info    0x0000000000015a89      0xa8d /usr/lib/gcc/arm-none-eabi/4.9.3/../../../arm-none-eabi/lib/libc.a(lib_a-mbrtowc.o)
 .debug_info    0x0000000000016516      0x9f0 /usr/lib/gcc/arm-none-eabi/4.9.3/../../../arm-none-eabi/lib/libc.a(lib_a-mbtowc_r.o)
 .debug_info    0x0000000000016f06      0x129 /usr/lib/gcc/arm-none-eabi/4.9.3/../../../arm-none-eabi/lib/libc.a(lib_a-memchr.o)
 .debug_info    0x000000000001702f      0x131 /usr/lib/gcc/arm-none-eabi/4.9.3/../../../arm-none-eabi/lib/libc.a(lib_a-memcpy.o)
 .debug_info    0x0000000000017160     0x168c /usr/lib/gcc/arm-none-eabi/4.9.3/../../../arm-none-eabi/lib/libc.a(lib_a-mprec.o)
 .debug_info    0x00000000000187ec       0xd3 /usr/lib/gcc/arm-none-eabi/4.9.3/../../../arm-none-eabi/lib/libc.a(lib_a-s_fpclassify.o)
 .debug_info    0x00000000000188bf       0xfb /usr/lib/gcc/arm-none-eabi/4.9.3/../../../arm-none-eabi/lib/libc.a(lib_a-sccl.o)
 .debug_info    0x00000000000189ba       0xce /usr/lib/gcc/arm-none-eabi/4.9.3/../../../arm-none-eabi/lib/libc.a(lib_a-sf_nan.o)
 .debug_info    0x0000000000018a88      0x9ee /usr/lib/gcc/arm-none-eabi/4.9.3/../../../arm-none-eabi/lib/libc.a(lib_a-sprintf.o)
 .debug_info    0x0000000000019476       0xc1 /usr/lib/gcc/arm-none-eabi/4.9.3/../../../arm-none-eabi/lib/libc.a(lib_a-strcmp.o)
 .debug_info    0x0000000000019537     0x1800 /usr/lib/gcc/arm-none-eabi/4.9.3/../../../arm-none-eabi/lib/libc.a(lib_a-strtod.o)
 .debug_info    0x000000000001ad37      0x9a9 /usr/lib/gcc/arm-none-eabi/4.9.3/../../../arm-none-eabi/lib/libc.a(lib_a-strtol.o)
 .debug_info    0x000000000001b6e0      0x939 /usr/lib/gcc/arm-none-eabi/4.9.3/../../../arm-none-eabi/lib/libc.a(lib_a-strtoll_r.o)
 .debug_info    0x000000000001c019      0x9a9 /usr/lib/gcc/arm-none-eabi/4.9.3/../../../arm-none-eabi/lib/libc.a(lib_a-strtoul.o)
 .debug_info    0x000000000001c9c2      0x939 /usr/lib/gcc/arm-none-eabi/4.9.3/../../../arm-none-eabi/lib/libc.a(lib_a-strtoull_r.o)
 .debug_info    0x000000000001d2fb     0x11d1 /usr/lib/gcc/arm-none-eabi/4.9.3/../../../arm-none-eabi/lib/libc.a(lib_a-svfiscanf.o)
 .debug_info    0x000000000001e4cc     0x1712 /usr/lib/gcc/arm-none-eabi/4.9.3/../../../arm-none-eabi/lib/libc.a(lib_a-svfprintf.o)
 .debug_info    0x000000000001fbde      0xadd /usr/lib/gcc/arm-none-eabi/4.9.3/../../../arm-none-eabi/lib/libc.a(lib_a-ungetc.o)
 .debug_info    0x00000000000206bb     0x153d /usr/lib/gcc/arm-none-eabi/4.9.3/../../../arm-none-eabi/lib/libc.a(lib_a-vfiprintf.o)
 .debug_info    0x0000000000021bf8      0x9e0 /usr/lib/gcc/arm-none-eabi/4.9.3/../../../arm-none-eabi/lib/libc.a(lib_a-callocr.o)
 .debug_info    0x00000000000225d8      0xabb /usr/lib/gcc/arm-none-eabi/4.9.3/../../../arm-none-eabi/lib/libc.a(lib_a-fputwc.o)
 .debug_info    0x0000000000023093      0xa5e /usr/lib/gcc/arm-none-eabi/4.9.3/../../../arm-none-eabi/lib/libc.a(lib_a-fstatr.o)
 .debug_info    0x0000000000023af1      0xc3f /usr/lib/gcc/arm-none-eabi/4.9.3/../../../arm-none-eabi/lib/libc.a(lib_a-fvwrite.o)
 .debug_info    0x0000000000024730     0x10d4 /usr/lib/gcc/arm-none-eabi/4.9.3/../../../arm-none-eabi/lib/libc.a(lib_a-gdtoa-gethex.o)
 .debug_info    0x0000000000025804      0x30a /usr/lib/gcc/arm-none-eabi/4.9.3/../../../arm-none-eabi/lib/libc.a(lib_a-gdtoa-hexnan.o)
 .debug_info    0x0000000000025b0e      0x8e0 /usr/lib/gcc/arm-none-eabi/4.9.3/../../../arm-none-eabi/lib/libc.a(lib_a-isattyr.o)
 .debug_info    0x00000000000263ee      0x131 /usr/lib/gcc/arm-none-eabi/4.9.3/../../../arm-none-eabi/lib/libc.a(lib_a-memmove.o)
 .debug_info    0x000000000002651f      0xcce /usr/lib/gcc/arm-none-eabi/4.9.3/../../../arm-none-eabi/lib/libc.a(lib_a-reallocr.o)
 .debug_info    0x00000000000271ed       0xf5 /usr/lib/gcc/arm-none-eabi/4.9.3/../../../arm-none-eabi/lib/libc.a(lib_a-strncmp.o)
 .debug_info    0x00000000000272e2     0x1038 /usr/lib/gcc/arm-none-eabi/4.9.3/../../../arm-none-eabi/lib/libc.a(lib_a-svfiprintf.o)
 .debug_info    0x000000000002831a      0x9cc /usr/lib/gcc/arm-none-eabi/4.9.3/../../../arm-none-eabi/lib/libc.a(lib_a-wbuf.o)
 .debug_info    0x0000000000028ce6      0xa77 /usr/lib/gcc/arm-none-eabi/4.9.3/../../../arm-none-eabi/lib/libc.a(lib_a-wcrtomb.o)
 .debug_info    0x000000000002975d      0x9b7 /usr/lib/gcc/arm-none-eabi/4.9.3/../../../arm-none-eabi/lib/libc.a(lib_a-wctomb_r.o)
 .debug_info    0x000000000002a114       0xae /usr/lib/gcc/arm-none-eabi/4.9.3/libgcc.a(_udivsi3.o)
 .debug_info    0x000000000002a1c2       0xae /usr/lib/gcc/arm-none-eabi/4.9.3/libgcc.a(_divsi3.o)
 .debug_info    0x000000000002a270       0xae /usr/lib/gcc/arm-none-eabi/4.9.3/libgcc.a(_dvmd_tls.o)
 .debug_info    0x000000000002a31e       0xaf /usr/lib/gcc/arm-none-eabi/4.9.3/libgcc.a(_arm_muldivdf3.o)
 .debug_info    0x000000000002a3cd       0xaf /usr/lib/gcc/arm-none-eabi/4.9.3/libgcc.a(_arm_cmpdf2.o)
 .debug_info    0x000000000002a47c       0xaf /usr/lib/gcc/arm-none-eabi/4.9.3/libgcc.a(_arm_fixdfsi.o)
 .debug_info    0x000000000002a52b       0xaf /usr/lib/gcc/arm-none-eabi/4.9.3/libgcc.a(_arm_fixunsdfsi.o)
 .debug_info    0x000000000002a5da       0xaf /usr/lib/gcc/arm-none-eabi/4.9.3/libgcc.a(_arm_truncdfsf2.o)
 .debug_info    0x000000000002a689       0xaa /usr/lib/gcc/arm-none-eabi/4.9.3/libgcc.a(_aeabi_uldivmod.o)
 .debug_info    0x000000000002a733      0x164 /usr/lib/gcc/arm-none-eabi/4.9.3/libgcc.a(bpabi.o)
 .debug_info    0x000000000002a897      0x269 /usr/lib/gcc/arm-none-eabi/4.9.3/libgcc.a(_divdi3.o)
 .debug_info    0x000000000002ab00      0x1c7 /usr/lib/gcc/arm-none-eabi/4.9.3/libgcc.a(_udivdi3.o)
 .debug_info    0x000000000002acc7       0xae /usr/lib/gcc/arm-none-eabi/4.9.3/libgcc.a(_clzdi2.o)
 .debug_info    0x000000000002ad75       0xae /usr/lib/gcc/arm-none-eabi/4.9.3/libgcc.a(_clzsi2.o)

.debug_abbrev   0x0000000000000000     0x8d12
 .debug_abbrev  0x0000000000000000       0x14 /usr/lib/gcc/arm-none-eabi/4.9.3/../../../arm-none-eabi/lib/rdimon-crt0.o
 .debug_abbrev  0x0000000000000014       0xb5 /usr/lib/gcc/arm-none-eabi/4.9.3/../../../arm-none-eabi/lib/libc.a(lib_a-atexit.o)
 .debug_abbrev  0x00000000000000c9      0x1e6 /usr/lib/gcc/arm-none-eabi/4.9.3/../../../arm-none-eabi/lib/libc.a(lib_a-exit.o)
 .debug_abbrev  0x00000000000002af       0xba /usr/lib/gcc/arm-none-eabi/4.9.3/../../../arm-none-eabi/lib/libc.a(lib_a-fini.o)
 .debug_abbrev  0x0000000000000369      0x180 /usr/lib/gcc/arm-none-eabi/4.9.3/../../../arm-none-eabi/lib/libc.a(lib_a-impure.o)
 .debug_abbrev  0x00000000000004e9       0xba /usr/lib/gcc/arm-none-eabi/4.9.3/../../../arm-none-eabi/lib/libc.a(lib_a-init.o)
 .debug_abbrev  0x00000000000005a3       0x9f /usr/lib/gcc/arm-none-eabi/4.9.3/../../../arm-none-eabi/lib/libc.a(lib_a-memset.o)
 .debug_abbrev  0x0000000000000642      0x20f /usr/lib/gcc/arm-none-eabi/4.9.3/../../../arm-none-eabi/lib/libc.a(lib_a-__atexit.o)
 .debug_abbrev  0x0000000000000851      0x282 /usr/lib/gcc/arm-none-eabi/4.9.3/../../../arm-none-eabi/lib/libc.a(lib_a-__call_atexit.o)
 .debug_abbrev  0x0000000000000ad3      0x4d8 /usr/lib/gcc/arm-none-eabi/4.9.3/../../../arm-none-eabi/lib/librdimon.a(rdimon-syscalls.o)
 .debug_abbrev  0x0000000000000fab       0x79 /usr/lib/gcc/arm-none-eabi/4.9.3/../../../arm-none-eabi/lib/librdimon.a(rdimon-_exit.o)
 .debug_abbrev  0x0000000000001024       0xd6 /usr/lib/gcc/arm-none-eabi/4.9.3/../../../arm-none-eabi/lib/librdimon.a(rdimon-_kill.o)
 .debug_abbrev  0x00000000000010fa      0x18f /usr/lib/gcc/arm-none-eabi/4.9.3/../../../arm-none-eabi/lib/libc.a(lib_a-errno.o)
 .debug_abbrev  0x0000000000001289      0x36a /usr/lib/gcc/arm-none-eabi/4.9.3/../../../arm-none-eabi/lib/libc.a(lib_a-findfp.o)
 .debug_abbrev  0x00000000000015f3      0x1c2 /usr/lib/gcc/arm-none-eabi/4.9.3/../../../arm-none-eabi/lib/libc.a(lib_a-fwalk.o)
 .debug_abbrev  0x00000000000017b5      0x2b4 /usr/lib/gcc/arm-none-eabi/4.9.3/../../../arm-none-eabi/lib/libc.a(lib_a-mallocr.o)
 .debug_abbrev  0x0000000000001a69      0x19a /usr/lib/gcc/arm-none-eabi/4.9.3/../../../arm-none-eabi/lib/libc.a(lib_a-mlock.o)
 .debug_abbrev  0x0000000000001c03      0x1fd /usr/lib/gcc/arm-none-eabi/4.9.3/../../../arm-none-eabi/lib/libc.a(lib_a-sbrkr.o)
 .debug_abbrev  0x0000000000001e00      0x22b /usr/lib/gcc/arm-none-eabi/4.9.3/../../../arm-none-eabi/lib/libc.a(lib_a-stdio.o)
 .debug_abbrev  0x000000000000202b       0x70 /usr/lib/gcc/arm-none-eabi/4.9.3/../../../arm-none-eabi/lib/libc.a(lib_a-strlen.o)
 .debug_abbrev  0x000000000000209b      0x1f4 /usr/lib/gcc/arm-none-eabi/4.9.3/../../../arm-none-eabi/lib/libc.a(lib_a-writer.o)
 .debug_abbrev  0x000000000000228f      0x1ef /usr/lib/gcc/arm-none-eabi/4.9.3/../../../arm-none-eabi/lib/libc.a(lib_a-closer.o)
 .debug_abbrev  0x000000000000247e      0x2aa /usr/lib/gcc/arm-none-eabi/4.9.3/../../../arm-none-eabi/lib/libc.a(lib_a-fclose.o)
 .debug_abbrev  0x0000000000002728      0x2ab /usr/lib/gcc/arm-none-eabi/4.9.3/../../../arm-none-eabi/lib/libc.a(lib_a-fflush.o)
 .debug_abbrev  0x00000000000029d3      0x26b /usr/lib/gcc/arm-none-eabi/4.9.3/../../../arm-none-eabi/lib/libc.a(lib_a-freer.o)
 .debug_abbrev  0x0000000000002c3e      0x1fe /usr/lib/gcc/arm-none-eabi/4.9.3/../../../arm-none-eabi/lib/libc.a(lib_a-lseekr.o)
 .debug_abbrev  0x0000000000002e3c      0x1ef /usr/lib/gcc/arm-none-eabi/4.9.3/../../../arm-none-eabi/lib/libc.a(lib_a-readr.o)
 .debug_abbrev  0x000000000000302b      0x25c /usr/lib/gcc/arm-none-eabi/4.9.3/../../../arm-none-eabi/lib/libc.a(lib_a-reent.o)
 .debug_abbrev  0x0000000000003287       0x14 /usr/lib/gcc/arm-none-eabi/4.9.3/libgcc.a(_arm_addsubdf3.o)
 .debug_abbrev  0x000000000000329b      0x227 /usr/lib/gcc/arm-none-eabi/4.9.3/../../../arm-none-eabi/lib/libc.a(lib_a-printf.o)
 .debug_abbrev  0x00000000000034c2      0x225 /usr/lib/gcc/arm-none-eabi/4.9.3/../../../arm-none-eabi/lib/libc.a(lib_a-sscanf.o)
 .debug_abbrev  0x00000000000036e7      0x2c8 /usr/lib/gcc/arm-none-eabi/4.9.3/../../../arm-none-eabi/lib/libc.a(lib_a-svfscanf.o)
 .debug_abbrev  0x00000000000039af      0x3e0 /usr/lib/gcc/arm-none-eabi/4.9.3/../../../arm-none-eabi/lib/libc.a(lib_a-vfprintf.o)
 .debug_abbrev  0x0000000000003d8f      0x20b /usr/lib/gcc/arm-none-eabi/4.9.3/../../../arm-none-eabi/lib/libc.a(lib_a-wsetup.o)